Flutter crash report.
Please report a bug at https://github.com/flutter/flutter/issues.

## command

flutter run -d chrome

## exception

PathAccessException: PathAccessException: Cannot delete file, path = 'C:\Windows\System32\devcare\build\954b4c16bbe9295243f1121d38646793\dart_build_result.json' (OS Error: Accès refusé, errno = 5)

```
#0      _File.throwIfError (dart:io/file_impl.dart:779:7)
#1      _File._deleteSync (dart:io/file_impl.dart:364:5)
#2      FileSystemEntity.deleteSync (dart:io/file_system_entity.dart:425:7)
#3      ForwardingFileSystemEntity.deleteSync (package:file/src/forwarding/forwarding_file_system_entity.dart:70:16)
#4      ForwardingFileSystemEntity.deleteSync (package:file/src/forwarding/forwarding_file_system_entity.dart:70:16)
#5      ErrorHandlingFileSystem.deleteIfExists (package:flutter_tools/src/base/error_handling_io.dart:90:14)
#6      FlutterBuildSystem.trackSharedBuildDirectory (package:flutter_tools/src/build_system/build_system.dart:839:33)
#7      FlutterBuildSystem.build (package:flutter_tools/src/build_system/build_system.dart:713:5)
<asynchronous suspension>
#8      FlutterHookRunnerNative.runHooks (package:flutter_tools/src/build_system/targets/hook_runner_native.dart:45:35)
<asynchronous suspension>
#9      ResidentWebRunner._updateDevFS (package:flutter_tools/src/isolated/resident_web_runner.dart:778:28)
<asynchronous suspension>
#10     ResidentWebRunner.run.<anonymous closure> (package:flutter_tools/src/isolated/resident_web_runner.dart:334:41)
<asynchronous suspension>
#11     asyncGuard.<anonymous closure> (package:flutter_tools/src/base/async_guard.dart:108:24)
<asynchronous suspension>
```

## flutter doctor

```
[32m[✓][39m Flutter (Channel stable, 3.41.2, on Microsoft Windows [version 10.0.26200.8117], locale fr-FR) [713ms]
    [32m•[39m Flutter version 3.41.2 on channel stable at C:\flutter_windows_3.41.2-stable\flutter
    [32m•[39m Upstream repository https://github.com/flutter/flutter.git
    [32m•[39m Framework revision 90673a4eef (8 weeks ago), 2026-02-18 13:54:59 -0800
    [32m•[39m Engine revision 6c0baaebf7
    [32m•[39m Dart version 3.11.0
    [32m•[39m DevTools version 2.54.1
    [32m•[39m Feature flags: enable-web, enable-linux-desktop, enable-macos-desktop, enable-windows-desktop, enable-android,
      enable-ios, cli-animations, enable-native-assets, omit-legacy-version-file, enable-lldb-debugging,
      enable-uiscene-migration

[32m[✓][39m Windows Version (11 Professionnel 64-bit, 25H2, 2009) [2,1s]

[32m[✓][39m Android toolchain - develop for Android devices (Android SDK version 36.1.0) [5,5s]
    [32m•[39m Android SDK at C:\Users\Lenovo\AppData\Local\Android\sdk
    [32m•[39m Emulator version 36.3.10.0 (build_id 14472402) (CL:N/A)
    [32m•[39m Platform android-36, build-tools 36.1.0
    [32m•[39m Java binary at: C:\Program Files\Android\Android Studio\jbr\bin\java
      This is the JDK bundled with the latest Android Studio installation on this machine.
      To manually set the JDK path, use: `flutter config --jdk-dir="path/to/jdk"`.
    [32m•[39m Java version OpenJDK Runtime Environment (build 21.0.8+-14196175-b1038.72)
    [32m•[39m All Android licenses accepted.

[32m[✓][39m Chrome - develop for the web [43ms]
    [32m•[39m Chrome at C:\Program Files\Google\Chrome\Application\chrome.exe

[31m[✗][39m Visual Studio - develop Windows apps [28ms]
    [31m✗[39m Visual Studio not installed; this is necessary to develop Windows apps.
      Download at https://visualstudio.microsoft.com/downloads/.
      Please install the "Desktop development with C++" workload, including all of its default components

[32m[✓][39m Connected device (3 available) [311ms]
    [32m•[39m Windows (desktop) • windows • windows-x64    • Microsoft Windows [version 10.0.26200.8117]
    [32m•[39m Chrome (web)      • chrome  • web-javascript • Google Chrome 137.0.7151.120
    [32m•[39m Edge (web)        • edge    • web-javascript • Microsoft Edge 146.0.3856.109

[32m[✓][39m Network resources [6,3s]
    [32m•[39m All expected network resources are available.

[33m![39m Doctor found issues in 1 category.
```
