#
# There is insufficient memory for the Java Runtime Environment to continue.
# Native memory allocation (malloc) failed to allocate 1814736 bytes for Chunk::new
# Possible reasons:
#   The system is out of physical RAM or swap space
#   The process is running with CompressedOops enabled, and the Java Heap may be blocking the growth of the native heap
# Possible solutions:
#   Reduce memory load on the system
#   Increase physical memory or swap space
#   Check if swap backing store is full
#   Decrease Java heap size (-Xmx/-Xms)
#   Decrease number of Java threads
#   Decrease Java thread stack sizes (-Xss)
#   Set larger code cache with -XX:ReservedCodeCacheSize=
#   JVM is running with Zero Based Compressed Oops mode in which the Java heap is
#     placed in the first 32GB address space. The Java Heap base address is the
#     maximum limit for the native heap growth. Please use -XX:HeapBaseMinAddress
#     to set the Java Heap base and to place the Java Heap above 32GB virtual address.
# This output file may be truncated or incomplete.
#
#  Out of Memory Error (arena.cpp:189), pid=6304, tid=15104
#
# JRE version: Java(TM) SE Runtime Environment (17.0.12+8) (build 17.0.12+8-LTS-286)
# Java VM: Java HotSpot(TM) 64-Bit Server VM (17.0.12+8-LTS-286, mixed mode, sharing, tiered, compressed oops, compressed class ptrs, g1 gc, windows-amd64)
# No core dump will be written. Minidumps are not enabled by default on client versions of Windows
#

---------------  S U M M A R Y ------------

Command Line: --add-opens=java.base/java.lang=ALL-UNNAMED --add-opens=java.base/java.lang.invoke=ALL-UNNAMED --add-opens=java.base/java.util=ALL-UNNAMED --add-opens=java.prefs/java.util.prefs=ALL-UNNAMED --add-exports=jdk.compiler/com.sun.tools.javac.api=ALL-UNNAMED --add-exports=jdk.compiler/com.sun.tools.javac.util=ALL-UNNAMED --add-opens=java.base/java.util=ALL-UNNAMED --add-opens=java.prefs/java.util.prefs=ALL-UNNAMED --add-opens=java.base/java.nio.charset=ALL-UNNAMED --add-opens=java.base/java.net=ALL-UNNAMED --add-opens=java.base/java.util.concurrent.atomic=ALL-UNNAMED --add-opens=java.xml/javax.xml.namespace=ALL-UNNAMED -XX:MaxMetaspaceSize=4G -XX:ReservedCodeCacheSize=512m -XX:+HeapDumpOnOutOfMemoryError -Xmx8G -Dfile.encoding=UTF-8 -Duser.country=FR -Duser.language=fr -Duser.variant -javaagent:C:\Users\Lenovo\.gradle\wrapper\dists\gradle-8.14-all\c2qonpi39x1mddn7hk5gh9iqj\gradle-8.14\lib\agents\gradle-instrumentation-agent-8.14.jar org.gradle.launcher.daemon.bootstrap.GradleDaemon 8.14

Host: Intel(R) Core(TM) i7-8550U CPU @ 1.80GHz, 8 cores, 7G,  Windows 11 , 64 bit Build 26100 (10.0.26100.8115)
Time: Wed Apr 15 23:06:37 2026 Maroc (heure d64 bit Build 26100 (10.0.26100.8115) elapsed time: 84.983158 seconds (0d 0h 1m 24s)

---------------  T H R E A D  ---------------

Current thread (0x000001159022ebd0):  JavaThread "C2 CompilerThread1" daemon [_thread_in_native, id=15104, stack(0x0000000c84b00000,0x0000000c84c00000)]


Current CompileTask:
C2:  84983 16520       4       org.gradle.internal.reflect.annotations.impl.DefaultTypeAnnotationMetadataStore$HasAnnotationMetadataBuilder::resolveAnnotations (142 bytes)

Stack: [0x0000000c84b00000,0x0000000c84c00000]
Native frames: (J=compiled Java code, j=interpreted, Vv=VM code, C=native code)
V  [jvm.dll+0x67a04a]
V  [jvm.dll+0x7da4ed]
V  [jvm.dll+0x7dbe33]
V  [jvm.dll+0x7dc4a3]
V  [jvm.dll+0x24508f]
V  [jvm.dll+0xab773]
V  [jvm.dll+0xabd3c]
V  [jvm.dll+0x361b9f]
V  [jvm.dll+0x32c431]
V  [jvm.dll+0x32b8ca]
V  [jvm.dll+0x21683f]
V  [jvm.dll+0x215c6f]
V  [jvm.dll+0x1a2960]
V  [jvm.dll+0x22610b]
V  [jvm.dll+0x2242ab]
V  [jvm.dll+0x79075c]
V  [jvm.dll+0x78abea]
V  [jvm.dll+0x678f35]
C  [ucrtbase.dll+0x37b0]
C  [KERNEL32.DLL+0x2e8d7]
C  [ntdll.dll+0x8c3fc]


---------------  P R O C E S S  ---------------

Threads class SMR info:
_java_thread_list=0x000001158e0960c0, length=138, elements={
0x00000115090b8be0, 0x00000115461a7ac0, 0x00000115461a9100, 0x00000115461bab10,
0x00000115461bb3e0, 0x00000115461bf840, 0x00000115461c0c80, 0x00000115461c3010,
0x00000115461c7a40, 0x00000115461c8350, 0x0000011546192790, 0x0000011546c0b940,
0x000001158db92990, 0x000001158c0a2810, 0x000001158d305810, 0x000001158c401d20,
0x0000011546c07420, 0x000001158d1e47e0, 0x000001158d1e3dc0, 0x000001158d1e5710,
0x000001158d1e6b50, 0x000001158d1e4cf0, 0x000001158d1e5200, 0x000001158d1e6130,
0x000001158d1e7570, 0x000001158d1e7060, 0x000001158d1e42d0, 0x0000011590ed3230,
0x0000011590ed2d20, 0x0000011590ed64d0, 0x0000011590ed55a0, 0x0000011590ed69e0,
0x0000011590ed5fc0, 0x0000011590ed7400, 0x0000011590ed5090, 0x0000011590ed7e20,
0x0000011590ed9260, 0x0000011590ed9770, 0x0000011590ed9c80, 0x0000011590eda6a0,
0x000001158eca84f0, 0x000001158ecab280, 0x000001158eca9e40, 0x000001158eca9930,
0x000001158ecaa860, 0x000001158eca7fe0, 0x000001158ecaa350, 0x000001158ecac1b0,
0x000001158ecaad70, 0x000001158eca8f10, 0x000001158eca9420, 0x000001158ecab790,
0x000001158eca8a00, 0x000001158ecad5f0, 0x000001158ecadb00, 0x000001158ecaef40,
0x000001158ecac6c0, 0x000001158ecaf960, 0x000001158ecae010, 0x000001158ecaea30,
0x000001158ecaf450, 0x000001158ecacbd0, 0x000001158ecad0e0, 0x000001159209ee80,
0x000001159209df50, 0x000001159209bbe0, 0x000001159209d530, 0x000001159209c0f0,
0x000001159209c600, 0x000001159209cb10, 0x0000011590077f10, 0x0000011590079350,
0x000001159007a280, 0x0000011590077a00, 0x000001159007a790, 0x0000011590078420,
0x000001159007aca0, 0x000001159007b1b0, 0x0000011590079860, 0x000001159007bbd0,
0x000001159007b6c0, 0x0000011590079d70, 0x000001159007c0e0, 0x0000011590078930,
0x000001159007c5f0, 0x0000011590078e40, 0x000001159007df40, 0x000001159007cb00,
0x000001159007e450, 0x000001159007d010, 0x000001159007d520, 0x000001159007da30,
0x000001159007e960, 0x000001159007ee70, 0x000001159007f380, 0x000001159350c380,
0x000001159350b450, 0x000001159350af40, 0x000001159350aa30, 0x000001159350be70,
0x000001159350dcd0, 0x000001159350c890, 0x000001159350a520, 0x000001159350cda0,
0x000001159350e1e0, 0x000001159350fb30, 0x000001159350e6f0, 0x000001159350d2b0,
0x000001159350ec00, 0x0000011593510550, 0x000001159350f110, 0x0000011593510040,
0x0000011593510a60, 0x0000011593510f70, 0x000001159350d7c0, 0x0000011593511480,
0x0000011593511990, 0x0000011593511ea0, 0x0000011590156810, 0x0000011590159ab0,
0x0000011590158b80, 0x0000011590159090, 0x00000115901595a0, 0x0000011590157c50,
0x000001159371cac0, 0x000001159371b680, 0x000001159371ac60, 0x000001159371bb90,
0x000001159371a240, 0x000001159371b170, 0x000001159371c0a0, 0x000001159371a750,
0x000001159371c5b0, 0x0000011593719310, 0x0000011593719820, 0x000001159371e410,
0x000001159022ebd0, 0x0000011590232b90
}

Java Threads: ( => current thread )
  0x00000115090b8be0 JavaThread "main" [_thread_blocked, id=11652, stack(0x0000000c84e00000,0x0000000c84f00000)]
  0x00000115461a7ac0 JavaThread "Reference Handler" daemon [_thread_blocked, id=6548, stack(0x0000000c85500000,0x0000000c85600000)]
  0x00000115461a9100 JavaThread "Finalizer" daemon [_thread_blocked, id=1900, stack(0x0000000c85600000,0x0000000c85700000)]
  0x00000115461bab10 JavaThread "Signal Dispatcher" daemon [_thread_blocked, id=11892, stack(0x0000000c85700000,0x0000000c85800000)]
  0x00000115461bb3e0 JavaThread "Attach Listener" daemon [_thread_blocked, id=12688, stack(0x0000000c85800000,0x0000000c85900000)]
  0x00000115461bf840 JavaThread "Service Thread" daemon [_thread_blocked, id=16220, stack(0x0000000c85900000,0x0000000c85a00000)]
  0x00000115461c0c80 JavaThread "Monitor Deflation Thread" daemon [_thread_blocked, id=4784, stack(0x0000000c85a00000,0x0000000c85b00000)]
  0x00000115461c3010 JavaThread "C2 CompilerThread0" daemon [_thread_in_native, id=2932, stack(0x0000000c85b00000,0x0000000c85c00000)]
  0x00000115461c7a40 JavaThread "C1 CompilerThread0" daemon [_thread_blocked, id=8876, stack(0x0000000c85c00000,0x0000000c85d00000)]
  0x00000115461c8350 JavaThread "Sweeper thread" daemon [_thread_blocked, id=18620, stack(0x0000000c85d00000,0x0000000c85e00000)]
  0x0000011546192790 JavaThread "Common-Cleaner" daemon [_thread_blocked, id=7544, stack(0x0000000c85e00000,0x0000000c85f00000)]
  0x0000011546c0b940 JavaThread "Notification Thread" daemon [_thread_blocked, id=20424, stack(0x0000000c85f00000,0x0000000c86000000)]
  0x000001158db92990 JavaThread "Daemon health stats" [_thread_blocked, id=13260, stack(0x0000000c86400000,0x0000000c86500000)]
  0x000001158c0a2810 JavaThread "Incoming local TCP Connector on port 63905" [_thread_in_native, id=20268, stack(0x0000000c86700000,0x0000000c86800000)]
  0x000001158d305810 JavaThread "Daemon periodic checks" [_thread_blocked, id=19436, stack(0x0000000c86800000,0x0000000c86900000)]
  0x000001158c401d20 JavaThread "Daemon" [_thread_blocked, id=9080, stack(0x0000000c86900000,0x0000000c86a00000)]
  0x0000011546c07420 JavaThread "Handler for socket connection from /127.0.0.1:63905 to /127.0.0.1:63906" [_thread_in_native, id=11188, stack(0x0000000c86a00000,0x0000000c86b00000)]
  0x000001158d1e47e0 JavaThread "Cancel handler" [_thread_blocked, id=16896, stack(0x0000000c86b00000,0x0000000c86c00000)]
  0x000001158d1e3dc0 JavaThread "Daemon worker" [_thread_in_Java, id=9296, stack(0x0000000c86c00000,0x0000000c86d00000)]
  0x000001158d1e5710 JavaThread "Asynchronous log dispatcher for DefaultDaemonConnection: socket connection from /127.0.0.1:63905 to /127.0.0.1:63906" [_thread_blocked, id=16392, stack(0x0000000c86d00000,0x0000000c86e00000)]
  0x000001158d1e6b50 JavaThread "Stdin handler" [_thread_blocked, id=15816, stack(0x0000000c86e00000,0x0000000c86f00000)]
  0x000001158d1e4cf0 JavaThread "Daemon client event forwarder" [_thread_blocked, id=10548, stack(0x0000000c86f00000,0x0000000c87000000)]
  0x000001158d1e5200 JavaThread "Cache worker for journal cache (C:\Users\Lenovo\.gradle\caches\journal-1)" [_thread_blocked, id=13588, stack(0x0000000c87000000,0x0000000c87100000)]
  0x000001158d1e6130 JavaThread "File lock request listener" [_thread_in_native, id=15856, stack(0x0000000c87100000,0x0000000c87200000)]
  0x000001158d1e7570 JavaThread "Cache worker for file hash cache (C:\Users\Lenovo\.gradle\caches\8.14\fileHashes)" [_thread_blocked, id=2864, stack(0x0000000c87200000,0x0000000c87300000)]
  0x000001158d1e7060 JavaThread "Cache worker for file hash cache (C:\Users\Lenovo\Downloads\hackathon\projet-devcare-hackathon\android\.gradle\8.14\fileHashes)" [_thread_blocked, id=13012, stack(0x0000000c87700000,0x0000000c87800000)]
  0x000001158d1e42d0 JavaThread "Cache worker for Build Output Cleanup Cache (C:\Users\Lenovo\Downloads\hackathon\projet-devcare-hackathon\android\.gradle\buildOutputCleanup)" [_thread_blocked, id=13436, stack(0x0000000c87800000,0x0000000c87900000)]
  0x0000011590ed3230 JavaThread "File watcher server" daemon [_thread_in_native, id=2576, stack(0x0000000c87a00000,0x0000000c87b00000)]
  0x0000011590ed2d20 JavaThread "File watcher consumer" daemon [_thread_blocked, id=3376, stack(0x0000000c87b00000,0x0000000c87c00000)]
  0x0000011590ed64d0 JavaThread "jar transforms" [_thread_blocked, id=20364, stack(0x0000000c87500000,0x0000000c87600000)]
  0x0000011590ed55a0 JavaThread "jar transforms Thread 2" [_thread_blocked, id=1816, stack(0x0000000c87600000,0x0000000c87700000)]
  0x0000011590ed69e0 JavaThread "jar transforms Thread 3" [_thread_blocked, id=6940, stack(0x0000000c87c00000,0x0000000c87d00000)]
  0x0000011590ed5fc0 JavaThread "jar transforms Thread 4" [_thread_blocked, id=8136, stack(0x0000000c87f00000,0x0000000c88000000)]
  0x0000011590ed7400 JavaThread "jar transforms Thread 5" [_thread_blocked, id=20348, stack(0x0000000c88000000,0x0000000c88100000)]
  0x0000011590ed5090 JavaThread "Cache worker for checksums cache (C:\Users\Lenovo\Downloads\hackathon\projet-devcare-hackathon\android\.gradle\8.14\checksums)" [_thread_blocked, id=1232, stack(0x0000000c87e00000,0x0000000c87f00000)]
  0x0000011590ed7e20 JavaThread "Cache worker for file content cache (C:\Users\Lenovo\.gradle\caches\8.14\fileContent)" [_thread_blocked, id=14056, stack(0x0000000c88100000,0x0000000c88200000)]
  0x0000011590ed9260 JavaThread "jar transforms Thread 6" [_thread_blocked, id=17928, stack(0x0000000c87d00000,0x0000000c87e00000)]
  0x0000011590ed9770 JavaThread "jar transforms Thread 7" [_thread_blocked, id=6184, stack(0x0000000c88200000,0x0000000c88300000)]
  0x0000011590ed9c80 JavaThread "jar transforms Thread 8" [_thread_blocked, id=16700, stack(0x0000000c88400000,0x0000000c88500000)]
  0x0000011590eda6a0 JavaThread "Cache worker for cache directory md-supplier (C:\Users\Lenovo\.gradle\caches\8.14\md-supplier)" [_thread_blocked, id=19608, stack(0x0000000c88300000,0x0000000c88400000)]
  0x000001158eca84f0 JavaThread "Cache worker for cache directory md-rule (C:\Users\Lenovo\.gradle\caches\8.14\md-rule)" [_thread_blocked, id=9088, stack(0x0000000c88500000,0x0000000c88600000)]
  0x000001158ecab280 JavaThread "Cache worker for Build Output Cleanup Cache (C:\flutter_windows_3.41.2-stable\flutter\packages\flutter_tools\gradle\.gradle\buildOutputCleanup)" [_thread_blocked, id=6556, stack(0x0000000c88700000,0x0000000c88800000)]
  0x000001158eca9e40 JavaThread "Unconstrained build operations" [_thread_blocked, id=564, stack(0x0000000c88900000,0x0000000c88a00000)]
  0x000001158eca9930 JavaThread "Unconstrained build operations Thread 2" [_thread_blocked, id=11524, stack(0x0000000c88a00000,0x0000000c88b00000)]
  0x000001158ecaa860 JavaThread "Unconstrained build operations Thread 3" [_thread_blocked, id=2844, stack(0x0000000c88b00000,0x0000000c88c00000)]
  0x000001158eca7fe0 JavaThread "Unconstrained build operations Thread 4" [_thread_blocked, id=13276, stack(0x0000000c88c00000,0x0000000c88d00000)]
  0x000001158ecaa350 JavaThread "Unconstrained build operations Thread 5" [_thread_blocked, id=5012, stack(0x0000000c88d00000,0x0000000c88e00000)]
  0x000001158ecac1b0 JavaThread "Unconstrained build operations Thread 6" [_thread_blocked, id=10936, stack(0x0000000c88e00000,0x0000000c88f00000)]
  0x000001158ecaad70 JavaThread "Unconstrained build operations Thread 7" [_thread_blocked, id=14872, stack(0x0000000c88f00000,0x0000000c89000000)]
  0x000001158eca8f10 JavaThread "Unconstrained build operations Thread 8" [_thread_blocked, id=20472, stack(0x0000000c89000000,0x0000000c89100000)]
  0x000001158eca9420 JavaThread "Unconstrained build operations Thread 9" [_thread_blocked, id=1284, stack(0x0000000c89100000,0x0000000c89200000)]
  0x000001158ecab790 JavaThread "Unconstrained build operations Thread 10" [_thread_blocked, id=4040, stack(0x0000000c88800000,0x0000000c88900000)]
  0x000001158eca8a00 JavaThread "Unconstrained build operations Thread 11" [_thread_blocked, id=19660, stack(0x0000000c89200000,0x0000000c89300000)]
  0x000001158ecad5f0 JavaThread "Unconstrained build operations Thread 12" [_thread_blocked, id=13572, stack(0x0000000c89300000,0x0000000c89400000)]
  0x000001158ecadb00 JavaThread "Unconstrained build operations Thread 13" [_thread_blocked, id=9056, stack(0x0000000c89400000,0x0000000c89500000)]
  0x000001158ecaef40 JavaThread "Unconstrained build operations Thread 14" [_thread_blocked, id=752, stack(0x0000000c89500000,0x0000000c89600000)]
  0x000001158ecac6c0 JavaThread "Unconstrained build operations Thread 15" [_thread_blocked, id=16284, stack(0x0000000c89600000,0x0000000c89700000)]
  0x000001158ecaf960 JavaThread "Unconstrained build operations Thread 16" [_thread_blocked, id=916, stack(0x0000000c89700000,0x0000000c89800000)]
  0x000001158ecae010 JavaThread "Unconstrained build operations Thread 17" [_thread_blocked, id=376, stack(0x0000000c89800000,0x0000000c89900000)]
  0x000001158ecaea30 JavaThread "Unconstrained build operations Thread 18" [_thread_blocked, id=17820, stack(0x0000000c89900000,0x0000000c89a00000)]
  0x000001158ecaf450 JavaThread "Unconstrained build operations Thread 19" [_thread_blocked, id=11196, stack(0x0000000c89a00000,0x0000000c89b00000)]
  0x000001158ecacbd0 JavaThread "Unconstrained build operations Thread 20" [_thread_blocked, id=11908, stack(0x0000000c89b00000,0x0000000c89c00000)]
  0x000001158ecad0e0 JavaThread "Unconstrained build operations Thread 21" [_thread_blocked, id=5868, stack(0x0000000c89c00000,0x0000000c89d00000)]
  0x000001159209ee80 JavaThread "Memory manager" [_thread_blocked, id=4836, stack(0x0000000c89e00000,0x0000000c89f00000)]
  0x000001159209df50 JavaThread "build event listener" [_thread_blocked, id=7932, stack(0x0000000c89d00000,0x0000000c89e00000)]
  0x000001159209bbe0 JavaThread "included builds" [_thread_blocked, id=8216, stack(0x0000000c8a100000,0x0000000c8a200000)]
  0x000001159209d530 JavaThread "Execution worker" [_thread_blocked, id=14208, stack(0x0000000c8a200000,0x0000000c8a300000)]
  0x000001159209c0f0 JavaThread "Execution worker Thread 2" [_thread_blocked, id=4632, stack(0x0000000c8a300000,0x0000000c8a400000)]
  0x000001159209c600 JavaThread "Execution worker Thread 3" [_thread_blocked, id=15456, stack(0x0000000c8a400000,0x0000000c8a500000)]
  0x000001159209cb10 JavaThread "Execution worker Thread 4" [_thread_blocked, id=11924, stack(0x0000000c8a500000,0x0000000c8a600000)]
  0x0000011590077f10 JavaThread "Execution worker Thread 5" [_thread_blocked, id=9068, stack(0x0000000c8a600000,0x0000000c8a700000)]
  0x0000011590079350 JavaThread "Execution worker Thread 6" [_thread_blocked, id=10772, stack(0x0000000c8a700000,0x0000000c8a800000)]
  0x000001159007a280 JavaThread "Execution worker Thread 7" [_thread_blocked, id=15344, stack(0x0000000c8a800000,0x0000000c8a900000)]
  0x0000011590077a00 JavaThread "Cache worker for execution history cache (C:\flutter_windows_3.41.2-stable\flutter\packages\flutter_tools\gradle\.gradle\8.14\executionHistory)" [_thread_blocked, id=9332, stack(0x0000000c8a900000,0x0000000c8aa00000)]
  0x000001159007a790 JavaThread "Unconstrained build operations Thread 22" [_thread_blocked, id=3624, stack(0x0000000c8aa00000,0x0000000c8ab00000)]
  0x0000011590078420 JavaThread "Unconstrained build operations Thread 23" [_thread_blocked, id=5752, stack(0x0000000c8ab00000,0x0000000c8ac00000)]
  0x000001159007aca0 JavaThread "Unconstrained build operations Thread 24" [_thread_blocked, id=8880, stack(0x0000000c8ac00000,0x0000000c8ad00000)]
  0x000001159007b1b0 JavaThread "Unconstrained build operations Thread 25" [_thread_blocked, id=15760, stack(0x0000000c8ad00000,0x0000000c8ae00000)]
  0x0000011590079860 JavaThread "Unconstrained build operations Thread 26" [_thread_blocked, id=6192, stack(0x0000000c8ae00000,0x0000000c8af00000)]
  0x000001159007bbd0 JavaThread "Unconstrained build operations Thread 27" [_thread_blocked, id=11920, stack(0x0000000c8af00000,0x0000000c8b000000)]
  0x000001159007b6c0 JavaThread "Unconstrained build operations Thread 28" [_thread_blocked, id=2708, stack(0x0000000c8b000000,0x0000000c8b100000)]
  0x0000011590079d70 JavaThread "Unconstrained build operations Thread 29" [_thread_blocked, id=13896, stack(0x0000000c8b100000,0x0000000c8b200000)]
  0x000001159007c0e0 JavaThread "Unconstrained build operations Thread 30" [_thread_blocked, id=14288, stack(0x0000000c8b200000,0x0000000c8b300000)]
  0x0000011590078930 JavaThread "Unconstrained build operations Thread 31" [_thread_blocked, id=5292, stack(0x0000000c8b300000,0x0000000c8b400000)]
  0x000001159007c5f0 JavaThread "Unconstrained build operations Thread 32" [_thread_blocked, id=11160, stack(0x0000000c8b400000,0x0000000c8b500000)]
  0x0000011590078e40 JavaThread "Unconstrained build operations Thread 33" [_thread_blocked, id=14860, stack(0x0000000c8b500000,0x0000000c8b600000)]
  0x000001159007df40 JavaThread "Unconstrained build operations Thread 34" [_thread_blocked, id=12888, stack(0x0000000c8b600000,0x0000000c8b700000)]
  0x000001159007cb00 JavaThread "Unconstrained build operations Thread 35" [_thread_blocked, id=15948, stack(0x0000000c8b700000,0x0000000c8b800000)]
  0x000001159007e450 JavaThread "Unconstrained build operations Thread 36" [_thread_blocked, id=9204, stack(0x0000000c8b800000,0x0000000c8b900000)]
  0x000001159007d010 JavaThread "Unconstrained build operations Thread 37" [_thread_blocked, id=4928, stack(0x0000000c8b900000,0x0000000c8ba00000)]
  0x000001159007d520 JavaThread "Unconstrained build operations Thread 38" [_thread_blocked, id=3360, stack(0x0000000c8ba00000,0x0000000c8bb00000)]
  0x000001159007da30 JavaThread "Unconstrained build operations Thread 39" [_thread_blocked, id=14588, stack(0x0000000c8bb00000,0x0000000c8bc00000)]
  0x000001159007e960 JavaThread "Unconstrained build operations Thread 40" [_thread_blocked, id=11508, stack(0x0000000c8bc00000,0x0000000c8bd00000)]
  0x000001159007ee70 JavaThread "Unconstrained build operations Thread 41" [_thread_blocked, id=20032, stack(0x0000000c8bd00000,0x0000000c8be00000)]
  0x000001159007f380 JavaThread "Unconstrained build operations Thread 42" [_thread_blocked, id=3920, stack(0x0000000c8be00000,0x0000000c8bf00000)]
  0x000001159350c380 JavaThread "Unconstrained build operations Thread 43" [_thread_blocked, id=10140, stack(0x0000000c8bf00000,0x0000000c8c000000)]
  0x000001159350b450 JavaThread "Unconstrained build operations Thread 44" [_thread_blocked, id=16008, stack(0x0000000c8c000000,0x0000000c8c100000)]
  0x000001159350af40 JavaThread "Unconstrained build operations Thread 45" [_thread_blocked, id=7348, stack(0x0000000c8c100000,0x0000000c8c200000)]
  0x000001159350aa30 JavaThread "Unconstrained build operations Thread 46" [_thread_blocked, id=13112, stack(0x0000000c8c200000,0x0000000c8c300000)]
  0x000001159350be70 JavaThread "Unconstrained build operations Thread 47" [_thread_blocked, id=12816, stack(0x0000000c8c300000,0x0000000c8c400000)]
  0x000001159350dcd0 JavaThread "Unconstrained build operations Thread 48" [_thread_blocked, id=8476, stack(0x0000000c8c400000,0x0000000c8c500000)]
  0x000001159350c890 JavaThread "Unconstrained build operations Thread 49" [_thread_blocked, id=8108, stack(0x0000000c8c500000,0x0000000c8c600000)]
  0x000001159350a520 JavaThread "Unconstrained build operations Thread 50" [_thread_blocked, id=12848, stack(0x0000000c8c600000,0x0000000c8c700000)]
  0x000001159350cda0 JavaThread "Unconstrained build operations Thread 51" [_thread_blocked, id=19024, stack(0x0000000c8c700000,0x0000000c8c800000)]
  0x000001159350e1e0 JavaThread "Unconstrained build operations Thread 52" [_thread_blocked, id=17424, stack(0x0000000c8c800000,0x0000000c8c900000)]
  0x000001159350fb30 JavaThread "Unconstrained build operations Thread 53" [_thread_blocked, id=15260, stack(0x0000000c8c900000,0x0000000c8ca00000)]
  0x000001159350e6f0 JavaThread "Unconstrained build operations Thread 54" [_thread_blocked, id=18904, stack(0x0000000c8ca00000,0x0000000c8cb00000)]
  0x000001159350d2b0 JavaThread "Unconstrained build operations Thread 55" [_thread_blocked, id=9648, stack(0x0000000c8cb00000,0x0000000c8cc00000)]
  0x000001159350ec00 JavaThread "Unconstrained build operations Thread 56" [_thread_blocked, id=13428, stack(0x0000000c8cc00000,0x0000000c8cd00000)]
  0x0000011593510550 JavaThread "Unconstrained build operations Thread 57" [_thread_blocked, id=5448, stack(0x0000000c8cd00000,0x0000000c8ce00000)]
  0x000001159350f110 JavaThread "Unconstrained build operations Thread 58" [_thread_blocked, id=16388, stack(0x0000000c8ce00000,0x0000000c8cf00000)]
  0x0000011593510040 JavaThread "Unconstrained build operations Thread 59" [_thread_blocked, id=16760, stack(0x0000000c8cf00000,0x0000000c8d000000)]
  0x0000011593510a60 JavaThread "Unconstrained build operations Thread 60" [_thread_blocked, id=19124, stack(0x0000000c8d000000,0x0000000c8d100000)]
  0x0000011593510f70 JavaThread "Unconstrained build operations Thread 61" [_thread_blocked, id=17400, stack(0x0000000c8d100000,0x0000000c8d200000)]
  0x000001159350d7c0 JavaThread "Unconstrained build operations Thread 62" [_thread_blocked, id=20116, stack(0x0000000c8d200000,0x0000000c8d300000)]
  0x0000011593511480 JavaThread "Unconstrained build operations Thread 63" [_thread_blocked, id=3340, stack(0x0000000c8d300000,0x0000000c8d400000)]
  0x0000011593511990 JavaThread "Unconstrained build operations Thread 64" [_thread_blocked, id=11720, stack(0x0000000c8d400000,0x0000000c8d500000)]
  0x0000011593511ea0 JavaThread "Unconstrained build operations Thread 65" [_thread_blocked, id=6980, stack(0x0000000c8d500000,0x0000000c8d600000)]
  0x0000011590156810 JavaThread "build event listener" [_thread_blocked, id=19248, stack(0x0000000c8a000000,0x0000000c8a100000)]
  0x0000011590159ab0 JavaThread "Unconstrained build operations Thread 66" [_thread_blocked, id=17264, stack(0x0000000c84d00000,0x0000000c84e00000)]
  0x0000011590158b80 JavaThread "Unconstrained build operations Thread 67" [_thread_blocked, id=1316, stack(0x0000000c89f00000,0x0000000c8a000000)]
  0x0000011590159090 JavaThread "Unconstrained build operations Thread 68" [_thread_blocked, id=7512, stack(0x0000000c8d600000,0x0000000c8d700000)]
  0x00000115901595a0 JavaThread "Unconstrained build operations Thread 69" [_thread_blocked, id=14092, stack(0x0000000c8d700000,0x0000000c8d800000)]
  0x0000011590157c50 JavaThread "Unconstrained build operations Thread 70" [_thread_blocked, id=20476, stack(0x0000000c8d800000,0x0000000c8d900000)]
  0x000001159371cac0 JavaThread "Unconstrained build operations Thread 71" [_thread_blocked, id=8072, stack(0x0000000c8d900000,0x0000000c8da00000)]
  0x000001159371b680 JavaThread "Unconstrained build operations Thread 72" [_thread_blocked, id=11140, stack(0x0000000c8da00000,0x0000000c8db00000)]
  0x000001159371ac60 JavaThread "Unconstrained build operations Thread 73" [_thread_blocked, id=16504, stack(0x0000000c8db00000,0x0000000c8dc00000)]
  0x000001159371bb90 JavaThread "Unconstrained build operations Thread 74" [_thread_blocked, id=5356, stack(0x0000000c8dc00000,0x0000000c8dd00000)]
  0x000001159371a240 JavaThread "Unconstrained build operations Thread 75" [_thread_blocked, id=8572, stack(0x0000000c8dd00000,0x0000000c8de00000)]
  0x000001159371b170 JavaThread "Unconstrained build operations Thread 76" [_thread_blocked, id=10236, stack(0x0000000c8de00000,0x0000000c8df00000)]
  0x000001159371c0a0 JavaThread "Unconstrained build operations Thread 77" [_thread_blocked, id=20300, stack(0x0000000c8df00000,0x0000000c8e000000)]
  0x000001159371a750 JavaThread "Unconstrained build operations Thread 78" [_thread_blocked, id=18992, stack(0x0000000c8e000000,0x0000000c8e100000)]
  0x000001159371c5b0 JavaThread "Unconstrained build operations Thread 79" [_thread_blocked, id=12900, stack(0x0000000c8e100000,0x0000000c8e200000)]
  0x0000011593719310 JavaThread "Unconstrained build operations Thread 80" [_thread_blocked, id=15416, stack(0x0000000c8e200000,0x0000000c8e300000)]
  0x0000011593719820 JavaThread "Problems report writer" [_thread_blocked, id=20212, stack(0x0000000c8e300000,0x0000000c8e400000)]
  0x000001159371e410 JavaThread "Cache worker for execution history cache (C:\Users\Lenovo\Downloads\hackathon\projet-devcare-hackathon\android\.gradle\8.14\executionHistory)" [_thread_blocked, id=18584, stack(0x0000000c8e400000,0x0000000c8e500000)]
=>0x000001159022ebd0 JavaThread "C2 CompilerThread1" daemon [_thread_in_native, id=15104, stack(0x0000000c84b00000,0x0000000c84c00000)]
  0x0000011590232b90 JavaThread "C2 CompilerThread2" daemon [_thread_in_native, id=18932, stack(0x0000000c8e500000,0x0000000c8e600000)]

Other Threads:
  0x00000115461a04e0 VMThread "VM Thread" [stack: 0x0000000c85400000,0x0000000c85500000] [id=1868]
  0x0000011546006e70 WatcherThread [stack: 0x0000000c86000000,0x0000000c86100000] [id=6864]
  0x0000011509166290 GCTaskThread "GC Thread#0" [stack: 0x0000000c84f00000,0x0000000c85000000] [id=1692]
  0x0000011546d3b400 GCTaskThread "GC Thread#1" [stack: 0x0000000c86100000,0x0000000c86200000] [id=13032]
  0x0000011546d3b6c0 GCTaskThread "GC Thread#2" [stack: 0x0000000c86200000,0x0000000c86300000] [id=12120]
  0x000001158c214320 GCTaskThread "GC Thread#3" [stack: 0x0000000c86500000,0x0000000c86600000] [id=20388]
  0x000001158d2859c0 GCTaskThread "GC Thread#4" [stack: 0x0000000c86600000,0x0000000c86700000] [id=4032]
  0x000001158d260b60 GCTaskThread "GC Thread#5" [stack: 0x0000000c86300000,0x0000000c86400000] [id=16128]
  0x000001158c671690 GCTaskThread "GC Thread#6" [stack: 0x0000000c87300000,0x0000000c87400000] [id=7188]
  0x0000011546ae0b00 GCTaskThread "GC Thread#7" [stack: 0x0000000c87400000,0x0000000c87500000] [id=10408]
  0x0000011509177dc0 ConcurrentGCThread "G1 Main Marker" [stack: 0x0000000c85000000,0x0000000c85100000] [id=14956]
  0x000001150917ae90 ConcurrentGCThread "G1 Conc#0" [stack: 0x0000000c85100000,0x0000000c85200000] [id=8252]
  0x000001158d051760 ConcurrentGCThread "G1 Conc#1" [stack: 0x0000000c87900000,0x0000000c87a00000] [id=1720]
  0x0000011546057780 ConcurrentGCThread "G1 Refine#0" [stack: 0x0000000c85200000,0x0000000c85300000] [id=2968]
  0x00000115460580c0 ConcurrentGCThread "G1 Service" [stack: 0x0000000c85300000,0x0000000c85400000] [id=19748]

Threads with active compile tasks:
C2 CompilerThread0    85074 16568       4       org.gradle.internal.reflect.annotations.impl.DefaultTypeAnnotationMetadataStore$PropertyAnnotationMetadataBuilder::resolveAnnotations (125 bytes)
C2 CompilerThread1    85074 16520       4       org.gradle.internal.reflect.annotations.impl.DefaultTypeAnnotationMetadataStore$HasAnnotationMetadataBuilder::resolveAnnotations (142 bytes)
C2 CompilerThread2    85074 16567       4       org.gradle.internal.reflect.annotations.impl.DefaultTypeAnnotationMetadataStore$PropertyAnnotationMetadataBuilder::build (20 bytes)

VM state: not at safepoint (normal execution)

VM Mutex/Monitor currently owned by a thread: None

Heap address: 0x0000000600000000, size: 8192 MB, Compressed Oops mode: Zero based, Oop shift amount: 3

CDS archive(s) mapped at: [0x0000011547000000-0x0000011547bd0000-0x0000011547bd0000), size 12386304, SharedBaseAddress: 0x0000011547000000, ArchiveRelocationMode: 1.
Compressed class space mapped at: 0x0000011548000000-0x0000011588000000, reserved size: 1073741824
Narrow klass base: 0x0000011547000000, Narrow klass shift: 0, Narrow klass range: 0x100000000

GC Precious Log:
 CPUs: 8 total, 8 available
 Memory: 8046M
 Large Page Support: Disabled
 NUMA Support: Disabled
 Compressed Oops: Enabled (Zero based)
 Heap Region Size: 4M
 Heap Min Capacity: 8M
 Heap Initial Capacity: 128M
 Heap Max Capacity: 8G
 Pre-touch: Disabled
 Parallel Workers: 8
 Concurrent Workers: 2
 Concurrent Refinement Workers: 8
 Periodic GC: Disabled

Heap:
 garbage-first heap   total 860160K, used 440649K [0x0000000600000000, 0x0000000800000000)
  region size 4096K, 63 young (258048K), 5 survivors (20480K)
 Metaspace       used 112833K, committed 114176K, reserved 1179648K
  class space    used 15783K, committed 16448K, reserved 1048576K

Heap Regions: E=young(eden), S=young(survivor), O=old, HS=humongous(starts), HC=humongous(continues), CS=collection set, F=free, OA=open archive, CA=closed archive, TAMS=top-at-mark-start (previous, next)
|   0|0x0000000600000000, 0x0000000600400000, 0x0000000600400000|100%|HS|  |TAMS 0x0000000600400000, 0x0000000600000000| Complete 
|   1|0x0000000600400000, 0x0000000600800000, 0x0000000600800000|100%| O|  |TAMS 0x0000000600800000, 0x0000000600400000| Untracked 
|   2|0x0000000600800000, 0x0000000600c00000, 0x0000000600c00000|100%| O|  |TAMS 0x0000000600c00000, 0x0000000600800000| Untracked 
|   3|0x0000000600c00000, 0x0000000601000000, 0x0000000601000000|100%| O|  |TAMS 0x0000000601000000, 0x0000000600c00000| Untracked 
|   4|0x0000000601000000, 0x0000000601400000, 0x0000000601400000|100%| O|  |TAMS 0x0000000601400000, 0x0000000601000000| Untracked 
|   5|0x0000000601400000, 0x0000000601800000, 0x0000000601800000|100%| O|  |TAMS 0x0000000601800000, 0x0000000601400000| Untracked 
|   6|0x0000000601800000, 0x0000000601c00000, 0x0000000601c00000|100%| O|  |TAMS 0x0000000601c00000, 0x0000000601800000| Untracked 
|   7|0x0000000601c00000, 0x0000000602000000, 0x0000000602000000|100%| O|  |TAMS 0x0000000602000000, 0x0000000601c00000| Untracked 
|   8|0x0000000602000000, 0x0000000602400000, 0x0000000602400000|100%| O|  |TAMS 0x0000000602400000, 0x0000000602000000| Untracked 
|   9|0x0000000602400000, 0x0000000602800000, 0x0000000602800000|100%| O|  |TAMS 0x0000000602800000, 0x0000000602400000| Untracked 
|  10|0x0000000602800000, 0x0000000602c00000, 0x0000000602c00000|100%| O|  |TAMS 0x0000000602c00000, 0x0000000602800000| Untracked 
|  11|0x0000000602c00000, 0x0000000603000000, 0x0000000603000000|100%|HS|  |TAMS 0x0000000603000000, 0x0000000602c00000| Complete 
|  12|0x0000000603000000, 0x0000000603400000, 0x0000000603400000|100%| O|  |TAMS 0x0000000603283400, 0x0000000603000000| Untracked 
|  13|0x0000000603400000, 0x0000000603800000, 0x0000000603800000|100%| O|  |TAMS 0x0000000603800000, 0x0000000603400000| Untracked 
|  14|0x0000000603800000, 0x0000000603c00000, 0x0000000603c00000|100%| O|  |TAMS 0x0000000603c00000, 0x0000000603800000| Untracked 
|  15|0x0000000603c00000, 0x0000000604000000, 0x0000000604000000|100%|HS|  |TAMS 0x0000000604000000, 0x0000000603c00000| Complete 
|  16|0x0000000604000000, 0x0000000604400000, 0x0000000604400000|100%| O|  |TAMS 0x0000000604000000, 0x0000000604000000| Untracked 
|  17|0x0000000604400000, 0x0000000604800000, 0x0000000604800000|100%| O|  |TAMS 0x0000000604800000, 0x0000000604400000| Untracked 
|  18|0x0000000604800000, 0x0000000604c00000, 0x0000000604c00000|100%| O|  |TAMS 0x0000000604c00000, 0x0000000604800000| Untracked 
|  19|0x0000000604c00000, 0x0000000605000000, 0x0000000605000000|100%| O|  |TAMS 0x0000000605000000, 0x0000000604c00000| Untracked 
|  20|0x0000000605000000, 0x0000000605400000, 0x0000000605400000|100%| O|  |TAMS 0x0000000605400000, 0x0000000605000000| Untracked 
|  21|0x0000000605400000, 0x0000000605800000, 0x0000000605800000|100%|HS|  |TAMS 0x0000000605400000, 0x0000000605400000| Complete 
|  22|0x0000000605800000, 0x0000000605c00000, 0x0000000605c00000|100%| O|  |TAMS 0x0000000605c00000, 0x0000000605800000| Untracked 
|  23|0x0000000605c00000, 0x0000000606000000, 0x0000000606000000|100%| O|  |TAMS 0x0000000606000000, 0x0000000605c00000| Untracked 
|  24|0x0000000606000000, 0x0000000606400000, 0x0000000606400000|100%| O|  |TAMS 0x0000000606400000, 0x0000000606000000| Untracked 
|  25|0x0000000606400000, 0x0000000606800000, 0x0000000606800000|100%| O|  |TAMS 0x0000000606800000, 0x0000000606400000| Untracked 
|  26|0x0000000606800000, 0x0000000606c00000, 0x0000000606c00000|100%| O|  |TAMS 0x0000000606c00000, 0x0000000606800000| Untracked 
|  27|0x0000000606c00000, 0x0000000607000000, 0x0000000607000000|100%| O|  |TAMS 0x0000000607000000, 0x0000000606c00000| Untracked 
|  28|0x0000000607000000, 0x0000000607400000, 0x0000000607400000|100%| O|  |TAMS 0x0000000607400000, 0x0000000607000000| Untracked 
|  29|0x0000000607400000, 0x0000000607800000, 0x0000000607800000|100%| O|  |TAMS 0x0000000607800000, 0x0000000607400000| Untracked 
|  30|0x0000000607800000, 0x0000000607c00000, 0x0000000607c00000|100%| O|  |TAMS 0x0000000607c00000, 0x0000000607800000| Untracked 
|  31|0x0000000607c00000, 0x0000000608000000, 0x0000000608000000|100%| O|  |TAMS 0x0000000607c00000, 0x0000000607c00000| Untracked 
|  32|0x0000000608000000, 0x0000000608400000, 0x0000000608400000|100%| O|  |TAMS 0x0000000608000000, 0x0000000608000000| Untracked 
|  33|0x0000000608400000, 0x0000000608800000, 0x0000000608800000|100%| O|  |TAMS 0x0000000608400000, 0x0000000608400000| Untracked 
|  34|0x0000000608800000, 0x0000000608c00000, 0x0000000608c00000|100%| O|  |TAMS 0x0000000608800000, 0x0000000608800000| Untracked 
|  35|0x0000000608c00000, 0x0000000609000000, 0x0000000609000000|100%| O|  |TAMS 0x0000000608c00000, 0x0000000608c00000| Untracked 
|  36|0x0000000609000000, 0x0000000609400000, 0x0000000609400000|100%| O|  |TAMS 0x0000000609000000, 0x0000000609000000| Untracked 
|  37|0x0000000609400000, 0x0000000609800000, 0x0000000609800000|100%| O|  |TAMS 0x0000000609400000, 0x0000000609400000| Untracked 
|  38|0x0000000609800000, 0x0000000609c00000, 0x0000000609c00000|100%| O|  |TAMS 0x0000000609800000, 0x0000000609800000| Untracked 
|  39|0x0000000609c00000, 0x000000060a000000, 0x000000060a000000|100%| O|  |TAMS 0x0000000609c00000, 0x0000000609c00000| Untracked 
|  40|0x000000060a000000, 0x000000060a400000, 0x000000060a400000|100%| O|  |TAMS 0x000000060a000000, 0x000000060a000000| Untracked 
|  41|0x000000060a400000, 0x000000060a800000, 0x000000060a800000|100%| O|  |TAMS 0x000000060a400000, 0x000000060a400000| Untracked 
|  42|0x000000060a800000, 0x000000060ac00000, 0x000000060ac00000|100%| O|  |TAMS 0x000000060a800000, 0x000000060a800000| Untracked 
|  43|0x000000060ac00000, 0x000000060b000000, 0x000000060b000000|100%| O|  |TAMS 0x000000060ac00000, 0x000000060ac00000| Untracked 
|  44|0x000000060b000000, 0x000000060b400000, 0x000000060b400000|100%| O|  |TAMS 0x000000060b000000, 0x000000060b000000| Untracked 
|  45|0x000000060b400000, 0x000000060b800000, 0x000000060b800000|100%| O|  |TAMS 0x000000060b400000, 0x000000060b400000| Untracked 
|  46|0x000000060b800000, 0x000000060b8cd600, 0x000000060bc00000| 20%| O|  |TAMS 0x000000060b800000, 0x000000060b800000| Untracked 
|  47|0x000000060bc00000, 0x000000060bc00000, 0x000000060c000000|  0%| F|  |TAMS 0x000000060bc00000, 0x000000060bc00000| Untracked 
|  48|0x000000060c000000, 0x000000060c000000, 0x000000060c400000|  0%| F|  |TAMS 0x000000060c000000, 0x000000060c000000| Untracked 
|  49|0x000000060c400000, 0x000000060c400000, 0x000000060c800000|  0%| F|  |TAMS 0x000000060c400000, 0x000000060c400000| Untracked 
|  50|0x000000060c800000, 0x000000060c800000, 0x000000060cc00000|  0%| F|  |TAMS 0x000000060c800000, 0x000000060c800000| Untracked 
|  51|0x000000060cc00000, 0x000000060cc00000, 0x000000060d000000|  0%| F|  |TAMS 0x000000060cc00000, 0x000000060cc00000| Untracked 
|  52|0x000000060d000000, 0x000000060d000000, 0x000000060d400000|  0%| F|  |TAMS 0x000000060d000000, 0x000000060d000000| Untracked 
|  53|0x000000060d400000, 0x000000060d400000, 0x000000060d800000|  0%| F|  |TAMS 0x000000060d400000, 0x000000060d400000| Untracked 
|  54|0x000000060d800000, 0x000000060d800000, 0x000000060dc00000|  0%| F|  |TAMS 0x000000060d800000, 0x000000060d800000| Untracked 
|  55|0x000000060dc00000, 0x000000060dc00000, 0x000000060e000000|  0%| F|  |TAMS 0x000000060dc00000, 0x000000060dc00000| Untracked 
|  56|0x000000060e000000, 0x000000060e000000, 0x000000060e400000|  0%| F|  |TAMS 0x000000060e000000, 0x000000060e000000| Untracked 
|  57|0x000000060e400000, 0x000000060e400000, 0x000000060e800000|  0%| F|  |TAMS 0x000000060e400000, 0x000000060e400000| Untracked 
|  58|0x000000060e800000, 0x000000060e800000, 0x000000060ec00000|  0%| F|  |TAMS 0x000000060e800000, 0x000000060e800000| Untracked 
|  59|0x000000060ec00000, 0x000000060ec00000, 0x000000060f000000|  0%| F|  |TAMS 0x000000060ec00000, 0x000000060ec00000| Untracked 
|  60|0x000000060f000000, 0x000000060f000000, 0x000000060f400000|  0%| F|  |TAMS 0x000000060f000000, 0x000000060f000000| Untracked 
|  61|0x000000060f400000, 0x000000060f400000, 0x000000060f800000|  0%| F|  |TAMS 0x000000060f400000, 0x000000060f400000| Untracked 
|  62|0x000000060f800000, 0x000000060f800000, 0x000000060fc00000|  0%| F|  |TAMS 0x000000060f800000, 0x000000060f800000| Untracked 
|  63|0x000000060fc00000, 0x000000060fd85190, 0x0000000610000000| 37%| S|CS|TAMS 0x000000060fc00000, 0x000000060fc00000| Complete 
|  64|0x0000000610000000, 0x0000000610400000, 0x0000000610400000|100%| S|CS|TAMS 0x0000000610000000, 0x0000000610000000| Complete 
|  65|0x0000000610400000, 0x0000000610800000, 0x0000000610800000|100%| S|CS|TAMS 0x0000000610400000, 0x0000000610400000| Complete 
|  66|0x0000000610800000, 0x0000000610c00000, 0x0000000610c00000|100%| S|CS|TAMS 0x0000000610800000, 0x0000000610800000| Complete 
|  67|0x0000000610c00000, 0x0000000611000000, 0x0000000611000000|100%| S|CS|TAMS 0x0000000610c00000, 0x0000000610c00000| Complete 
|  68|0x0000000611000000, 0x0000000611000000, 0x0000000611400000|  0%| F|  |TAMS 0x0000000611000000, 0x0000000611000000| Untracked 
|  69|0x0000000611400000, 0x0000000611400000, 0x0000000611800000|  0%| F|  |TAMS 0x0000000611400000, 0x0000000611400000| Untracked 
|  70|0x0000000611800000, 0x0000000611800000, 0x0000000611c00000|  0%| F|  |TAMS 0x0000000611800000, 0x0000000611800000| Untracked 
|  71|0x0000000611c00000, 0x0000000611c00000, 0x0000000612000000|  0%| F|  |TAMS 0x0000000611c00000, 0x0000000611c00000| Untracked 
|  72|0x0000000612000000, 0x0000000612000000, 0x0000000612400000|  0%| F|  |TAMS 0x0000000612000000, 0x0000000612000000| Untracked 
|  73|0x0000000612400000, 0x0000000612400000, 0x0000000612800000|  0%| F|  |TAMS 0x0000000612400000, 0x0000000612400000| Untracked 
|  74|0x0000000612800000, 0x0000000612800000, 0x0000000612c00000|  0%| F|  |TAMS 0x0000000612800000, 0x0000000612800000| Untracked 
|  75|0x0000000612c00000, 0x0000000612c00000, 0x0000000613000000|  0%| F|  |TAMS 0x0000000612c00000, 0x0000000612c00000| Untracked 
|  76|0x0000000613000000, 0x0000000613000000, 0x0000000613400000|  0%| F|  |TAMS 0x0000000613000000, 0x0000000613000000| Untracked 
|  77|0x0000000613400000, 0x0000000613400000, 0x0000000613800000|  0%| F|  |TAMS 0x0000000613400000, 0x0000000613400000| Untracked 
|  78|0x0000000613800000, 0x0000000613800000, 0x0000000613c00000|  0%| F|  |TAMS 0x0000000613800000, 0x0000000613800000| Untracked 
|  79|0x0000000613c00000, 0x0000000613c00000, 0x0000000614000000|  0%| F|  |TAMS 0x0000000613c00000, 0x0000000613c00000| Untracked 
|  80|0x0000000614000000, 0x0000000614000000, 0x0000000614400000|  0%| F|  |TAMS 0x0000000614000000, 0x0000000614000000| Untracked 
|  81|0x0000000614400000, 0x0000000614400000, 0x0000000614800000|  0%| F|  |TAMS 0x0000000614400000, 0x0000000614400000| Untracked 
|  82|0x0000000614800000, 0x0000000614800000, 0x0000000614c00000|  0%| F|  |TAMS 0x0000000614800000, 0x0000000614800000| Untracked 
|  83|0x0000000614c00000, 0x0000000614c00000, 0x0000000615000000|  0%| F|  |TAMS 0x0000000614c00000, 0x0000000614c00000| Untracked 
|  84|0x0000000615000000, 0x0000000615000000, 0x0000000615400000|  0%| F|  |TAMS 0x0000000615000000, 0x0000000615000000| Untracked 
|  85|0x0000000615400000, 0x0000000615400000, 0x0000000615800000|  0%| F|  |TAMS 0x0000000615400000, 0x0000000615400000| Untracked 
|  86|0x0000000615800000, 0x0000000615800000, 0x0000000615c00000|  0%| F|  |TAMS 0x0000000615800000, 0x0000000615800000| Untracked 
|  87|0x0000000615c00000, 0x0000000615c00000, 0x0000000616000000|  0%| F|  |TAMS 0x0000000615c00000, 0x0000000615c00000| Untracked 
|  88|0x0000000616000000, 0x0000000616000000, 0x0000000616400000|  0%| F|  |TAMS 0x0000000616000000, 0x0000000616000000| Untracked 
|  89|0x0000000616400000, 0x0000000616400000, 0x0000000616800000|  0%| F|  |TAMS 0x0000000616400000, 0x0000000616400000| Untracked 
|  90|0x0000000616800000, 0x0000000616800000, 0x0000000616c00000|  0%| F|  |TAMS 0x0000000616800000, 0x0000000616800000| Untracked 
|  91|0x0000000616c00000, 0x0000000616c00000, 0x0000000617000000|  0%| F|  |TAMS 0x0000000616c00000, 0x0000000616c00000| Untracked 
|  92|0x0000000617000000, 0x0000000617000000, 0x0000000617400000|  0%| F|  |TAMS 0x0000000617000000, 0x0000000617000000| Untracked 
|  93|0x0000000617400000, 0x0000000617400000, 0x0000000617800000|  0%| F|  |TAMS 0x0000000617400000, 0x0000000617400000| Untracked 
|  94|0x0000000617800000, 0x0000000617800000, 0x0000000617c00000|  0%| F|  |TAMS 0x0000000617800000, 0x0000000617800000| Untracked 
|  95|0x0000000617c00000, 0x0000000617c00000, 0x0000000618000000|  0%| F|  |TAMS 0x0000000617c00000, 0x0000000617c00000| Untracked 
|  96|0x0000000618000000, 0x0000000618000000, 0x0000000618400000|  0%| F|  |TAMS 0x0000000618000000, 0x0000000618000000| Untracked 
|  97|0x0000000618400000, 0x0000000618400000, 0x0000000618800000|  0%| F|  |TAMS 0x0000000618400000, 0x0000000618400000| Untracked 
|  98|0x0000000618800000, 0x0000000618800000, 0x0000000618c00000|  0%| F|  |TAMS 0x0000000618800000, 0x0000000618800000| Untracked 
|  99|0x0000000618c00000, 0x0000000618c00000, 0x0000000619000000|  0%| F|  |TAMS 0x0000000618c00000, 0x0000000618c00000| Untracked 
| 100|0x0000000619000000, 0x0000000619000000, 0x0000000619400000|  0%| F|  |TAMS 0x0000000619000000, 0x0000000619000000| Untracked 
| 101|0x0000000619400000, 0x0000000619400000, 0x0000000619800000|  0%| F|  |TAMS 0x0000000619400000, 0x0000000619400000| Untracked 
| 102|0x0000000619800000, 0x0000000619800000, 0x0000000619c00000|  0%| F|  |TAMS 0x0000000619800000, 0x0000000619800000| Untracked 
| 103|0x0000000619c00000, 0x0000000619c00000, 0x000000061a000000|  0%| F|  |TAMS 0x0000000619c00000, 0x0000000619c00000| Untracked 
| 104|0x000000061a000000, 0x000000061a000000, 0x000000061a400000|  0%| F|  |TAMS 0x000000061a000000, 0x000000061a000000| Untracked 
| 105|0x000000061a400000, 0x000000061a400000, 0x000000061a800000|  0%| F|  |TAMS 0x000000061a400000, 0x000000061a400000| Untracked 
| 106|0x000000061a800000, 0x000000061a800000, 0x000000061ac00000|  0%| F|  |TAMS 0x000000061a800000, 0x000000061a800000| Untracked 
| 107|0x000000061ac00000, 0x000000061ac00000, 0x000000061b000000|  0%| F|  |TAMS 0x000000061ac00000, 0x000000061ac00000| Untracked 
| 108|0x000000061b000000, 0x000000061b000000, 0x000000061b400000|  0%| F|  |TAMS 0x000000061b000000, 0x000000061b000000| Untracked 
| 109|0x000000061b400000, 0x000000061b400000, 0x000000061b800000|  0%| F|  |TAMS 0x000000061b400000, 0x000000061b400000| Untracked 
| 110|0x000000061b800000, 0x000000061b800000, 0x000000061bc00000|  0%| F|  |TAMS 0x000000061b800000, 0x000000061b800000| Untracked 
| 111|0x000000061bc00000, 0x000000061bc00000, 0x000000061c000000|  0%| F|  |TAMS 0x000000061bc00000, 0x000000061bc00000| Untracked 
| 112|0x000000061c000000, 0x000000061c000000, 0x000000061c400000|  0%| F|  |TAMS 0x000000061c000000, 0x000000061c000000| Untracked 
| 113|0x000000061c400000, 0x000000061c400000, 0x000000061c800000|  0%| F|  |TAMS 0x000000061c400000, 0x000000061c400000| Untracked 
| 114|0x000000061c800000, 0x000000061c800000, 0x000000061cc00000|  0%| F|  |TAMS 0x000000061c800000, 0x000000061c800000| Untracked 
| 115|0x000000061cc00000, 0x000000061cc00000, 0x000000061d000000|  0%| F|  |TAMS 0x000000061cc00000, 0x000000061cc00000| Untracked 
| 116|0x000000061d000000, 0x000000061d000000, 0x000000061d400000|  0%| F|  |TAMS 0x000000061d000000, 0x000000061d000000| Untracked 
| 117|0x000000061d400000, 0x000000061d400000, 0x000000061d800000|  0%| F|  |TAMS 0x000000061d400000, 0x000000061d400000| Untracked 
| 118|0x000000061d800000, 0x000000061d800000, 0x000000061dc00000|  0%| F|  |TAMS 0x000000061d800000, 0x000000061d800000| Untracked 
| 119|0x000000061dc00000, 0x000000061dc00000, 0x000000061e000000|  0%| F|  |TAMS 0x000000061dc00000, 0x000000061dc00000| Untracked 
| 120|0x000000061e000000, 0x000000061e000000, 0x000000061e400000|  0%| F|  |TAMS 0x000000061e000000, 0x000000061e000000| Untracked 
| 121|0x000000061e400000, 0x000000061e400000, 0x000000061e800000|  0%| F|  |TAMS 0x000000061e400000, 0x000000061e400000| Untracked 
| 122|0x000000061e800000, 0x000000061e800000, 0x000000061ec00000|  0%| F|  |TAMS 0x000000061e800000, 0x000000061e800000| Untracked 
| 123|0x000000061ec00000, 0x000000061ec00000, 0x000000061f000000|  0%| F|  |TAMS 0x000000061ec00000, 0x000000061ec00000| Untracked 
| 124|0x000000061f000000, 0x000000061f000000, 0x000000061f400000|  0%| F|  |TAMS 0x000000061f000000, 0x000000061f000000| Untracked 
| 125|0x000000061f400000, 0x000000061f400000, 0x000000061f800000|  0%| F|  |TAMS 0x000000061f400000, 0x000000061f400000| Untracked 
| 126|0x000000061f800000, 0x000000061f800000, 0x000000061fc00000|  0%| F|  |TAMS 0x000000061f800000, 0x000000061f800000| Untracked 
| 127|0x000000061fc00000, 0x000000061fc00000, 0x0000000620000000|  0%| F|  |TAMS 0x000000061fc00000, 0x000000061fc00000| Untracked 
| 128|0x0000000620000000, 0x0000000620000000, 0x0000000620400000|  0%| F|  |TAMS 0x0000000620000000, 0x0000000620000000| Untracked 
| 129|0x0000000620400000, 0x0000000620400000, 0x0000000620800000|  0%| F|  |TAMS 0x0000000620400000, 0x0000000620400000| Untracked 
| 130|0x0000000620800000, 0x0000000620800000, 0x0000000620c00000|  0%| F|  |TAMS 0x0000000620800000, 0x0000000620800000| Untracked 
| 131|0x0000000620c00000, 0x0000000620c00000, 0x0000000621000000|  0%| F|  |TAMS 0x0000000620c00000, 0x0000000620c00000| Untracked 
| 132|0x0000000621000000, 0x0000000621000000, 0x0000000621400000|  0%| F|  |TAMS 0x0000000621000000, 0x0000000621000000| Untracked 
| 133|0x0000000621400000, 0x0000000621400000, 0x0000000621800000|  0%| F|  |TAMS 0x0000000621400000, 0x0000000621400000| Untracked 
| 134|0x0000000621800000, 0x0000000621800000, 0x0000000621c00000|  0%| F|  |TAMS 0x0000000621800000, 0x0000000621800000| Untracked 
| 135|0x0000000621c00000, 0x0000000621c00000, 0x0000000622000000|  0%| F|  |TAMS 0x0000000621c00000, 0x0000000621c00000| Untracked 
| 136|0x0000000622000000, 0x0000000622000000, 0x0000000622400000|  0%| F|  |TAMS 0x0000000622000000, 0x0000000622000000| Untracked 
| 137|0x0000000622400000, 0x0000000622400000, 0x0000000622800000|  0%| F|  |TAMS 0x0000000622400000, 0x0000000622400000| Untracked 
| 138|0x0000000622800000, 0x0000000622800000, 0x0000000622c00000|  0%| F|  |TAMS 0x0000000622800000, 0x0000000622800000| Untracked 
| 139|0x0000000622c00000, 0x0000000622c00000, 0x0000000623000000|  0%| F|  |TAMS 0x0000000622c00000, 0x0000000622c00000| Untracked 
| 140|0x0000000623000000, 0x0000000623000000, 0x0000000623400000|  0%| F|  |TAMS 0x0000000623000000, 0x0000000623000000| Untracked 
| 141|0x0000000623400000, 0x0000000623400000, 0x0000000623800000|  0%| F|  |TAMS 0x0000000623400000, 0x0000000623400000| Untracked 
| 142|0x0000000623800000, 0x0000000623800000, 0x0000000623c00000|  0%| F|  |TAMS 0x0000000623800000, 0x0000000623800000| Untracked 
| 143|0x0000000623c00000, 0x0000000623c00000, 0x0000000624000000|  0%| F|  |TAMS 0x0000000623c00000, 0x0000000623c00000| Untracked 
| 144|0x0000000624000000, 0x0000000624000000, 0x0000000624400000|  0%| F|  |TAMS 0x0000000624000000, 0x0000000624000000| Untracked 
| 145|0x0000000624400000, 0x0000000624400000, 0x0000000624800000|  0%| F|  |TAMS 0x0000000624400000, 0x0000000624400000| Untracked 
| 146|0x0000000624800000, 0x0000000624800000, 0x0000000624c00000|  0%| F|  |TAMS 0x0000000624800000, 0x0000000624800000| Untracked 
| 147|0x0000000624c00000, 0x0000000624c00000, 0x0000000625000000|  0%| F|  |TAMS 0x0000000624c00000, 0x0000000624c00000| Untracked 
| 148|0x0000000625000000, 0x0000000625000000, 0x0000000625400000|  0%| F|  |TAMS 0x0000000625000000, 0x0000000625000000| Untracked 
| 149|0x0000000625400000, 0x0000000625400000, 0x0000000625800000|  0%| F|  |TAMS 0x0000000625400000, 0x0000000625400000| Untracked 
| 150|0x0000000625800000, 0x0000000625800000, 0x0000000625c00000|  0%| F|  |TAMS 0x0000000625800000, 0x0000000625800000| Untracked 
| 151|0x0000000625c00000, 0x0000000625c00000, 0x0000000626000000|  0%| F|  |TAMS 0x0000000625c00000, 0x0000000625c00000| Untracked 
| 152|0x0000000626000000, 0x0000000626400000, 0x0000000626400000|100%| E|  |TAMS 0x0000000626000000, 0x0000000626000000| Complete 
| 153|0x0000000626400000, 0x0000000626800000, 0x0000000626800000|100%| E|CS|TAMS 0x0000000626400000, 0x0000000626400000| Complete 
| 154|0x0000000626800000, 0x0000000626c00000, 0x0000000626c00000|100%| E|CS|TAMS 0x0000000626800000, 0x0000000626800000| Complete 
| 155|0x0000000626c00000, 0x0000000627000000, 0x0000000627000000|100%| E|CS|TAMS 0x0000000626c00000, 0x0000000626c00000| Complete 
| 156|0x0000000627000000, 0x0000000627400000, 0x0000000627400000|100%| E|CS|TAMS 0x0000000627000000, 0x0000000627000000| Complete 
| 157|0x0000000627400000, 0x0000000627800000, 0x0000000627800000|100%| E|CS|TAMS 0x0000000627400000, 0x0000000627400000| Complete 
| 158|0x0000000627800000, 0x0000000627c00000, 0x0000000627c00000|100%| E|CS|TAMS 0x0000000627800000, 0x0000000627800000| Complete 
| 159|0x0000000627c00000, 0x0000000628000000, 0x0000000628000000|100%| E|CS|TAMS 0x0000000627c00000, 0x0000000627c00000| Complete 
| 160|0x0000000628000000, 0x0000000628400000, 0x0000000628400000|100%| E|CS|TAMS 0x0000000628000000, 0x0000000628000000| Complete 
| 161|0x0000000628400000, 0x0000000628800000, 0x0000000628800000|100%| E|CS|TAMS 0x0000000628400000, 0x0000000628400000| Complete 
| 162|0x0000000628800000, 0x0000000628c00000, 0x0000000628c00000|100%| E|CS|TAMS 0x0000000628800000, 0x0000000628800000| Complete 
| 163|0x0000000628c00000, 0x0000000629000000, 0x0000000629000000|100%| E|CS|TAMS 0x0000000628c00000, 0x0000000628c00000| Complete 
| 164|0x0000000629000000, 0x0000000629400000, 0x0000000629400000|100%| E|CS|TAMS 0x0000000629000000, 0x0000000629000000| Complete 
| 165|0x0000000629400000, 0x0000000629800000, 0x0000000629800000|100%| E|CS|TAMS 0x0000000629400000, 0x0000000629400000| Complete 
| 166|0x0000000629800000, 0x0000000629c00000, 0x0000000629c00000|100%| E|CS|TAMS 0x0000000629800000, 0x0000000629800000| Complete 
| 167|0x0000000629c00000, 0x000000062a000000, 0x000000062a000000|100%| E|CS|TAMS 0x0000000629c00000, 0x0000000629c00000| Complete 
| 168|0x000000062a000000, 0x000000062a400000, 0x000000062a400000|100%| E|CS|TAMS 0x000000062a000000, 0x000000062a000000| Complete 
| 169|0x000000062a400000, 0x000000062a800000, 0x000000062a800000|100%| E|CS|TAMS 0x000000062a400000, 0x000000062a400000| Complete 
| 170|0x000000062a800000, 0x000000062ac00000, 0x000000062ac00000|100%| E|CS|TAMS 0x000000062a800000, 0x000000062a800000| Complete 
| 171|0x000000062ac00000, 0x000000062b000000, 0x000000062b000000|100%| E|CS|TAMS 0x000000062ac00000, 0x000000062ac00000| Complete 
| 172|0x000000062b000000, 0x000000062b400000, 0x000000062b400000|100%| E|CS|TAMS 0x000000062b000000, 0x000000062b000000| Complete 
| 173|0x000000062b400000, 0x000000062b800000, 0x000000062b800000|100%| E|CS|TAMS 0x000000062b400000, 0x000000062b400000| Complete 
| 174|0x000000062b800000, 0x000000062bc00000, 0x000000062bc00000|100%| E|CS|TAMS 0x000000062b800000, 0x000000062b800000| Complete 
| 175|0x000000062bc00000, 0x000000062c000000, 0x000000062c000000|100%| E|CS|TAMS 0x000000062bc00000, 0x000000062bc00000| Complete 
| 176|0x000000062c000000, 0x000000062c400000, 0x000000062c400000|100%| E|CS|TAMS 0x000000062c000000, 0x000000062c000000| Complete 
| 177|0x000000062c400000, 0x000000062c800000, 0x000000062c800000|100%| E|CS|TAMS 0x000000062c400000, 0x000000062c400000| Complete 
| 178|0x000000062c800000, 0x000000062cc00000, 0x000000062cc00000|100%| E|CS|TAMS 0x000000062c800000, 0x000000062c800000| Complete 
| 179|0x000000062cc00000, 0x000000062d000000, 0x000000062d000000|100%| E|CS|TAMS 0x000000062cc00000, 0x000000062cc00000| Complete 
| 180|0x000000062d000000, 0x000000062d400000, 0x000000062d400000|100%| E|CS|TAMS 0x000000062d000000, 0x000000062d000000| Complete 
| 181|0x000000062d400000, 0x000000062d800000, 0x000000062d800000|100%| E|CS|TAMS 0x000000062d400000, 0x000000062d400000| Complete 
| 182|0x000000062d800000, 0x000000062dc00000, 0x000000062dc00000|100%| E|CS|TAMS 0x000000062d800000, 0x000000062d800000| Complete 
| 183|0x000000062dc00000, 0x000000062e000000, 0x000000062e000000|100%| E|CS|TAMS 0x000000062dc00000, 0x000000062dc00000| Complete 
| 184|0x000000062e000000, 0x000000062e400000, 0x000000062e400000|100%| E|CS|TAMS 0x000000062e000000, 0x000000062e000000| Complete 
| 185|0x000000062e400000, 0x000000062e800000, 0x000000062e800000|100%| E|CS|TAMS 0x000000062e400000, 0x000000062e400000| Complete 
| 186|0x000000062e800000, 0x000000062ec00000, 0x000000062ec00000|100%| E|CS|TAMS 0x000000062e800000, 0x000000062e800000| Complete 
| 187|0x000000062ec00000, 0x000000062f000000, 0x000000062f000000|100%| E|CS|TAMS 0x000000062ec00000, 0x000000062ec00000| Complete 
| 188|0x000000062f000000, 0x000000062f400000, 0x000000062f400000|100%| E|CS|TAMS 0x000000062f000000, 0x000000062f000000| Complete 
| 189|0x000000062f400000, 0x000000062f800000, 0x000000062f800000|100%| E|CS|TAMS 0x000000062f400000, 0x000000062f400000| Complete 
| 190|0x000000062f800000, 0x000000062fc00000, 0x000000062fc00000|100%| E|CS|TAMS 0x000000062f800000, 0x000000062f800000| Complete 
| 191|0x000000062fc00000, 0x0000000630000000, 0x0000000630000000|100%| E|CS|TAMS 0x000000062fc00000, 0x000000062fc00000| Complete 
| 192|0x0000000630000000, 0x0000000630400000, 0x0000000630400000|100%| E|CS|TAMS 0x0000000630000000, 0x0000000630000000| Complete 
| 193|0x0000000630400000, 0x0000000630800000, 0x0000000630800000|100%| E|CS|TAMS 0x0000000630400000, 0x0000000630400000| Complete 
| 194|0x0000000630800000, 0x0000000630c00000, 0x0000000630c00000|100%| E|CS|TAMS 0x0000000630800000, 0x0000000630800000| Complete 
| 195|0x0000000630c00000, 0x0000000631000000, 0x0000000631000000|100%| E|CS|TAMS 0x0000000630c00000, 0x0000000630c00000| Complete 
| 196|0x0000000631000000, 0x0000000631400000, 0x0000000631400000|100%| E|CS|TAMS 0x0000000631000000, 0x0000000631000000| Complete 
| 197|0x0000000631400000, 0x0000000631800000, 0x0000000631800000|100%| E|CS|TAMS 0x0000000631400000, 0x0000000631400000| Complete 
| 198|0x0000000631800000, 0x0000000631c00000, 0x0000000631c00000|100%| E|CS|TAMS 0x0000000631800000, 0x0000000631800000| Complete 
| 199|0x0000000631c00000, 0x0000000632000000, 0x0000000632000000|100%| E|CS|TAMS 0x0000000631c00000, 0x0000000631c00000| Complete 
| 200|0x0000000632000000, 0x0000000632400000, 0x0000000632400000|100%| E|CS|TAMS 0x0000000632000000, 0x0000000632000000| Complete 
| 201|0x0000000632400000, 0x0000000632800000, 0x0000000632800000|100%| E|CS|TAMS 0x0000000632400000, 0x0000000632400000| Complete 
| 202|0x0000000632800000, 0x0000000632c00000, 0x0000000632c00000|100%| E|CS|TAMS 0x0000000632800000, 0x0000000632800000| Complete 
| 203|0x0000000632c00000, 0x0000000633000000, 0x0000000633000000|100%| E|CS|TAMS 0x0000000632c00000, 0x0000000632c00000| Complete 
| 204|0x0000000633000000, 0x0000000633400000, 0x0000000633400000|100%| E|CS|TAMS 0x0000000633000000, 0x0000000633000000| Complete 
| 205|0x0000000633400000, 0x0000000633800000, 0x0000000633800000|100%| E|CS|TAMS 0x0000000633400000, 0x0000000633400000| Complete 
| 206|0x0000000633800000, 0x0000000633c00000, 0x0000000633c00000|100%| E|CS|TAMS 0x0000000633800000, 0x0000000633800000| Complete 
| 207|0x0000000633c00000, 0x0000000634000000, 0x0000000634000000|100%| E|CS|TAMS 0x0000000633c00000, 0x0000000633c00000| Complete 
| 208|0x0000000634000000, 0x0000000634400000, 0x0000000634400000|100%| E|CS|TAMS 0x0000000634000000, 0x0000000634000000| Complete 
| 209|0x0000000634400000, 0x0000000634800000, 0x0000000634800000|100%| E|CS|TAMS 0x0000000634400000, 0x0000000634400000| Complete 

Card table byte_map: [0x0000011531ee0000,0x0000011532ee0000] _byte_map_base: 0x000001152eee0000

Marking Bits (Prev, Next): (CMBitMap*) 0x00000115091667c0, (CMBitMap*) 0x0000011509166800
 Prev Bits: [0x0000011533ee0000, 0x000001153bee0000)
 Next Bits: [0x000001153bee0000, 0x0000011543ee0000)

Polling page: 0x0000011506f90000

Metaspace:

Usage:
  Non-class:     94.84 MB used.
      Class:     15.42 MB used.
       Both:    110.26 MB used.

Virtual space:
  Non-class space:      128.00 MB reserved,      95.50 MB ( 75%) committed,  2 nodes.
      Class space:        1.00 GB reserved,      16.06 MB (  2%) committed,  1 nodes.
             Both:        1.12 GB reserved,     111.56 MB ( 10%) committed. 

Chunk freelists:
   Non-Class:  448.00 KB
       Class:  15.83 MB
        Both:  16.27 MB

MaxMetaspaceSize: 4.00 GB
CompressedClassSpaceSize: 1.00 GB
Initial GC threshold: 21.00 MB
Current GC threshold: 164.19 MB
CDS: on
MetaspaceReclaimPolicy: balanced
 - commit_granule_bytes: 65536.
 - commit_granule_words: 8192.
 - virtual_space_node_default_size: 8388608.
 - enlarge_chunks_in_place: 1.
 - new_chunks_are_fully_committed: 0.
 - uncommit_free_chunks: 1.
 - use_allocation_guard: 0.
 - handle_deallocations: 1.


Internal statistics:

num_allocs_failed_limit: 6.
num_arena_births: 1790.
num_arena_deaths: 0.
num_vsnodes_births: 3.
num_vsnodes_deaths: 0.
num_space_committed: 1785.
num_space_uncommitted: 0.
num_chunks_returned_to_freelist: 6.
num_chunks_taken_from_freelist: 7180.
num_chunk_merges: 6.
num_chunk_splits: 4531.
num_chunks_enlarged: 2752.
num_inconsistent_stats: 0.

CodeHeap 'non-profiled nmethods': size=259264Kb used=11249Kb max_used=11249Kb free=248014Kb
 bounds [0x0000011520c40000, 0x0000011521740000, 0x0000011530970000]
CodeHeap 'profiled nmethods': size=259264Kb used=26852Kb max_used=27702Kb free=232411Kb
 bounds [0x0000011510970000, 0x00000115124a0000, 0x00000115206a0000]
CodeHeap 'non-nmethods': size=5760Kb used=2461Kb max_used=2567Kb free=3298Kb
 bounds [0x00000115206a0000, 0x0000011520930000, 0x0000011520c40000]
 total_blobs=14698 nmethods=13694 adapters=915
 compilation: enabled
              stopped_count=0, restarted_count=0
 full_count=0

Compilation events (20 events):
Event: 83.939 Thread 0x00000115461c7a40 nmethod 16554 0x0000011511b0a810 code [0x0000011511b0a9c0, 0x0000011511b0abf8]
Event: 83.940 Thread 0x00000115461c7a40 16555       1       com.android.build.api.variant.impl.ApplicationVariantImpl::getDebuggable (5 bytes)
Event: 83.940 Thread 0x00000115461c7a40 nmethod 16555 0x0000011521736210 code [0x00000115217363a0, 0x0000011521736478]
Event: 83.941 Thread 0x00000115461c7a40 16556       1       com.android.build.gradle.internal.tasks.factory.GlobalTaskCreationConfigImpl::getTargetDeployApiFromIDE (5 bytes)
Event: 83.941 Thread 0x00000115461c7a40 nmethod 16556 0x0000011521736510 code [0x00000115217366a0, 0x0000011521736778]
Event: 83.942 Thread 0x0000011590232b90 16557       4       org.gradle.api.internal.provider.AbstractProperty::beforeRead (21 bytes)
Event: 83.943 Thread 0x00000115461c7a40 16558       1       com.android.build.gradle.internal.tasks.DexMergingTask$SharedParams_Decorated::getModelIdentityDisplayName (5 bytes)
Event: 83.943 Thread 0x00000115461c7a40 nmethod 16558 0x0000011521736810 code [0x00000115217369a0, 0x0000011521736a78]
Event: 83.944 Thread 0x00000115461c7a40 16560       3       com.android.build.api.artifact.impl.ArtifactsImpl::generateIntermediatePath (102 bytes)
Event: 83.948 Thread 0x00000115461c7a40 nmethod 16560 0x00000115113dfe10 code [0x00000115113e00e0, 0x00000115113e10a8]
Event: 83.949 Thread 0x00000115461c7a40 16561       3       com.android.build.api.artifact.impl.ArtifactsImpl::getIntermediateOutputPath (30 bytes)
Event: 83.951 Thread 0x00000115461c7a40 nmethod 16561 0x0000011511685590 code [0x0000011511685760, 0x0000011511685ae8]
Event: 83.953 Thread 0x00000115461c7a40 16562       3       com.android.build.gradle.internal.tasks.factory.TaskConfigurationActions::execute (9 bytes)
Event: 83.955 Thread 0x00000115461c7a40 nmethod 16562 0x0000011511c98090 code [0x0000011511c98240, 0x0000011511c98488]
Event: 83.955 Thread 0x00000115461c7a40 16563       3       com.android.build.gradle.internal.tasks.factory.TaskConfigurationActions::execute (56 bytes)
Event: 83.958 Thread 0x00000115461c7a40 nmethod 16563 0x0000011511ac7790 code [0x0000011511ac79e0, 0x0000011511ac82f8]
Event: 83.958 Thread 0x00000115461c7a40 16564       3       org.gradle.api.internal.file.DefaultFilePropertyFactory$DefaultRegularFileVar::set (6 bytes)
Event: 83.959 Thread 0x0000011590232b90 nmethod 16557 0x0000011521736b10 code [0x0000011521736cc0, 0x0000011521736f68]
Event: 83.960 Thread 0x0000011590232b90 16559       4       org.gradle.api.internal.file.collections.DefaultConfigurableFileCollection::from (12 bytes)
Event: 83.960 Thread 0x00000115461c7a40 nmethod 16564 0x0000011511f65090 code [0x0000011511f652c0, 0x0000011511f65c98]

GC Heap History (20 events):
Event: 61.730 GC heap before
{Heap before GC invocations=46 (full 0):
 garbage-first heap   total 233472K, used 185135K [0x0000000600000000, 0x0000000800000000)
  region size 4096K, 16 young (65536K), 1 survivors (4096K)
 Metaspace       used 96638K, committed 97600K, reserved 1179648K
  class space    used 13591K, committed 14080K, reserved 1048576K
}
Event: 61.741 GC heap after
{Heap after GC invocations=47 (full 0):
 garbage-first heap   total 233472K, used 125615K [0x0000000600000000, 0x0000000800000000)
  region size 4096K, 2 young (8192K), 2 survivors (8192K)
 Metaspace       used 96638K, committed 97600K, reserved 1179648K
  class space    used 13591K, committed 14080K, reserved 1048576K
}
Event: 61.823 GC heap before
{Heap before GC invocations=47 (full 0):
 garbage-first heap   total 233472K, used 129711K [0x0000000600000000, 0x0000000800000000)
  region size 4096K, 3 young (12288K), 2 survivors (8192K)
 Metaspace       used 96874K, committed 97856K, reserved 1179648K
  class space    used 13622K, committed 14080K, reserved 1048576K
}
Event: 61.837 GC heap after
{Heap after GC invocations=48 (full 0):
 garbage-first heap   total 233472K, used 124129K [0x0000000600000000, 0x0000000800000000)
  region size 4096K, 1 young (4096K), 1 survivors (4096K)
 Metaspace       used 96874K, committed 97856K, reserved 1179648K
  class space    used 13622K, committed 14080K, reserved 1048576K
}
Event: 63.140 GC heap before
{Heap before GC invocations=48 (full 0):
 garbage-first heap   total 233472K, used 189665K [0x0000000600000000, 0x0000000800000000)
  region size 4096K, 17 young (69632K), 1 survivors (4096K)
 Metaspace       used 99577K, committed 100544K, reserved 1179648K
  class space    used 13985K, committed 14464K, reserved 1048576K
}
Event: 63.153 GC heap after
{Heap after GC invocations=49 (full 0):
 garbage-first heap   total 233472K, used 126854K [0x0000000600000000, 0x0000000800000000)
  region size 4096K, 2 young (8192K), 2 survivors (8192K)
 Metaspace       used 99577K, committed 100544K, reserved 1179648K
  class space    used 13985K, committed 14464K, reserved 1048576K
}
Event: 64.671 GC heap before
{Heap before GC invocations=50 (full 0):
 garbage-first heap   total 233472K, used 188294K [0x0000000600000000, 0x0000000800000000)
  region size 4096K, 17 young (69632K), 2 survivors (8192K)
 Metaspace       used 100575K, committed 101696K, reserved 1179648K
  class space    used 14122K, committed 14656K, reserved 1048576K
}
Event: 64.691 GC heap after
{Heap after GC invocations=51 (full 0):
 garbage-first heap   total 233472K, used 131733K [0x0000000600000000, 0x0000000800000000)
  region size 4096K, 3 young (12288K), 3 survivors (12288K)
 Metaspace       used 100575K, committed 101696K, reserved 1179648K
  class space    used 14122K, committed 14656K, reserved 1048576K
}
Event: 64.739 GC heap before
{Heap before GC invocations=51 (full 0):
 garbage-first heap   total 233472K, used 135829K [0x0000000600000000, 0x0000000800000000)
  region size 4096K, 4 young (16384K), 3 survivors (12288K)
 Metaspace       used 100576K, committed 101696K, reserved 1179648K
  class space    used 14122K, committed 14656K, reserved 1048576K
}
Event: 64.764 GC heap after
{Heap after GC invocations=52 (full 0):
 garbage-first heap   total 430080K, used 131527K [0x0000000600000000, 0x0000000800000000)
  region size 4096K, 1 young (4096K), 1 survivors (4096K)
 Metaspace       used 100576K, committed 101696K, reserved 1179648K
  class space    used 14122K, committed 14656K, reserved 1048576K
}
Event: 68.766 GC heap before
{Heap before GC invocations=52 (full 0):
 garbage-first heap   total 430080K, used 340423K [0x0000000600000000, 0x0000000800000000)
  region size 4096K, 52 young (212992K), 1 survivors (4096K)
 Metaspace       used 102631K, committed 103744K, reserved 1179648K
  class space    used 14368K, committed 14912K, reserved 1048576K
}
Event: 68.784 GC heap after
{Heap after GC invocations=53 (full 0):
 garbage-first heap   total 430080K, used 154040K [0x0000000600000000, 0x0000000800000000)
  region size 4096K, 5 young (20480K), 5 survivors (20480K)
 Metaspace       used 102631K, committed 103744K, reserved 1179648K
  class space    used 14368K, committed 14912K, reserved 1048576K
}
Event: 72.043 GC heap before
{Heap before GC invocations=53 (full 0):
 garbage-first heap   total 430080K, used 334264K [0x0000000600000000, 0x0000000800000000)
  region size 4096K, 50 young (204800K), 5 survivors (20480K)
 Metaspace       used 105074K, committed 106240K, reserved 1179648K
  class space    used 14738K, committed 15296K, reserved 1048576K
}
Event: 72.080 GC heap after
{Heap after GC invocations=54 (full 0):
 garbage-first heap   total 430080K, used 169166K [0x0000000600000000, 0x0000000800000000)
  region size 4096K, 5 young (20480K), 5 survivors (20480K)
 Metaspace       used 105074K, committed 106240K, reserved 1179648K
  class space    used 14738K, committed 15296K, reserved 1048576K
}
Event: 74.361 GC heap before
{Heap before GC invocations=54 (full 0):
 garbage-first heap   total 430080K, used 333006K [0x0000000600000000, 0x0000000800000000)
  region size 4096K, 45 young (184320K), 5 survivors (20480K)
 Metaspace       used 105550K, committed 106816K, reserved 1179648K
  class space    used 14795K, committed 15360K, reserved 1048576K
}
Event: 74.387 GC heap after
{Heap after GC invocations=55 (full 0):
 garbage-first heap   total 430080K, used 179247K [0x0000000600000000, 0x0000000800000000)
  region size 4096K, 3 young (12288K), 3 survivors (12288K)
 Metaspace       used 105550K, committed 106816K, reserved 1179648K
  class space    used 14795K, committed 15360K, reserved 1048576K
}
Event: 77.242 GC heap before
{Heap before GC invocations=55 (full 0):
 garbage-first heap   total 430080K, used 343087K [0x0000000600000000, 0x0000000800000000)
  region size 4096K, 43 young (176128K), 3 survivors (12288K)
 Metaspace       used 106465K, committed 107840K, reserved 1179648K
  class space    used 14896K, committed 15552K, reserved 1048576K
}
Event: 77.276 GC heap after
{Heap after GC invocations=56 (full 0):
 garbage-first heap   total 430080K, used 192184K [0x0000000600000000, 0x0000000800000000)
  region size 4096K, 6 young (24576K), 6 survivors (24576K)
 Metaspace       used 106465K, committed 107840K, reserved 1179648K
  class space    used 14896K, committed 15552K, reserved 1048576K
}
Event: 79.243 GC heap before
{Heap before GC invocations=56 (full 0):
 garbage-first heap   total 430080K, used 339640K [0x0000000600000000, 0x0000000800000000)
  region size 4096K, 43 young (176128K), 6 survivors (24576K)
 Metaspace       used 106711K, committed 108032K, reserved 1179648K
  class space    used 14924K, committed 15552K, reserved 1048576K
}
Event: 79.288 GC heap after
{Heap after GC invocations=57 (full 0):
 garbage-first heap   total 860160K, used 207177K [0x0000000600000000, 0x0000000800000000)
  region size 4096K, 5 young (20480K), 5 survivors (20480K)
 Metaspace       used 106711K, committed 108032K, reserved 1179648K
  class space    used 14924K, committed 15552K, reserved 1048576K
}

Deoptimization events (20 events):
Event: 83.287 Thread 0x000001158d1e3dc0 DEOPT PACKING pc=0x0000011520e59d44 sp=0x0000000c86cfa6a0
Event: 83.287 Thread 0x000001158d1e3dc0 DEOPT UNPACKING pc=0x00000115206f23a3 sp=0x0000000c86cfa690 mode 2
Event: 83.681 Thread 0x000001158d1e3dc0 Uncommon trap: trap_request=0xffffffbe fr.pc=0x0000011521724758 relative=0x0000000000001438
Event: 83.681 Thread 0x000001158d1e3dc0 Uncommon trap: reason=profile_predicate action=maybe_recompile pc=0x0000011521724758 method=org.gradle.internal.reflect.annotations.impl.DefaultTypeAnnotationMetadataStore.collectRelevantAnnotations(Ljava/lang/reflect/AnnotatedElement;Lcom/google/common/c
Event: 83.681 Thread 0x000001158d1e3dc0 DEOPT PACKING pc=0x0000011521724758 sp=0x0000000c86cf96e0
Event: 83.681 Thread 0x000001158d1e3dc0 DEOPT UNPACKING pc=0x00000115206f23a3 sp=0x0000000c86cf96b0 mode 2
Event: 83.681 Thread 0x000001158d1e3dc0 Uncommon trap: trap_request=0xffffffbe fr.pc=0x0000011521724758 relative=0x0000000000001438
Event: 83.681 Thread 0x000001158d1e3dc0 Uncommon trap: reason=profile_predicate action=maybe_recompile pc=0x0000011521724758 method=org.gradle.internal.reflect.annotations.impl.DefaultTypeAnnotationMetadataStore.collectRelevantAnnotations(Ljava/lang/reflect/AnnotatedElement;Lcom/google/common/c
Event: 83.681 Thread 0x000001158d1e3dc0 DEOPT PACKING pc=0x0000011521724758 sp=0x0000000c86cf96e0
Event: 83.681 Thread 0x000001158d1e3dc0 DEOPT UNPACKING pc=0x00000115206f23a3 sp=0x0000000c86cf96b0 mode 2
Event: 83.700 Thread 0x000001158d1e3dc0 Uncommon trap: trap_request=0xffffffbe fr.pc=0x0000011521724758 relative=0x0000000000001438
Event: 83.700 Thread 0x000001158d1e3dc0 Uncommon trap: reason=profile_predicate action=maybe_recompile pc=0x0000011521724758 method=org.gradle.internal.reflect.annotations.impl.DefaultTypeAnnotationMetadataStore.collectRelevantAnnotations(Ljava/lang/reflect/AnnotatedElement;Lcom/google/common/c
Event: 83.700 Thread 0x000001158d1e3dc0 DEOPT PACKING pc=0x0000011521724758 sp=0x0000000c86cf96e0
Event: 83.700 Thread 0x000001158d1e3dc0 DEOPT UNPACKING pc=0x00000115206f23a3 sp=0x0000000c86cf96b0 mode 2
Event: 83.700 Thread 0x000001158d1e3dc0 Uncommon trap: trap_request=0xffffffbe fr.pc=0x0000011521724758 relative=0x0000000000001438
Event: 83.700 Thread 0x000001158d1e3dc0 Uncommon trap: reason=profile_predicate action=maybe_recompile pc=0x0000011521724758 method=org.gradle.internal.reflect.annotations.impl.DefaultTypeAnnotationMetadataStore.collectRelevantAnnotations(Ljava/lang/reflect/AnnotatedElement;Lcom/google/common/c
Event: 83.700 Thread 0x000001158d1e3dc0 DEOPT PACKING pc=0x0000011521724758 sp=0x0000000c86cf96e0
Event: 83.700 Thread 0x000001158d1e3dc0 DEOPT UNPACKING pc=0x00000115206f23a3 sp=0x0000000c86cf96b0 mode 2
Event: 83.700 Thread 0x000001158d1e3dc0 DEOPT PACKING pc=0x0000011511835830 sp=0x0000000c86cf9680
Event: 83.701 Thread 0x000001158d1e3dc0 DEOPT UNPACKING pc=0x00000115206f2b43 sp=0x0000000c86cf8ae0 mode 0

Classes unloaded (0 events):
No events

Classes redefined (0 events):
No events

Internal exceptions (20 events):
Event: 81.287 Thread 0x000001158d1e3dc0 Exception <a 'java/lang/ClassNotFoundException'{0x000000062d1de130}: org/gradle/plugins/ide/internal/generator/XmlPersistableConfigurationObjectCustomizer> (0x000000062d1de130) 
thrown [s\open\src\hotspot\share\classfile\systemDictionary.cpp, line 256]
Event: 81.288 Thread 0x000001158d1e3dc0 Exception <a 'java/lang/ClassNotFoundException'{0x000000062d1f1b68}: org/gradle/plugins/ide/eclipse/model/ClasspathCustomizer> (0x000000062d1f1b68) 
thrown [s\open\src\hotspot\share\classfile\systemDictionary.cpp, line 256]
Event: 81.299 Thread 0x000001158d1e3dc0 Exception <a 'java/lang/ClassNotFoundException'{0x000000062d27cc50}: org/gradle/plugins/ide/eclipse/model/LibraryBeanInfo> (0x000000062d27cc50) 
thrown [s\open\src\hotspot\share\classfile\systemDictionary.cpp, line 256]
Event: 81.300 Thread 0x000001158d1e3dc0 Exception <a 'java/lang/ClassNotFoundException'{0x000000062d28a190}: org/gradle/plugins/ide/eclipse/model/AbstractLibraryBeanInfo> (0x000000062d28a190) 
thrown [s\open\src\hotspot\share\classfile\systemDictionary.cpp, line 256]
Event: 81.301 Thread 0x000001158d1e3dc0 Exception <a 'java/lang/ClassNotFoundException'{0x000000062d297928}: org/gradle/plugins/ide/eclipse/model/AbstractClasspathEntryBeanInfo> (0x000000062d297928) 
thrown [s\open\src\hotspot\share\classfile\systemDictionary.cpp, line 256]
Event: 81.302 Thread 0x000001158d1e3dc0 Exception <a 'java/lang/ClassNotFoundException'{0x000000062d2a5340}: org/gradle/plugins/ide/eclipse/model/AbstractClasspathEntryCustomizer> (0x000000062d2a5340) 
thrown [s\open\src\hotspot\share\classfile\systemDictionary.cpp, line 256]
Event: 81.305 Thread 0x000001158d1e3dc0 Exception <a 'java/lang/ClassNotFoundException'{0x000000062d2d4ad0}: org/gradle/plugins/ide/eclipse/model/AbstractLibraryCustomizer> (0x000000062d2d4ad0) 
thrown [s\open\src\hotspot\share\classfile\systemDictionary.cpp, line 256]
Event: 81.307 Thread 0x000001158d1e3dc0 Exception <a 'java/lang/ClassNotFoundException'{0x000000062d2f3360}: org/gradle/plugins/ide/eclipse/model/LibraryCustomizer> (0x000000062d2f3360) 
thrown [s\open\src\hotspot\share\classfile\systemDictionary.cpp, line 256]
Event: 81.317 Thread 0x000001158d1e3dc0 Exception <a 'java/lang/ClassNotFoundException'{0x000000062d35d9a0}: java/util/LinkedHashMapBeanInfo> (0x000000062d35d9a0) 
thrown [s\open\src\hotspot\share\classfile\systemDictionary.cpp, line 256]
Event: 81.318 Thread 0x000001158d1e3dc0 Exception <a 'java/lang/ClassNotFoundException'{0x000000062d363000}: java/util/LinkedHashMapCustomizer> (0x000000062d363000) 
thrown [s\open\src\hotspot\share\classfile\systemDictionary.cpp, line 256]
Event: 81.359 Thread 0x000001158d1e4cf0 Exception <a 'java/lang/NoSuchMethodError'{0x000000062e4cb748}: static Lorg/gradle/tooling/internal/provider/PhasedBuildActionResult;.<clinit>()V> (0x000000062e4cb748) 
thrown [s\open\src\hotspot\share\prims\jni.cpp, line 1112]
Event: 81.360 Thread 0x000001158d1e4cf0 Exception <a 'java/lang/NoSuchMethodError'{0x000000062e4d3508}: static Lorg/gradle/tooling/internal/provider/serialization/SerializedPayload;.<clinit>()V> (0x000000062e4d3508) 
thrown [s\open\src\hotspot\share\prims\jni.cpp, line 1112]
Event: 81.403 Thread 0x000001159209cb10 Implicit null exception at 0x0000011520c7d167 to 0x0000011520c7dad8
Event: 81.415 Thread 0x000001158d1e3dc0 Exception <a 'java/lang/NoSuchMethodError'{0x000000062cd21750}: 'java.lang.Object java.lang.invoke.DirectMethodHandle$Holder.invokeStatic(java.lang.Object, int, java.lang.Object)'> (0x000000062cd21750) 
thrown [s\open\src\hotspot\share\interpreter\linkResolver.cpp, line 759]
Event: 81.747 Thread 0x000001158d1e3dc0 Implicit null exception at 0x00000115216c224b to 0x00000115216c2314
Event: 81.850 Thread 0x000001158d1e3dc0 Implicit null exception at 0x00000115216c7471 to 0x00000115216c78bc
Event: 82.124 Thread 0x000001158d1e3dc0 Implicit null exception at 0x00000115216e0bea to 0x00000115216e161c
Event: 82.162 Thread 0x000001158d1e3dc0 Implicit null exception at 0x000001152156eaa0 to 0x000001152156f2ec
Event: 82.384 Thread 0x000001158d1e3dc0 Implicit null exception at 0x0000011520e5cb20 to 0x0000011520e5e160
Event: 82.689 Thread 0x000001158d1e3dc0 Implicit null exception at 0x00000115216eb555 to 0x00000115216ecba4

VM Operations (20 events):
Event: 78.985 Executing VM operation: HandshakeAllThreads
Event: 78.985 Executing VM operation: HandshakeAllThreads done
Event: 79.241 Executing VM operation: G1CollectForAllocation
Event: 79.289 Executing VM operation: G1CollectForAllocation done
Event: 80.291 Executing VM operation: Cleanup
Event: 80.291 Executing VM operation: Cleanup done
Event: 80.404 Executing VM operation: HandshakeAllThreads
Event: 80.405 Executing VM operation: HandshakeAllThreads done
Event: 81.126 Executing VM operation: ICBufferFull
Event: 81.126 Executing VM operation: ICBufferFull done
Event: 81.934 Executing VM operation: ICBufferFull
Event: 81.934 Executing VM operation: ICBufferFull done
Event: 82.124 Executing VM operation: HandshakeAllThreads
Event: 82.125 Executing VM operation: HandshakeAllThreads done
Event: 82.327 Executing VM operation: ICBufferFull
Event: 82.327 Executing VM operation: ICBufferFull done
Event: 83.211 Executing VM operation: HandshakeAllThreads
Event: 83.211 Executing VM operation: HandshakeAllThreads done
Event: 84.213 Executing VM operation: Cleanup
Event: 84.214 Executing VM operation: Cleanup done

Events (20 events):
Event: 82.168 Thread 0x00000115461c8350 flushing nmethod 0x0000011511ec3a90
Event: 82.169 Thread 0x00000115461c8350 flushing nmethod 0x0000011511ed0190
Event: 82.170 Thread 0x00000115461c8350 flushing nmethod 0x0000011511f49710
Event: 82.170 Thread 0x00000115461c8350 flushing nmethod 0x0000011511f54490
Event: 82.170 Thread 0x00000115461c8350 flushing nmethod 0x0000011511f63690
Event: 82.171 Thread 0x00000115461c8350 flushing nmethod 0x0000011511f65090
Event: 82.171 Thread 0x00000115461c8350 flushing nmethod 0x0000011511fb8e90
Event: 82.171 Thread 0x00000115461c8350 flushing nmethod 0x0000011511fd5110
Event: 82.172 Thread 0x00000115461c8350 flushing nmethod 0x0000011511ffd210
Event: 82.172 Thread 0x00000115461c8350 flushing nmethod 0x0000011512000f10
Event: 82.174 Thread 0x00000115461c8350 flushing nmethod 0x000001151216db10
Event: 82.174 Thread 0x00000115461c8350 flushing nmethod 0x0000011512173090
Event: 82.174 Thread 0x00000115461c8350 flushing nmethod 0x000001151217d610
Event: 82.174 Thread 0x00000115461c8350 flushing nmethod 0x0000011512182f10
Event: 82.174 Thread 0x00000115461c8350 flushing nmethod 0x0000011512193710
Event: 82.174 Thread 0x00000115461c8350 flushing nmethod 0x00000115121a8990
Event: 82.176 Thread 0x00000115461c8350 flushing nmethod 0x00000115122ee490
Event: 82.941 Thread 0x000001159022fbc0 Thread exited: 0x000001159022fbc0
Event: 83.070 Thread 0x000001159022ebd0 Thread added: 0x000001159022ebd0
Event: 83.253 Thread 0x0000011590232b90 Thread added: 0x0000011590232b90


Dynamic libraries:
0x00007ff708750000 - 0x00007ff708760000 	C:\Program Files\Java\jdk-17\bin\java.exe
0x00007fff482a0000 - 0x00007fff48507000 	C:\WINDOWS\SYSTEM32\ntdll.dll
0x00007fff46dc0000 - 0x00007fff46e89000 	C:\WINDOWS\System32\KERNEL32.DLL
0x00007fff45a30000 - 0x00007fff45e24000 	C:\WINDOWS\System32\KERNELBASE.dll
0x00007fff44c20000 - 0x00007fff44d6b000 	C:\WINDOWS\System32\ucrtbase.dll
0x00007fff3c7e0000 - 0x00007fff3c7fb000 	C:\Program Files\Java\jdk-17\bin\VCRUNTIME140.dll
0x00007fff3c8c0000 - 0x00007fff3c8d9000 	C:\Program Files\Java\jdk-17\bin\jli.dll
0x00007fff46150000 - 0x00007fff46206000 	C:\WINDOWS\System32\ADVAPI32.dll
0x00007fff46030000 - 0x00007fff460d9000 	C:\WINDOWS\System32\msvcrt.dll
0x00007fff47c90000 - 0x00007fff47d37000 	C:\WINDOWS\System32\sechost.dll
0x00007fff48060000 - 0x00007fff48178000 	C:\WINDOWS\System32\RPCRT4.dll
0x00007fff462b0000 - 0x00007fff46475000 	C:\WINDOWS\System32\USER32.dll
0x00007fff29360000 - 0x00007fff295f3000 	C:\WINDOWS\WinSxS\amd64_microsoft.windows.common-controls_6595b64144ccf1df_6.0.26100.8115_none_3e075c82e3354f9c\COMCTL32.dll
0x00007fff44d70000 - 0x00007fff44d97000 	C:\WINDOWS\System32\win32u.dll
0x00007fff47c60000 - 0x00007fff47c8b000 	C:\WINDOWS\System32\GDI32.dll
0x00007fff44f20000 - 0x00007fff4504a000 	C:\WINDOWS\System32\gdi32full.dll
0x00007fff45050000 - 0x00007fff450f3000 	C:\WINDOWS\System32\msvcp_win.dll
0x00007fff348e0000 - 0x00007fff348eb000 	C:\WINDOWS\SYSTEM32\VERSION.dll
0x00007fff481c0000 - 0x00007fff481f2000 	C:\WINDOWS\System32\IMM32.DLL
0x00007fff3df90000 - 0x00007fff3df9c000 	C:\Program Files\Java\jdk-17\bin\vcruntime140_1.dll
0x00007fff3b380000 - 0x00007fff3b40e000 	C:\Program Files\Java\jdk-17\bin\msvcp140.dll
0x00007ffedaef0000 - 0x00007ffedbad0000 	C:\Program Files\Java\jdk-17\bin\server\jvm.dll
0x00007fff481b0000 - 0x00007fff481b8000 	C:\WINDOWS\System32\PSAPI.DLL
0x00007fff25470000 - 0x00007fff2547a000 	C:\WINDOWS\SYSTEM32\WSOCK32.dll
0x00007fff46d30000 - 0x00007fff46db0000 	C:\WINDOWS\System32\WS2_32.dll
0x00007fff31da0000 - 0x00007fff31dd6000 	C:\WINDOWS\SYSTEM32\WINMM.dll
0x00007fff438c0000 - 0x00007fff438db000 	C:\WINDOWS\SYSTEM32\kernel.appcore.dll
0x00007fff3c940000 - 0x00007fff3c94a000 	C:\Program Files\Java\jdk-17\bin\jimage.dll
0x00007fff42840000 - 0x00007fff42a82000 	C:\WINDOWS\SYSTEM32\DBGHELP.DLL
0x00007fff46480000 - 0x00007fff46802000 	C:\WINDOWS\System32\combase.dll
0x00007fff468a0000 - 0x00007fff46977000 	C:\WINDOWS\System32\OLEAUT32.dll
0x00007fff2a280000 - 0x00007fff2a2bb000 	C:\WINDOWS\SYSTEM32\dbgcore.DLL
0x00007fff44b70000 - 0x00007fff44c15000 	C:\WINDOWS\System32\bcryptPrimitives.dll
0x00007fff40060000 - 0x00007fff4006e000 	C:\Program Files\Java\jdk-17\bin\instrument.dll
0x00007fff3b350000 - 0x00007fff3b375000 	C:\Program Files\Java\jdk-17\bin\java.dll
0x00007fff3b270000 - 0x00007fff3b347000 	C:\Program Files\Java\jdk-17\bin\jsvml.dll
0x00007fff474f0000 - 0x00007fff47c56000 	C:\WINDOWS\System32\SHELL32.dll
0x00007fff45ec0000 - 0x00007fff4602a000 	C:\WINDOWS\System32\wintypes.dll
0x00007fff45100000 - 0x00007fff45965000 	C:\WINDOWS\System32\windows.storage.dll
0x00007fff46a00000 - 0x00007fff46af7000 	C:\WINDOWS\System32\SHCORE.dll
0x00007fff460e0000 - 0x00007fff46146000 	C:\WINDOWS\System32\shlwapi.dll
0x00007fff44a90000 - 0x00007fff44ab9000 	C:\WINDOWS\SYSTEM32\profapi.dll
0x00007fff3b250000 - 0x00007fff3b268000 	C:\Program Files\Java\jdk-17\bin\zip.dll
0x00007fff3b1e0000 - 0x00007fff3b1f9000 	C:\Program Files\Java\jdk-17\bin\net.dll
0x00007fff3b5b0000 - 0x00007fff3b6dd000 	C:\WINDOWS\SYSTEM32\WINHTTP.dll
0x00007fff43e10000 - 0x00007fff43e7c000 	C:\WINDOWS\system32\mswsock.dll
0x00007fff3b080000 - 0x00007fff3b096000 	C:\Program Files\Java\jdk-17\bin\nio.dll
0x00007fff3b1d0000 - 0x00007fff3b1e0000 	C:\Program Files\Java\jdk-17\bin\verify.dll
0x00007fff3b410000 - 0x00007fff3b437000 	C:\Users\Lenovo\.gradle\native\1def1411415f61bf3af743bc5b6707747c0891f09f0c88961ee8f79bc544acac\windows-amd64\native-platform.dll
0x00007fff3b000000 - 0x00007fff3b078000 	C:\Users\Lenovo\.gradle\native\0.2.7\x86_64-windows-gnu\gradle-fileevents.dll
0x00007fff3aff0000 - 0x00007fff3affa000 	C:\Program Files\Java\jdk-17\bin\management.dll
0x00007fff3afe0000 - 0x00007fff3afeb000 	C:\Program Files\Java\jdk-17\bin\management_ext.dll
0x00007fff431c0000 - 0x00007fff431f2000 	C:\WINDOWS\SYSTEM32\IPHLPAPI.DLL
0x00007fff46890000 - 0x00007fff4689a000 	C:\WINDOWS\System32\NSI.dll
0x00007fff3be20000 - 0x00007fff3be3d000 	C:\WINDOWS\SYSTEM32\dhcpcsvc6.DLL
0x00007fff3aa60000 - 0x00007fff3aa85000 	C:\WINDOWS\SYSTEM32\dhcpcsvc.DLL
0x00007fff43330000 - 0x00007fff43462000 	C:\WINDOWS\SYSTEM32\DNSAPI.dll
0x00007fff44210000 - 0x00007fff4422b000 	C:\WINDOWS\SYSTEM32\CRYPTSP.dll
0x00007fff43820000 - 0x00007fff43859000 	C:\WINDOWS\system32\rsaenh.dll
0x00007fff43ec0000 - 0x00007fff43ef3000 	C:\WINDOWS\SYSTEM32\USERENV.dll
0x00007fff44a60000 - 0x00007fff44a8a000 	C:\WINDOWS\SYSTEM32\bcrypt.dll
0x00007fff44070000 - 0x00007fff4407c000 	C:\WINDOWS\SYSTEM32\CRYPTBASE.dll
0x00007fff40020000 - 0x00007fff4002e000 	C:\Program Files\Java\jdk-17\bin\sunmscapi.dll
0x00007fff44da0000 - 0x00007fff44f17000 	C:\WINDOWS\System32\CRYPT32.dll
0x00007fff44370000 - 0x00007fff443a0000 	C:\WINDOWS\SYSTEM32\ncrypt.dll
0x00007fff44320000 - 0x00007fff4435f000 	C:\WINDOWS\SYSTEM32\NTASN1.dll
0x00007fff3c1b0000 - 0x00007fff3c1b8000 	C:\WINDOWS\system32\wshunix.dll
0x00007fff25cc0000 - 0x00007fff25cd8000 	C:\WINDOWS\system32\napinsp.dll
0x00007fff24460000 - 0x00007fff24473000 	C:\WINDOWS\System32\winrnr.dll
0x00007fff24100000 - 0x00007fff24122000 	C:\WINDOWS\system32\nlansp_c.dll
0x00007fff3b540000 - 0x00007fff3b556000 	C:\WINDOWS\system32\wshbth.dll
0x00007fff3c160000 - 0x00007fff3c16b000 	C:\Windows\System32\rasadhlp.dll
0x00007fff353f0000 - 0x00007fff35476000 	C:\WINDOWS\System32\fwpuclnt.dll

dbghelp: loaded successfully - version: 4.0.5 - missing functions: none
symbol engine: initialized successfully - sym options: 0x614 - pdb path: .;C:\Program Files\Java\jdk-17\bin;C:\WINDOWS\SYSTEM32;C:\WINDOWS\WinSxS\amd64_microsoft.windows.common-controls_6595b64144ccf1df_6.0.26100.8115_none_3e075c82e3354f9c;C:\Program Files\Java\jdk-17\bin\server;C:\Users\Lenovo\.gradle\native\1def1411415f61bf3af743bc5b6707747c0891f09f0c88961ee8f79bc544acac\windows-amd64;C:\Users\Lenovo\.gradle\native\0.2.7\x86_64-windows-gnu

VM Arguments:
jvm_args: --add-opens=java.base/java.lang=ALL-UNNAMED --add-opens=java.base/java.lang.invoke=ALL-UNNAMED --add-opens=java.base/java.util=ALL-UNNAMED --add-opens=java.prefs/java.util.prefs=ALL-UNNAMED --add-exports=jdk.compiler/com.sun.tools.javac.api=ALL-UNNAMED --add-exports=jdk.compiler/com.sun.tools.javac.util=ALL-UNNAMED --add-opens=java.base/java.util=ALL-UNNAMED --add-opens=java.prefs/java.util.prefs=ALL-UNNAMED --add-opens=java.base/java.nio.charset=ALL-UNNAMED --add-opens=java.base/java.net=ALL-UNNAMED --add-opens=java.base/java.util.concurrent.atomic=ALL-UNNAMED --add-opens=java.xml/javax.xml.namespace=ALL-UNNAMED -XX:MaxMetaspaceSize=4G -XX:ReservedCodeCacheSize=512m -XX:+HeapDumpOnOutOfMemoryError -Xmx8G -Dfile.encoding=UTF-8 -Duser.country=FR -Duser.language=fr -Duser.variant -javaagent:C:\Users\Lenovo\.gradle\wrapper\dists\gradle-8.14-all\c2qonpi39x1mddn7hk5gh9iqj\gradle-8.14\lib\agents\gradle-instrumentation-agent-8.14.jar 
java_command: org.gradle.launcher.daemon.bootstrap.GradleDaemon 8.14
java_class_path (initial): C:\Users\Lenovo\.gradle\wrapper\dists\gradle-8.14-all\c2qonpi39x1mddn7hk5gh9iqj\gradle-8.14\lib\gradle-daemon-main-8.14.jar
Launcher Type: SUN_STANDARD

[Global flags]
     intx CICompilerCount                          = 4                                         {product} {ergonomic}
     uint ConcGCThreads                            = 2                                         {product} {ergonomic}
     uint G1ConcRefinementThreads                  = 8                                         {product} {ergonomic}
   size_t G1HeapRegionSize                         = 4194304                                   {product} {ergonomic}
    uintx GCDrainStackTargetSize                   = 64                                        {product} {ergonomic}
     bool HeapDumpOnOutOfMemoryError               = true                                   {manageable} {command line}
   size_t InitialHeapSize                          = 134217728                                 {product} {ergonomic}
   size_t MarkStackSize                            = 4194304                                   {product} {ergonomic}
   size_t MaxHeapSize                              = 8589934592                                {product} {command line}
   size_t MaxMetaspaceSize                         = 4294967296                                {product} {command line}
   size_t MaxNewSize                               = 5150605312                                {product} {ergonomic}
   size_t MinHeapDeltaBytes                        = 4194304                                   {product} {ergonomic}
   size_t MinHeapSize                              = 8388608                                   {product} {ergonomic}
    uintx NonNMethodCodeHeapSize                   = 5839372                                {pd product} {ergonomic}
    uintx NonProfiledCodeHeapSize                  = 265515770                              {pd product} {ergonomic}
    uintx ProfiledCodeHeapSize                     = 265515770                              {pd product} {ergonomic}
    uintx ReservedCodeCacheSize                    = 536870912                              {pd product} {command line}
     bool SegmentedCodeCache                       = true                                      {product} {ergonomic}
   size_t SoftMaxHeapSize                          = 8589934592                             {manageable} {ergonomic}
   double SweeperThreshold                         = 0.234375                                  {product} {ergonomic}
     bool UseCompressedClassPointers               = true                           {product lp64_product} {ergonomic}
     bool UseCompressedOops                        = true                           {product lp64_product} {ergonomic}
     bool UseG1GC                                  = true                                      {product} {ergonomic}
     bool UseLargePagesIndividualAllocation        = false                                  {pd product} {ergonomic}

Logging:
Log output configuration:
 #0: stdout all=warning uptime,level,tags
 #1: stderr all=off uptime,level,tags

Environment Variables:
JAVA_HOME=C:\Program Files\Java\jdk-17
PATH=C:\Program Files\Common Files\Oracle\Java\javapath;C:\Program Files (x86)\VMware\VMware Workstation\bin\;C:\WINDOWS\system32;C:\WINDOWS;C:\WINDOWS\System32\Wbem;C:\WINDOWS\System32\WindowsPowerShell\v1.0\;C:\WINDOWS\System32\OpenSSH\;C:\Program Files\Git\cmd;C:\Program Files\dotnet\;C:\Program Files\Java\jdk-17\bin;C:\Program Files\Docker\Docker\resources\bin;C:\Users\Lenovo\AppData\Local\Android\Sdk\platform-tools;C:\Users\Lenovo\AppData\Local\nvm;C:\nvm4w\nodejs;C:\Program Files\PostgreSQL\16\bin;C:\Users\Lenovo\Downloads\apache-maven-3.9.12-bin\apache-maven-3.9.12\bin;C:\flutter_windows_3.41.2-stable\flutter\bin;C:\MinGW\bin;C:\Users\Lenovo\AppData\Local\Pub\Cache\bin;C:\Users\Lenovo\AppData\Local\Pub\Cache\bin;C:\Users\Lenovo\AppData\Local\Programs\Python\Python312\Scripts\;C:\Users\Lenovo\AppData\Local\Programs\Python\Python312\;C:\Users\Lenovo\AppData\Local\Programs\Python\Launcher\;C:\Users\Lenovo\.local\bin;C:\Users\Lenovo\AppData\Local\Programs\Python\Python310\Scripts\;C:\Users\Lenovo\AppData\Local\Programs\Python\Python310\;C:\Users\Lenovo\AppData\Local\Programs\Python\Python311\Scripts\;C:\Users\Lenovo\AppData\Local\Programs\Python\Python311\;C:\Users\Lenovo\AppData\Local\Microsoft\WindowsApps;C:\Users\Lenovo\AppData\Local\Programs\Microsoft VS Code\bin;C:\Program Files\Tesseract-OCR;C:\Users\Lenovo\Downloads\vips-dev-w64-web-8.16.0\vips-dev-8.16\bin;C:\MinGW\bin;C:\Users\Lenovo\Downloads\gcc-14.2.0-no-debug\bin;C:\Users\Lenovo\Downloads\opencv\build\x64\vc16\bin;C:\Program Files\ImageMagick-7.1.1-Q16;C:\Program Files\JetBrains\IntelliJ IDEA 2025.3.3\bin;C:\Program Files\Java\jdk-21\bin;C:\xampp\mysql\bin;C:\Program Files\Java\jdk-17\bin;C:\Users\Lenovo\AppData\Roaming\npm;C:\Users\Lenovo\AppData\Local\nvm;C:\nvm4w\nodejs;C:\Users\Lenovo\AppData\Local\Python\bin
USERNAME=Lenovo
OS=Windows_NT
PROCESSOR_IDENTIFIER=Intel64 Family 6 Model 142 Stepping 10, GenuineIntel



---------------  S Y S T E M  ---------------

OS:
 Windows 11 , 64 bit Build 26100 (10.0.26100.8115)
OS uptime: 0 days 3:50 hours
Hyper-V role detected

CPU: total 8 (initial active 8) (4 cores per cpu, 2 threads per core) family 6 model 142 stepping 10 microcode 0xe0, cx8, cmov, fxsr, ht, mmx, 3dnowpref, sse, sse2, sse3, ssse3, sse4.1, sse4.2, popcnt, lzcnt, tsc, tscinvbit, avx, avx2, aes, erms, clmul, bmi1, bmi2, adx, fma, vzeroupper, clflush, clflushopt, hv

Memory: 4k page, system-wide physical 8046M (771M free)
TotalPageFile size 14190M (AvailPageFile size 17M)
current process WorkingSet (physical memory assigned to process): 866M, peak: 866M
current process commit charge ("private bytes"): 1236M, peak: 1238M

vm_info: Java HotSpot(TM) 64-Bit Server VM (17.0.12+8-LTS-286) for windows-amd64 JRE (17.0.12+8-LTS-286), built on Jun  5 2024 06:46:59 by "mach5one" with MS VC++ 17.6 (VS2022)

END.
