#
# There is insufficient memory for the Java Runtime Environment to continue.
# Native memory allocation (malloc) failed to allocate 1234416 bytes for Chunk::new
# Possible reasons:
#   The system is out of physical RAM or swap space
#   The process is running with CompressedOops enabled, and the Java Heap may be blocking the growth of the native heap
# Possible solutions:
#   Reduce memory load on the system
#   Increase physical memory or swap space
#   Check if swap backing store is full
#   Decrease Java heap size (-Xmx/-Xms)
#   Decrease number of Java threads
#   Decrease Java thread stack sizes (-Xss)
#   Set larger code cache with -XX:ReservedCodeCacheSize=
#   JVM is running with Zero Based Compressed Oops mode in which the Java heap is
#     placed in the first 32GB address space. The Java Heap base address is the
#     maximum limit for the native heap growth. Please use -XX:HeapBaseMinAddress
#     to set the Java Heap base and to place the Java Heap above 32GB virtual address.
# This output file may be truncated or incomplete.
#
#  Out of Memory Error (arena.cpp:189), pid=11604, tid=8992
#
# JRE version: Java(TM) SE Runtime Environment (17.0.12+8) (build 17.0.12+8-LTS-286)
# Java VM: Java HotSpot(TM) 64-Bit Server VM (17.0.12+8-LTS-286, mixed mode, sharing, tiered, compressed oops, compressed class ptrs, g1 gc, windows-amd64)
# No core dump will be written. Minidumps are not enabled by default on client versions of Windows
#

---------------  S U M M A R Y ------------

Command Line: --add-opens=java.base/java.lang=ALL-UNNAMED --add-opens=java.base/java.lang.invoke=ALL-UNNAMED --add-opens=java.base/java.util=ALL-UNNAMED --add-opens=java.prefs/java.util.prefs=ALL-UNNAMED --add-exports=jdk.compiler/com.sun.tools.javac.api=ALL-UNNAMED --add-exports=jdk.compiler/com.sun.tools.javac.util=ALL-UNNAMED --add-opens=java.base/java.util=ALL-UNNAMED --add-opens=java.prefs/java.util.prefs=ALL-UNNAMED --add-opens=java.base/java.nio.charset=ALL-UNNAMED --add-opens=java.base/java.net=ALL-UNNAMED --add-opens=java.base/java.util.concurrent.atomic=ALL-UNNAMED --add-opens=java.xml/javax.xml.namespace=ALL-UNNAMED -XX:MaxMetaspaceSize=4G -XX:ReservedCodeCacheSize=512m -XX:+HeapDumpOnOutOfMemoryError -Xmx8G -Dfile.encoding=UTF-8 -Duser.country=FR -Duser.language=fr -Duser.variant -javaagent:C:\Users\Lenovo\.gradle\wrapper\dists\gradle-8.14-all\c2qonpi39x1mddn7hk5gh9iqj\gradle-8.14\lib\agents\gradle-instrumentation-agent-8.14.jar org.gradle.launcher.daemon.bootstrap.GradleDaemon 8.14

Host: Intel(R) Core(TM) i7-8550U CPU @ 1.80GHz, 8 cores, 7G,  Windows 11 , 64 bit Build 26100 (10.0.26100.8115)
Time: Wed Apr 15 23:07:40 2026 Maroc (heure d64 bit Build 26100 (10.0.26100.8115) elapsed time: 60.659478 seconds (0d 0h 1m 0s)

---------------  T H R E A D  ---------------

Current thread (0x000002b8c58a40f0):  JavaThread "C2 CompilerThread1" daemon [_thread_in_native, id=8992, stack(0x000000cf64500000,0x000000cf64600000)]


Current CompileTask:
C2:  60659 13985       4       org.gradle.api.internal.artifacts.configurations.DefaultConfiguration::notifyChildren (40 bytes)

Stack: [0x000000cf64500000,0x000000cf64600000]
Native frames: (J=compiled Java code, j=interpreted, Vv=VM code, C=native code)
V  [jvm.dll+0x67a04a]
V  [jvm.dll+0x7da4ed]
V  [jvm.dll+0x7dbe33]
V  [jvm.dll+0x7dc4a3]
V  [jvm.dll+0x24508f]
V  [jvm.dll+0xab773]
V  [jvm.dll+0xabd3c]
V  [jvm.dll+0x361b9f]
V  [jvm.dll+0x32c431]
V  [jvm.dll+0x32b8ca]
V  [jvm.dll+0x21683f]
V  [jvm.dll+0x215c6f]
V  [jvm.dll+0x1a2960]
V  [jvm.dll+0x22610b]
V  [jvm.dll+0x2242ab]
V  [jvm.dll+0x79075c]
V  [jvm.dll+0x78abea]
V  [jvm.dll+0x678f35]
C  [ucrtbase.dll+0x37b0]
C  [KERNEL32.DLL+0x2e8d7]
C  [ntdll.dll+0x8c3fc]


---------------  P R O C E S S  ---------------

Threads class SMR info:
_java_thread_list=0x000002b8d2462230, length=136, elements={
0x000002b844538eb0, 0x000002b87f646870, 0x000002b87f647340, 0x000002b8c500a3b0,
0x000002b8c500ac80, 0x000002b8c500c560, 0x000002b8c500f240, 0x000002b8c5011e50,
0x000002b8c501dc70, 0x000002b8c501e580, 0x000002b87f62fca0, 0x000002b8c5219790,
0x000002b8c6a20c20, 0x000002b8c6a1de90, 0x000002b8c6a1edc0, 0x000002b8c6a20200,
0x000002b8c6a1f7e0, 0x000002b8c6a1d980, 0x000002b8c6a1e3a0, 0x000002b8c6a20710,
0x000002b8c6a1f2d0, 0x000002b8c6a1fcf0, 0x000002b8c6a21130, 0x000002b8c6a1e8b0,
0x000002b8c57abcd0, 0x000002b8c57aada0, 0x000002b8c57ab2b0, 0x000002b8c57a9e70,
0x000002b8c57ab7c0, 0x000002b8c57aa890, 0x000002b8c57a8520, 0x000002b8c57aa380,
0x000002b8c57ac6f0, 0x000002b8c57a8f40, 0x000002b8c57a9450, 0x000002b8c57af480,
0x000002b8c57ae040, 0x000002b8c57aea60, 0x000002b8c57aef70, 0x000002b8c57afea0,
0x000002b8c57ad110, 0x000002b8c8af3610, 0x000002b8c8af26e0, 0x000002b8c8af17b0,
0x000002b8c8af1cc0, 0x000002b8c8af2bf0, 0x000002b8c8af21d0, 0x000002b8c8af3100,
0x000002b8c8aefe60, 0x000002b8c8af0d90, 0x000002b8c8af3b20, 0x000002b8c8af0370,
0x000002b8c8af4030, 0x000002b8c8af0880, 0x000002b8c8af4540, 0x000002b8c8af4a50,
0x000002b8c8af12a0, 0x000002b8c8af5470, 0x000002b8c8af72d0, 0x000002b8c8af4f60,
0x000002b8c8af5980, 0x000002b8c8af77e0, 0x000002b8c8af5e90, 0x000002b8c8af63a0,
0x000002b8c8be6f20, 0x000002b8c8bea6d0, 0x000002b8c8be8870, 0x000002b8c8be9cb0,
0x000002b8c8beabe0, 0x000002b8c8beb0f0, 0x000002b8c8be7940, 0x000002b8c8be7e50,
0x000002b8c8beb600, 0x000002b8c8be9290, 0x000002b8c8be8d80, 0x000002b8c8bebb10,
0x000002b8c8be8360, 0x000002b8c8bed460, 0x000002b8c8bec020, 0x000002b8c8bed970,
0x000002b8c8bede80, 0x000002b8c8bee390, 0x000002b8c8bec530, 0x000002b8c8beca40,
0x000002b8c8becf50, 0x000002b8c8bee8a0, 0x000002b8c8a911a0, 0x000002b8c8a93a20,
0x000002b8c8a94440, 0x000002b8c8a94950, 0x000002b8c8a93f30, 0x000002b8c8a916b0,
0x000002b8c8a94e60, 0x000002b8c8a95370, 0x000002b8c8a92af0, 0x000002b8c8a91bc0,
0x000002b8c8a93510, 0x000002b8c8a95880, 0x000002b8c8a920d0, 0x000002b8c8a962a0,
0x000002b8c8a97bf0, 0x000002b8c8a96cc0, 0x000002b8c8a976e0, 0x000002b8c8a971d0,
0x000002b8c8a98610, 0x000002b8c8a95d90, 0x000002b8c8a98100, 0x000002b8c8a967b0,
0x000002b8c8a98b20, 0x000002b8c57ad620, 0x000002b8c959b560, 0x000002b8c959a630,
0x000002b8c959c490, 0x000002b8c959ba70, 0x000002b8c959e2f0, 0x000002b8c959d8d0,
0x000002b8c959bf80, 0x000002b8c959c9a0, 0x000002b8c959ed10, 0x000002b8c58a40f0,
0x000002b8c95a0b70, 0x000002b8c57af990, 0x000002b8cacc9890, 0x000002b8cacc8e70,
0x000002b8cacca2b0, 0x000002b8cacca7c0, 0x000002b8caccacd0, 0x000002b8cacc9da0,
0x000002b8caccb1e0, 0x000002b8cacc9380, 0x000002b8caccb6f0, 0x000002b8cacc8450,
0x000002b8caccbc00, 0x000002b8caccc110, 0x000002b8cacc8960, 0x000002b8caccdf70
}

Java Threads: ( => current thread )
  0x000002b844538eb0 JavaThread "main" [_thread_blocked, id=7448, stack(0x000000cf61300000,0x000000cf61400000)]
  0x000002b87f646870 JavaThread "Reference Handler" daemon [_thread_blocked, id=11312, stack(0x000000cf61a00000,0x000000cf61b00000)]
  0x000002b87f647340 JavaThread "Finalizer" daemon [_thread_blocked, id=4156, stack(0x000000cf61b00000,0x000000cf61c00000)]
  0x000002b8c500a3b0 JavaThread "Signal Dispatcher" daemon [_thread_blocked, id=5032, stack(0x000000cf61c00000,0x000000cf61d00000)]
  0x000002b8c500ac80 JavaThread "Attach Listener" daemon [_thread_blocked, id=17404, stack(0x000000cf61d00000,0x000000cf61e00000)]
  0x000002b8c500c560 JavaThread "Service Thread" daemon [_thread_blocked, id=1200, stack(0x000000cf61e00000,0x000000cf61f00000)]
  0x000002b8c500f240 JavaThread "Monitor Deflation Thread" daemon [_thread_blocked, id=18912, stack(0x000000cf61f00000,0x000000cf62000000)]
  0x000002b8c5011e50 JavaThread "C2 CompilerThread0" daemon [_thread_blocked, id=12088, stack(0x000000cf62000000,0x000000cf62100000)]
  0x000002b8c501dc70 JavaThread "C1 CompilerThread0" daemon [_thread_blocked, id=18124, stack(0x000000cf62100000,0x000000cf62200000)]
  0x000002b8c501e580 JavaThread "Sweeper thread" daemon [_thread_blocked, id=12868, stack(0x000000cf62200000,0x000000cf62300000)]
  0x000002b87f62fca0 JavaThread "Common-Cleaner" daemon [_thread_blocked, id=9016, stack(0x000000cf62300000,0x000000cf62400000)]
  0x000002b8c5219790 JavaThread "Notification Thread" daemon [_thread_blocked, id=5464, stack(0x000000cf62400000,0x000000cf62500000)]
  0x000002b8c6a20c20 JavaThread "Daemon health stats" [_thread_blocked, id=15504, stack(0x000000cf62c00000,0x000000cf62d00000)]
  0x000002b8c6a1de90 JavaThread "Incoming local TCP Connector on port 63162" [_thread_in_native, id=15868, stack(0x000000cf62900000,0x000000cf62a00000)]
  0x000002b8c6a1edc0 JavaThread "Daemon periodic checks" [_thread_blocked, id=15784, stack(0x000000cf62d00000,0x000000cf62e00000)]
  0x000002b8c6a20200 JavaThread "Daemon" [_thread_blocked, id=3956, stack(0x000000cf62e00000,0x000000cf62f00000)]
  0x000002b8c6a1f7e0 JavaThread "Handler for socket connection from /127.0.0.1:63162 to /127.0.0.1:63163" [_thread_in_native, id=11612, stack(0x000000cf62f00000,0x000000cf63000000)]
  0x000002b8c6a1d980 JavaThread "Cancel handler" [_thread_blocked, id=7812, stack(0x000000cf63000000,0x000000cf63100000)]
  0x000002b8c6a1e3a0 JavaThread "Daemon worker" [_thread_in_native, id=15596, stack(0x000000cf63100000,0x000000cf63200000)]
  0x000002b8c6a20710 JavaThread "Asynchronous log dispatcher for DefaultDaemonConnection: socket connection from /127.0.0.1:63162 to /127.0.0.1:63163" [_thread_blocked, id=2892, stack(0x000000cf63200000,0x000000cf63300000)]
  0x000002b8c6a1f2d0 JavaThread "Stdin handler" [_thread_blocked, id=11136, stack(0x000000cf63300000,0x000000cf63400000)]
  0x000002b8c6a1fcf0 JavaThread "Daemon client event forwarder" [_thread_blocked, id=16524, stack(0x000000cf63400000,0x000000cf63500000)]
  0x000002b8c6a21130 JavaThread "Cache worker for journal cache (C:\Users\Lenovo\.gradle\caches\journal-1)" [_thread_blocked, id=7560, stack(0x000000cf63500000,0x000000cf63600000)]
  0x000002b8c6a1e8b0 JavaThread "File lock request listener" [_thread_in_native, id=19404, stack(0x000000cf63600000,0x000000cf63700000)]
  0x000002b8c57abcd0 JavaThread "Cache worker for file hash cache (C:\Users\Lenovo\.gradle\caches\8.14\fileHashes)" [_thread_blocked, id=15788, stack(0x000000cf63800000,0x000000cf63900000)]
  0x000002b8c57aada0 JavaThread "Cache worker for file hash cache (C:\Users\Lenovo\Downloads\hackathon\projet-devcare-hackathon\android\.gradle\8.14\fileHashes)" [_thread_blocked, id=19784, stack(0x000000cf63c00000,0x000000cf63d00000)]
  0x000002b8c57ab2b0 JavaThread "Cache worker for Build Output Cleanup Cache (C:\Users\Lenovo\Downloads\hackathon\projet-devcare-hackathon\android\.gradle\buildOutputCleanup)" [_thread_blocked, id=18948, stack(0x000000cf63d00000,0x000000cf63e00000)]
  0x000002b8c57a9e70 JavaThread "File watcher server" daemon [_thread_in_native, id=1824, stack(0x000000cf63f00000,0x000000cf64000000)]
  0x000002b8c57ab7c0 JavaThread "File watcher consumer" daemon [_thread_blocked, id=17772, stack(0x000000cf64000000,0x000000cf64100000)]
  0x000002b8c57aa890 JavaThread "jar transforms" [_thread_blocked, id=11640, stack(0x000000cf64100000,0x000000cf64200000)]
  0x000002b8c57a8520 JavaThread "jar transforms Thread 2" [_thread_blocked, id=8036, stack(0x000000cf64200000,0x000000cf64300000)]
  0x000002b8c57aa380 JavaThread "jar transforms Thread 3" [_thread_blocked, id=13724, stack(0x000000cf64300000,0x000000cf64400000)]
  0x000002b8c57ac6f0 JavaThread "jar transforms Thread 4" [_thread_blocked, id=18760, stack(0x000000cf63b00000,0x000000cf63c00000)]
  0x000002b8c57a8f40 JavaThread "jar transforms Thread 5" [_thread_blocked, id=16016, stack(0x000000cf64400000,0x000000cf64500000)]
  0x000002b8c57a9450 JavaThread "Cache worker for checksums cache (C:\Users\Lenovo\Downloads\hackathon\projet-devcare-hackathon\android\.gradle\8.14\checksums)" [_thread_blocked, id=9268, stack(0x000000cf64600000,0x000000cf64700000)]
  0x000002b8c57af480 JavaThread "Cache worker for file content cache (C:\Users\Lenovo\.gradle\caches\8.14\fileContent)" [_thread_blocked, id=5848, stack(0x000000cf64700000,0x000000cf64800000)]
  0x000002b8c57ae040 JavaThread "jar transforms Thread 6" [_thread_blocked, id=15268, stack(0x000000cf63700000,0x000000cf63800000)]
  0x000002b8c57aea60 JavaThread "jar transforms Thread 7" [_thread_blocked, id=17064, stack(0x000000cf64800000,0x000000cf64900000)]
  0x000002b8c57aef70 JavaThread "jar transforms Thread 8" [_thread_blocked, id=20340, stack(0x000000cf64a00000,0x000000cf64b00000)]
  0x000002b8c57afea0 JavaThread "Cache worker for cache directory md-supplier (C:\Users\Lenovo\.gradle\caches\8.14\md-supplier)" [_thread_blocked, id=17792, stack(0x000000cf64b00000,0x000000cf64c00000)]
  0x000002b8c57ad110 JavaThread "Cache worker for cache directory md-rule (C:\Users\Lenovo\.gradle\caches\8.14\md-rule)" [_thread_blocked, id=20304, stack(0x000000cf64c00000,0x000000cf64d00000)]
  0x000002b8c8af3610 JavaThread "Cache worker for Build Output Cleanup Cache (C:\flutter_windows_3.41.2-stable\flutter\packages\flutter_tools\gradle\.gradle\buildOutputCleanup)" [_thread_blocked, id=19344, stack(0x000000cf64900000,0x000000cf64a00000)]
  0x000002b8c8af26e0 JavaThread "Unconstrained build operations" [_thread_blocked, id=2656, stack(0x000000cf64e00000,0x000000cf64f00000)]
  0x000002b8c8af17b0 JavaThread "Unconstrained build operations Thread 2" [_thread_blocked, id=7532, stack(0x000000cf64f00000,0x000000cf65000000)]
  0x000002b8c8af1cc0 JavaThread "Unconstrained build operations Thread 3" [_thread_blocked, id=17048, stack(0x000000cf65000000,0x000000cf65100000)]
  0x000002b8c8af2bf0 JavaThread "Unconstrained build operations Thread 4" [_thread_blocked, id=13364, stack(0x000000cf65100000,0x000000cf65200000)]
  0x000002b8c8af21d0 JavaThread "Unconstrained build operations Thread 5" [_thread_blocked, id=5640, stack(0x000000cf65200000,0x000000cf65300000)]
  0x000002b8c8af3100 JavaThread "Unconstrained build operations Thread 6" [_thread_blocked, id=13960, stack(0x000000cf65300000,0x000000cf65400000)]
  0x000002b8c8aefe60 JavaThread "Unconstrained build operations Thread 7" [_thread_blocked, id=1684, stack(0x000000cf65400000,0x000000cf65500000)]
  0x000002b8c8af0d90 JavaThread "Unconstrained build operations Thread 8" [_thread_blocked, id=2348, stack(0x000000cf65500000,0x000000cf65600000)]
  0x000002b8c8af3b20 JavaThread "Unconstrained build operations Thread 9" [_thread_blocked, id=15728, stack(0x000000cf65600000,0x000000cf65700000)]
  0x000002b8c8af0370 JavaThread "Unconstrained build operations Thread 10" [_thread_blocked, id=11460, stack(0x000000cf65700000,0x000000cf65800000)]
  0x000002b8c8af4030 JavaThread "Unconstrained build operations Thread 11" [_thread_blocked, id=7500, stack(0x000000cf65800000,0x000000cf65900000)]
  0x000002b8c8af0880 JavaThread "Unconstrained build operations Thread 12" [_thread_blocked, id=14500, stack(0x000000cf65900000,0x000000cf65a00000)]
  0x000002b8c8af4540 JavaThread "Unconstrained build operations Thread 13" [_thread_blocked, id=13660, stack(0x000000cf65a00000,0x000000cf65b00000)]
  0x000002b8c8af4a50 JavaThread "Unconstrained build operations Thread 14" [_thread_blocked, id=20228, stack(0x000000cf65b00000,0x000000cf65c00000)]
  0x000002b8c8af12a0 JavaThread "Unconstrained build operations Thread 15" [_thread_blocked, id=6848, stack(0x000000cf65c00000,0x000000cf65d00000)]
  0x000002b8c8af5470 JavaThread "Unconstrained build operations Thread 16" [_thread_blocked, id=6404, stack(0x000000cf65d00000,0x000000cf65e00000)]
  0x000002b8c8af72d0 JavaThread "Unconstrained build operations Thread 17" [_thread_blocked, id=9852, stack(0x000000cf65e00000,0x000000cf65f00000)]
  0x000002b8c8af4f60 JavaThread "Unconstrained build operations Thread 18" [_thread_blocked, id=14108, stack(0x000000cf65f00000,0x000000cf66000000)]
  0x000002b8c8af5980 JavaThread "Unconstrained build operations Thread 19" [_thread_blocked, id=16348, stack(0x000000cf66000000,0x000000cf66100000)]
  0x000002b8c8af77e0 JavaThread "Unconstrained build operations Thread 20" [_thread_blocked, id=5936, stack(0x000000cf66100000,0x000000cf66200000)]
  0x000002b8c8af5e90 JavaThread "Unconstrained build operations Thread 21" [_thread_blocked, id=8312, stack(0x000000cf66200000,0x000000cf66300000)]
  0x000002b8c8af63a0 JavaThread "Memory manager" [_thread_blocked, id=20256, stack(0x000000cf66300000,0x000000cf66400000)]
  0x000002b8c8be6f20 JavaThread "build event listener" [_thread_blocked, id=15500, stack(0x000000cf64d00000,0x000000cf64e00000)]
  0x000002b8c8bea6d0 JavaThread "included builds" [_thread_blocked, id=20376, stack(0x000000cf66500000,0x000000cf66600000)]
  0x000002b8c8be8870 JavaThread "Execution worker" [_thread_blocked, id=16488, stack(0x000000cf66600000,0x000000cf66700000)]
  0x000002b8c8be9cb0 JavaThread "Execution worker Thread 2" [_thread_blocked, id=16160, stack(0x000000cf66700000,0x000000cf66800000)]
  0x000002b8c8beabe0 JavaThread "Execution worker Thread 3" [_thread_blocked, id=14008, stack(0x000000cf66800000,0x000000cf66900000)]
  0x000002b8c8beb0f0 JavaThread "Execution worker Thread 4" [_thread_blocked, id=19668, stack(0x000000cf66900000,0x000000cf66a00000)]
  0x000002b8c8be7940 JavaThread "Execution worker Thread 5" [_thread_blocked, id=11704, stack(0x000000cf66a00000,0x000000cf66b00000)]
  0x000002b8c8be7e50 JavaThread "Execution worker Thread 6" [_thread_blocked, id=20192, stack(0x000000cf66b00000,0x000000cf66c00000)]
  0x000002b8c8beb600 JavaThread "Execution worker Thread 7" [_thread_blocked, id=3232, stack(0x000000cf66c00000,0x000000cf66d00000)]
  0x000002b8c8be9290 JavaThread "Cache worker for execution history cache (C:\flutter_windows_3.41.2-stable\flutter\packages\flutter_tools\gradle\.gradle\8.14\executionHistory)" [_thread_blocked, id=15440, stack(0x000000cf66d00000,0x000000cf66e00000)]
  0x000002b8c8be8d80 JavaThread "Unconstrained build operations Thread 22" [_thread_blocked, id=19856, stack(0x000000cf66e00000,0x000000cf66f00000)]
  0x000002b8c8bebb10 JavaThread "Unconstrained build operations Thread 23" [_thread_blocked, id=16876, stack(0x000000cf66f00000,0x000000cf67000000)]
  0x000002b8c8be8360 JavaThread "Unconstrained build operations Thread 24" [_thread_blocked, id=18668, stack(0x000000cf67000000,0x000000cf67100000)]
  0x000002b8c8bed460 JavaThread "Unconstrained build operations Thread 25" [_thread_blocked, id=4972, stack(0x000000cf67100000,0x000000cf67200000)]
  0x000002b8c8bec020 JavaThread "Unconstrained build operations Thread 26" [_thread_blocked, id=18548, stack(0x000000cf67200000,0x000000cf67300000)]
  0x000002b8c8bed970 JavaThread "Unconstrained build operations Thread 27" [_thread_blocked, id=15852, stack(0x000000cf67300000,0x000000cf67400000)]
  0x000002b8c8bede80 JavaThread "Unconstrained build operations Thread 28" [_thread_blocked, id=17460, stack(0x000000cf67400000,0x000000cf67500000)]
  0x000002b8c8bee390 JavaThread "Unconstrained build operations Thread 29" [_thread_blocked, id=19392, stack(0x000000cf67500000,0x000000cf67600000)]
  0x000002b8c8bec530 JavaThread "Unconstrained build operations Thread 30" [_thread_blocked, id=19944, stack(0x000000cf67600000,0x000000cf67700000)]
  0x000002b8c8beca40 JavaThread "Unconstrained build operations Thread 31" [_thread_blocked, id=13600, stack(0x000000cf67700000,0x000000cf67800000)]
  0x000002b8c8becf50 JavaThread "Unconstrained build operations Thread 32" [_thread_blocked, id=11308, stack(0x000000cf67800000,0x000000cf67900000)]
  0x000002b8c8bee8a0 JavaThread "Unconstrained build operations Thread 33" [_thread_blocked, id=16272, stack(0x000000cf67900000,0x000000cf67a00000)]
  0x000002b8c8a911a0 JavaThread "Unconstrained build operations Thread 34" [_thread_blocked, id=8564, stack(0x000000cf67a00000,0x000000cf67b00000)]
  0x000002b8c8a93a20 JavaThread "Unconstrained build operations Thread 35" [_thread_blocked, id=8516, stack(0x000000cf67b00000,0x000000cf67c00000)]
  0x000002b8c8a94440 JavaThread "Unconstrained build operations Thread 36" [_thread_blocked, id=20336, stack(0x000000cf67c00000,0x000000cf67d00000)]
  0x000002b8c8a94950 JavaThread "Unconstrained build operations Thread 37" [_thread_blocked, id=7340, stack(0x000000cf67d00000,0x000000cf67e00000)]
  0x000002b8c8a93f30 JavaThread "Unconstrained build operations Thread 38" [_thread_blocked, id=10744, stack(0x000000cf67e00000,0x000000cf67f00000)]
  0x000002b8c8a916b0 JavaThread "Unconstrained build operations Thread 39" [_thread_blocked, id=13720, stack(0x000000cf67f00000,0x000000cf68000000)]
  0x000002b8c8a94e60 JavaThread "Unconstrained build operations Thread 40" [_thread_blocked, id=2296, stack(0x000000cf68000000,0x000000cf68100000)]
  0x000002b8c8a95370 JavaThread "Unconstrained build operations Thread 41" [_thread_blocked, id=8044, stack(0x000000cf68100000,0x000000cf68200000)]
  0x000002b8c8a92af0 JavaThread "Unconstrained build operations Thread 42" [_thread_blocked, id=15256, stack(0x000000cf68200000,0x000000cf68300000)]
  0x000002b8c8a91bc0 JavaThread "Unconstrained build operations Thread 43" [_thread_blocked, id=19004, stack(0x000000cf68300000,0x000000cf68400000)]
  0x000002b8c8a93510 JavaThread "Unconstrained build operations Thread 44" [_thread_blocked, id=2732, stack(0x000000cf68400000,0x000000cf68500000)]
  0x000002b8c8a95880 JavaThread "Unconstrained build operations Thread 45" [_thread_blocked, id=16340, stack(0x000000cf68500000,0x000000cf68600000)]
  0x000002b8c8a920d0 JavaThread "Unconstrained build operations Thread 46" [_thread_blocked, id=14472, stack(0x000000cf68600000,0x000000cf68700000)]
  0x000002b8c8a962a0 JavaThread "Unconstrained build operations Thread 47" [_thread_blocked, id=11972, stack(0x000000cf68700000,0x000000cf68800000)]
  0x000002b8c8a97bf0 JavaThread "Unconstrained build operations Thread 48" [_thread_blocked, id=19336, stack(0x000000cf68800000,0x000000cf68900000)]
  0x000002b8c8a96cc0 JavaThread "Unconstrained build operations Thread 49" [_thread_blocked, id=13080, stack(0x000000cf68900000,0x000000cf68a00000)]
  0x000002b8c8a976e0 JavaThread "Unconstrained build operations Thread 50" [_thread_blocked, id=9000, stack(0x000000cf68a00000,0x000000cf68b00000)]
  0x000002b8c8a971d0 JavaThread "Unconstrained build operations Thread 51" [_thread_blocked, id=10372, stack(0x000000cf68b00000,0x000000cf68c00000)]
  0x000002b8c8a98610 JavaThread "Unconstrained build operations Thread 52" [_thread_blocked, id=3820, stack(0x000000cf68c00000,0x000000cf68d00000)]
  0x000002b8c8a95d90 JavaThread "Unconstrained build operations Thread 53" [_thread_blocked, id=15328, stack(0x000000cf68d00000,0x000000cf68e00000)]
  0x000002b8c8a98100 JavaThread "Unconstrained build operations Thread 54" [_thread_blocked, id=19368, stack(0x000000cf68e00000,0x000000cf68f00000)]
  0x000002b8c8a967b0 JavaThread "Unconstrained build operations Thread 55" [_thread_blocked, id=1048, stack(0x000000cf68f00000,0x000000cf69000000)]
  0x000002b8c8a98b20 JavaThread "Unconstrained build operations Thread 56" [_thread_blocked, id=16628, stack(0x000000cf69000000,0x000000cf69100000)]
  0x000002b8c57ad620 JavaThread "Unconstrained build operations Thread 57" [_thread_blocked, id=13264, stack(0x000000cf69100000,0x000000cf69200000)]
  0x000002b8c959b560 JavaThread "Unconstrained build operations Thread 58" [_thread_blocked, id=1648, stack(0x000000cf69200000,0x000000cf69300000)]
  0x000002b8c959a630 JavaThread "Unconstrained build operations Thread 59" [_thread_blocked, id=15612, stack(0x000000cf69300000,0x000000cf69400000)]
  0x000002b8c959c490 JavaThread "Unconstrained build operations Thread 60" [_thread_blocked, id=20140, stack(0x000000cf69400000,0x000000cf69500000)]
  0x000002b8c959ba70 JavaThread "Unconstrained build operations Thread 61" [_thread_blocked, id=18612, stack(0x000000cf69500000,0x000000cf69600000)]
  0x000002b8c959e2f0 JavaThread "Unconstrained build operations Thread 62" [_thread_blocked, id=5932, stack(0x000000cf69600000,0x000000cf69700000)]
  0x000002b8c959d8d0 JavaThread "Unconstrained build operations Thread 63" [_thread_blocked, id=17448, stack(0x000000cf69700000,0x000000cf69800000)]
  0x000002b8c959bf80 JavaThread "Unconstrained build operations Thread 64" [_thread_blocked, id=4064, stack(0x000000cf69800000,0x000000cf69900000)]
  0x000002b8c959c9a0 JavaThread "Unconstrained build operations Thread 65" [_thread_blocked, id=19616, stack(0x000000cf69900000,0x000000cf69a00000)]
  0x000002b8c959ed10 JavaThread "build event listener" [_thread_blocked, id=14496, stack(0x000000cf69c00000,0x000000cf69d00000)]
=>0x000002b8c58a40f0 JavaThread "C2 CompilerThread1" daemon [_thread_in_native, id=8992, stack(0x000000cf64500000,0x000000cf64600000)]
  0x000002b8c95a0b70 JavaThread "Unconstrained build operations Thread 66" [_thread_blocked, id=1756, stack(0x000000cf69b00000,0x000000cf69c00000)]
  0x000002b8c57af990 JavaThread "Unconstrained build operations Thread 67" [_thread_blocked, id=14928, stack(0x000000cf69d00000,0x000000cf69e00000)]
  0x000002b8cacc9890 JavaThread "Unconstrained build operations Thread 68" [_thread_blocked, id=3252, stack(0x000000cf69e00000,0x000000cf69f00000)]
  0x000002b8cacc8e70 JavaThread "Unconstrained build operations Thread 69" [_thread_blocked, id=8168, stack(0x000000cf69f00000,0x000000cf6a000000)]
  0x000002b8cacca2b0 JavaThread "Unconstrained build operations Thread 70" [_thread_blocked, id=15156, stack(0x000000cf6a000000,0x000000cf6a100000)]
  0x000002b8cacca7c0 JavaThread "Unconstrained build operations Thread 71" [_thread_blocked, id=1184, stack(0x000000cf6a100000,0x000000cf6a200000)]
  0x000002b8caccacd0 JavaThread "Unconstrained build operations Thread 72" [_thread_blocked, id=15792, stack(0x000000cf6a200000,0x000000cf6a300000)]
  0x000002b8cacc9da0 JavaThread "Unconstrained build operations Thread 73" [_thread_blocked, id=19496, stack(0x000000cf6a300000,0x000000cf6a400000)]
  0x000002b8caccb1e0 JavaThread "Unconstrained build operations Thread 74" [_thread_blocked, id=4112, stack(0x000000cf6a400000,0x000000cf6a500000)]
  0x000002b8cacc9380 JavaThread "Unconstrained build operations Thread 75" [_thread_blocked, id=20064, stack(0x000000cf6a500000,0x000000cf6a600000)]
  0x000002b8caccb6f0 JavaThread "Unconstrained build operations Thread 76" [_thread_blocked, id=15604, stack(0x000000cf6a600000,0x000000cf6a700000)]
  0x000002b8cacc8450 JavaThread "Unconstrained build operations Thread 77" [_thread_blocked, id=2036, stack(0x000000cf6a700000,0x000000cf6a800000)]
  0x000002b8caccbc00 JavaThread "Unconstrained build operations Thread 78" [_thread_blocked, id=17468, stack(0x000000cf6a800000,0x000000cf6a900000)]
  0x000002b8caccc110 JavaThread "Unconstrained build operations Thread 79" [_thread_blocked, id=5536, stack(0x000000cf6a900000,0x000000cf6aa00000)]
  0x000002b8cacc8960 JavaThread "Unconstrained build operations Thread 80" [_thread_blocked, id=8364, stack(0x000000cf6aa00000,0x000000cf6ab00000)]
  0x000002b8caccdf70 JavaThread "Problems report writer" [_thread_blocked, id=7784, stack(0x000000cf6ac00000,0x000000cf6ad00000)]

Other Threads:
  0x000002b87f640200 VMThread "VM Thread" [stack: 0x000000cf61900000,0x000000cf61a00000] [id=7240]
  0x000002b87f4628b0 WatcherThread [stack: 0x000000cf62500000,0x000000cf62600000] [id=7576]
  0x000002b8445e78d0 GCTaskThread "GC Thread#0" [stack: 0x000000cf61400000,0x000000cf61500000] [id=19928]
  0x000002b8c5301030 GCTaskThread "GC Thread#1" [stack: 0x000000cf62700000,0x000000cf62800000] [id=20416]
  0x000002b8c53012f0 GCTaskThread "GC Thread#2" [stack: 0x000000cf62800000,0x000000cf62900000] [id=20132]
  0x000002b8c671ace0 GCTaskThread "GC Thread#3" [stack: 0x000000cf62a00000,0x000000cf62b00000] [id=19308]
  0x000002b8c61542e0 GCTaskThread "GC Thread#4" [stack: 0x000000cf62b00000,0x000000cf62c00000] [id=12380]
  0x000002b8c6613170 GCTaskThread "GC Thread#5" [stack: 0x000000cf62600000,0x000000cf62700000] [id=19272]
  0x000002b8c64bb430 GCTaskThread "GC Thread#6" [stack: 0x000000cf63900000,0x000000cf63a00000] [id=3008]
  0x000002b8c7428580 GCTaskThread "GC Thread#7" [stack: 0x000000cf63a00000,0x000000cf63b00000] [id=5044]
  0x000002b8445f9400 ConcurrentGCThread "G1 Main Marker" [stack: 0x000000cf61500000,0x000000cf61600000] [id=20044]
  0x000002b8445fa4c0 ConcurrentGCThread "G1 Conc#0" [stack: 0x000000cf61600000,0x000000cf61700000] [id=9772]
  0x000002b8cb280cf0 ConcurrentGCThread "G1 Conc#1" [stack: 0x000000cf63e00000,0x000000cf63f00000] [id=13788]
  0x000002b87f4f0c30 ConcurrentGCThread "G1 Refine#0" [stack: 0x000000cf61700000,0x000000cf61800000] [id=1324]
  0x000002b87f4f2420 ConcurrentGCThread "G1 Service" [stack: 0x000000cf61800000,0x000000cf61900000] [id=6540]

Threads with active compile tasks:
C2 CompilerThread1    60756 13985       4       org.gradle.api.internal.artifacts.configurations.DefaultConfiguration::notifyChildren (40 bytes)

VM state: not at safepoint (normal execution)

VM Mutex/Monitor currently owned by a thread: None

Heap address: 0x0000000600000000, size: 8192 MB, Compressed Oops mode: Zero based, Oop shift amount: 3

CDS archive(s) mapped at: [0x000002b880000000-0x000002b880bd0000-0x000002b880bd0000), size 12386304, SharedBaseAddress: 0x000002b880000000, ArchiveRelocationMode: 1.
Compressed class space mapped at: 0x000002b881000000-0x000002b8c1000000, reserved size: 1073741824
Narrow klass base: 0x000002b880000000, Narrow klass shift: 0, Narrow klass range: 0x100000000

GC Precious Log:
 CPUs: 8 total, 8 available
 Memory: 8046M
 Large Page Support: Disabled
 NUMA Support: Disabled
 Compressed Oops: Enabled (Zero based)
 Heap Region Size: 4M
 Heap Min Capacity: 8M
 Heap Initial Capacity: 128M
 Heap Max Capacity: 8G
 Pre-touch: Disabled
 Parallel Workers: 8
 Concurrent Workers: 2
 Concurrent Refinement Workers: 8
 Periodic GC: Disabled

Heap:
 garbage-first heap   total 425984K, used 298165K [0x0000000600000000, 0x0000000800000000)
  region size 4096K, 44 young (180224K), 4 survivors (16384K)
 Metaspace       used 103815K, committed 104960K, reserved 1179648K
  class space    used 14540K, committed 15104K, reserved 1048576K

Heap Regions: E=young(eden), S=young(survivor), O=old, HS=humongous(starts), HC=humongous(continues), CS=collection set, F=free, OA=open archive, CA=closed archive, TAMS=top-at-mark-start (previous, next)
|   0|0x0000000600000000, 0x0000000600400000, 0x0000000600400000|100%|HS|  |TAMS 0x0000000600400000, 0x0000000600000000| Complete 
|   1|0x0000000600400000, 0x0000000600800000, 0x0000000600800000|100%| O|  |TAMS 0x0000000600800000, 0x0000000600400000| Untracked 
|   2|0x0000000600800000, 0x0000000600c00000, 0x0000000600c00000|100%| O|  |TAMS 0x0000000600c00000, 0x0000000600800000| Untracked 
|   3|0x0000000600c00000, 0x0000000601000000, 0x0000000601000000|100%| O|  |TAMS 0x0000000601000000, 0x0000000600c00000| Untracked 
|   4|0x0000000601000000, 0x0000000601400000, 0x0000000601400000|100%| O|  |TAMS 0x0000000601400000, 0x0000000601000000| Untracked 
|   5|0x0000000601400000, 0x0000000601800000, 0x0000000601800000|100%| O|  |TAMS 0x0000000601800000, 0x0000000601400000| Untracked 
|   6|0x0000000601800000, 0x0000000601c00000, 0x0000000601c00000|100%| O|  |TAMS 0x0000000601c00000, 0x0000000601800000| Untracked 
|   7|0x0000000601c00000, 0x0000000602000000, 0x0000000602000000|100%| O|  |TAMS 0x0000000602000000, 0x0000000601c00000| Untracked 
|   8|0x0000000602000000, 0x0000000602400000, 0x0000000602400000|100%| O|  |TAMS 0x0000000602400000, 0x0000000602000000| Untracked 
|   9|0x0000000602400000, 0x0000000602800000, 0x0000000602800000|100%| O|  |TAMS 0x0000000602800000, 0x0000000602400000| Untracked 
|  10|0x0000000602800000, 0x0000000602c00000, 0x0000000602c00000|100%| O|  |TAMS 0x0000000602c00000, 0x0000000602800000| Untracked 
|  11|0x0000000602c00000, 0x0000000603000000, 0x0000000603000000|100%|HS|  |TAMS 0x0000000603000000, 0x0000000602c00000| Complete 
|  12|0x0000000603000000, 0x0000000603400000, 0x0000000603400000|100%| O|  |TAMS 0x0000000603400000, 0x0000000603000000| Untracked 
|  13|0x0000000603400000, 0x0000000603800000, 0x0000000603800000|100%|HS|  |TAMS 0x0000000603800000, 0x0000000603400000| Complete 
|  14|0x0000000603800000, 0x0000000603c00000, 0x0000000603c00000|100%| O|  |TAMS 0x0000000603c00000, 0x0000000603800000| Untracked 
|  15|0x0000000603c00000, 0x0000000604000000, 0x0000000604000000|100%| O|  |TAMS 0x0000000604000000, 0x0000000603c00000| Untracked 
|  16|0x0000000604000000, 0x0000000604400000, 0x0000000604400000|100%| O|  |TAMS 0x0000000604000000, 0x0000000604000000| Untracked 
|  17|0x0000000604400000, 0x0000000604800000, 0x0000000604800000|100%| O|  |TAMS 0x0000000604800000, 0x0000000604400000| Untracked 
|  18|0x0000000604800000, 0x0000000604c00000, 0x0000000604c00000|100%| O|  |TAMS 0x0000000604c00000, 0x0000000604800000| Untracked 
|  19|0x0000000604c00000, 0x0000000605000000, 0x0000000605000000|100%|HS|  |TAMS 0x0000000604c00000, 0x0000000604c00000| Complete 
|  20|0x0000000605000000, 0x0000000605400000, 0x0000000605400000|100%| O|  |TAMS 0x0000000605400000, 0x0000000605000000| Untracked 
|  21|0x0000000605400000, 0x0000000605800000, 0x0000000605800000|100%| O|  |TAMS 0x0000000605800000, 0x0000000605400000| Untracked 
|  22|0x0000000605800000, 0x0000000605c00000, 0x0000000605c00000|100%| O|  |TAMS 0x0000000605c00000, 0x0000000605800000| Untracked 
|  23|0x0000000605c00000, 0x0000000606000000, 0x0000000606000000|100%| O|  |TAMS 0x0000000606000000, 0x0000000605c00000| Untracked 
|  24|0x0000000606000000, 0x0000000606400000, 0x0000000606400000|100%| O|  |TAMS 0x0000000606400000, 0x0000000606000000| Untracked 
|  25|0x0000000606400000, 0x0000000606800000, 0x0000000606800000|100%| O|  |TAMS 0x0000000606800000, 0x0000000606400000| Untracked 
|  26|0x0000000606800000, 0x0000000606c00000, 0x0000000606c00000|100%| O|  |TAMS 0x0000000606c00000, 0x0000000606800000| Untracked 
|  27|0x0000000606c00000, 0x0000000607000000, 0x0000000607000000|100%| O|  |TAMS 0x0000000607000000, 0x0000000606c00000| Untracked 
|  28|0x0000000607000000, 0x0000000607400000, 0x0000000607400000|100%| O|  |TAMS 0x0000000607400000, 0x0000000607000000| Untracked 
|  29|0x0000000607400000, 0x0000000607800000, 0x0000000607800000|100%| O|  |TAMS 0x0000000607653200, 0x0000000607400000| Untracked 
|  30|0x0000000607800000, 0x000000060785ca00, 0x0000000607c00000|  9%| O|  |TAMS 0x0000000607800000, 0x0000000607800000| Untracked 
|  31|0x0000000607c00000, 0x0000000607c00000, 0x0000000608000000|  0%| F|  |TAMS 0x0000000607c00000, 0x0000000607c00000| Untracked 
|  32|0x0000000608000000, 0x0000000608000000, 0x0000000608400000|  0%| F|  |TAMS 0x0000000608000000, 0x0000000608000000| Untracked 
|  33|0x0000000608400000, 0x0000000608400000, 0x0000000608800000|  0%| F|  |TAMS 0x0000000608400000, 0x0000000608400000| Untracked 
|  34|0x0000000608800000, 0x0000000608800000, 0x0000000608c00000|  0%| F|  |TAMS 0x0000000608800000, 0x0000000608800000| Untracked 
|  35|0x0000000608c00000, 0x0000000608c00000, 0x0000000609000000|  0%| F|  |TAMS 0x0000000608c00000, 0x0000000608c00000| Untracked 
|  36|0x0000000609000000, 0x0000000609000000, 0x0000000609400000|  0%| F|  |TAMS 0x0000000609000000, 0x0000000609000000| Untracked 
|  37|0x0000000609400000, 0x0000000609400000, 0x0000000609800000|  0%| F|  |TAMS 0x0000000609400000, 0x0000000609400000| Untracked 
|  38|0x0000000609800000, 0x0000000609800000, 0x0000000609c00000|  0%| F|  |TAMS 0x0000000609800000, 0x0000000609800000| Untracked 
|  39|0x0000000609c00000, 0x0000000609c00000, 0x000000060a000000|  0%| F|  |TAMS 0x0000000609c00000, 0x0000000609c00000| Untracked 
|  40|0x000000060a000000, 0x000000060a000000, 0x000000060a400000|  0%| F|  |TAMS 0x000000060a000000, 0x000000060a000000| Untracked 
|  41|0x000000060a400000, 0x000000060a400000, 0x000000060a800000|  0%| F|  |TAMS 0x000000060a400000, 0x000000060a400000| Untracked 
|  42|0x000000060a800000, 0x000000060a800000, 0x000000060ac00000|  0%| F|  |TAMS 0x000000060a800000, 0x000000060a800000| Untracked 
|  43|0x000000060ac00000, 0x000000060ac00000, 0x000000060b000000|  0%| F|  |TAMS 0x000000060ac00000, 0x000000060ac00000| Untracked 
|  44|0x000000060b000000, 0x000000060b000000, 0x000000060b400000|  0%| F|  |TAMS 0x000000060b000000, 0x000000060b000000| Untracked 
|  45|0x000000060b400000, 0x000000060b400000, 0x000000060b800000|  0%| F|  |TAMS 0x000000060b400000, 0x000000060b400000| Untracked 
|  46|0x000000060b800000, 0x000000060b800000, 0x000000060bc00000|  0%| F|  |TAMS 0x000000060b800000, 0x000000060b800000| Untracked 
|  47|0x000000060bc00000, 0x000000060bc00000, 0x000000060c000000|  0%| F|  |TAMS 0x000000060bc00000, 0x000000060bc00000| Untracked 
|  48|0x000000060c000000, 0x000000060c000000, 0x000000060c400000|  0%| F|  |TAMS 0x000000060c000000, 0x000000060c000000| Untracked 
|  49|0x000000060c400000, 0x000000060c400000, 0x000000060c800000|  0%| F|  |TAMS 0x000000060c400000, 0x000000060c400000| Untracked 
|  50|0x000000060c800000, 0x000000060cad0c80, 0x000000060cc00000| 70%| S|CS|TAMS 0x000000060c800000, 0x000000060c800000| Complete 
|  51|0x000000060cc00000, 0x000000060d000000, 0x000000060d000000|100%| S|CS|TAMS 0x000000060cc00000, 0x000000060cc00000| Complete 
|  52|0x000000060d000000, 0x000000060d400000, 0x000000060d400000|100%| S|CS|TAMS 0x000000060d000000, 0x000000060d000000| Complete 
|  53|0x000000060d400000, 0x000000060d800000, 0x000000060d800000|100%| S|CS|TAMS 0x000000060d400000, 0x000000060d400000| Complete 
|  54|0x000000060d800000, 0x000000060d800000, 0x000000060dc00000|  0%| F|  |TAMS 0x000000060d800000, 0x000000060d800000| Untracked 
|  55|0x000000060dc00000, 0x000000060dc00000, 0x000000060e000000|  0%| F|  |TAMS 0x000000060dc00000, 0x000000060dc00000| Untracked 
|  56|0x000000060e000000, 0x000000060e000000, 0x000000060e400000|  0%| F|  |TAMS 0x000000060e000000, 0x000000060e000000| Untracked 
|  57|0x000000060e400000, 0x000000060e400000, 0x000000060e800000|  0%| F|  |TAMS 0x000000060e400000, 0x000000060e400000| Untracked 
|  58|0x000000060e800000, 0x000000060e800000, 0x000000060ec00000|  0%| F|  |TAMS 0x000000060e800000, 0x000000060e800000| Untracked 
|  59|0x000000060ec00000, 0x000000060ec00000, 0x000000060f000000|  0%| F|  |TAMS 0x000000060ec00000, 0x000000060ec00000| Untracked 
|  60|0x000000060f000000, 0x000000060f000000, 0x000000060f400000|  0%| F|  |TAMS 0x000000060f000000, 0x000000060f000000| Untracked 
|  61|0x000000060f400000, 0x000000060f400000, 0x000000060f800000|  0%| F|  |TAMS 0x000000060f400000, 0x000000060f400000| Untracked 
|  62|0x000000060f800000, 0x000000060f800000, 0x000000060fc00000|  0%| F|  |TAMS 0x000000060f800000, 0x000000060f800000| Untracked 
|  63|0x000000060fc00000, 0x000000060fc00000, 0x0000000610000000|  0%| F|  |TAMS 0x000000060fc00000, 0x000000060fc00000| Untracked 
|  64|0x0000000610000000, 0x0000000610203cd8, 0x0000000610400000| 50%| E|  |TAMS 0x0000000610000000, 0x0000000610000000| Complete 
|  65|0x0000000610400000, 0x0000000610800000, 0x0000000610800000|100%| E|CS|TAMS 0x0000000610400000, 0x0000000610400000| Complete 
|  66|0x0000000610800000, 0x0000000610c00000, 0x0000000610c00000|100%| E|CS|TAMS 0x0000000610800000, 0x0000000610800000| Complete 
|  67|0x0000000610c00000, 0x0000000611000000, 0x0000000611000000|100%| E|CS|TAMS 0x0000000610c00000, 0x0000000610c00000| Complete 
|  68|0x0000000611000000, 0x0000000611400000, 0x0000000611400000|100%| E|CS|TAMS 0x0000000611000000, 0x0000000611000000| Complete 
|  69|0x0000000611400000, 0x0000000611800000, 0x0000000611800000|100%| E|CS|TAMS 0x0000000611400000, 0x0000000611400000| Complete 
|  70|0x0000000611800000, 0x0000000611c00000, 0x0000000611c00000|100%| E|CS|TAMS 0x0000000611800000, 0x0000000611800000| Complete 
|  71|0x0000000611c00000, 0x0000000612000000, 0x0000000612000000|100%| E|CS|TAMS 0x0000000611c00000, 0x0000000611c00000| Complete 
|  72|0x0000000612000000, 0x0000000612400000, 0x0000000612400000|100%| E|CS|TAMS 0x0000000612000000, 0x0000000612000000| Complete 
|  73|0x0000000612400000, 0x0000000612800000, 0x0000000612800000|100%| E|CS|TAMS 0x0000000612400000, 0x0000000612400000| Complete 
|  74|0x0000000612800000, 0x0000000612c00000, 0x0000000612c00000|100%| E|CS|TAMS 0x0000000612800000, 0x0000000612800000| Complete 
|  75|0x0000000612c00000, 0x0000000613000000, 0x0000000613000000|100%| E|CS|TAMS 0x0000000612c00000, 0x0000000612c00000| Complete 
|  76|0x0000000613000000, 0x0000000613400000, 0x0000000613400000|100%| E|CS|TAMS 0x0000000613000000, 0x0000000613000000| Complete 
|  77|0x0000000613400000, 0x0000000613800000, 0x0000000613800000|100%| E|CS|TAMS 0x0000000613400000, 0x0000000613400000| Complete 
|  78|0x0000000613800000, 0x0000000613c00000, 0x0000000613c00000|100%| E|CS|TAMS 0x0000000613800000, 0x0000000613800000| Complete 
|  79|0x0000000613c00000, 0x0000000614000000, 0x0000000614000000|100%| E|CS|TAMS 0x0000000613c00000, 0x0000000613c00000| Complete 
|  80|0x0000000614000000, 0x0000000614400000, 0x0000000614400000|100%| E|CS|TAMS 0x0000000614000000, 0x0000000614000000| Complete 
|  81|0x0000000614400000, 0x0000000614800000, 0x0000000614800000|100%| E|CS|TAMS 0x0000000614400000, 0x0000000614400000| Complete 
|  82|0x0000000614800000, 0x0000000614c00000, 0x0000000614c00000|100%| E|CS|TAMS 0x0000000614800000, 0x0000000614800000| Complete 
|  83|0x0000000614c00000, 0x0000000615000000, 0x0000000615000000|100%| E|CS|TAMS 0x0000000614c00000, 0x0000000614c00000| Complete 
|  84|0x0000000615000000, 0x0000000615400000, 0x0000000615400000|100%| E|CS|TAMS 0x0000000615000000, 0x0000000615000000| Complete 
|  85|0x0000000615400000, 0x0000000615800000, 0x0000000615800000|100%| E|CS|TAMS 0x0000000615400000, 0x0000000615400000| Complete 
|  86|0x0000000615800000, 0x0000000615c00000, 0x0000000615c00000|100%| E|CS|TAMS 0x0000000615800000, 0x0000000615800000| Complete 
|  87|0x0000000615c00000, 0x0000000616000000, 0x0000000616000000|100%| E|CS|TAMS 0x0000000615c00000, 0x0000000615c00000| Complete 
|  88|0x0000000616000000, 0x0000000616400000, 0x0000000616400000|100%| E|CS|TAMS 0x0000000616000000, 0x0000000616000000| Complete 
|  89|0x0000000616400000, 0x0000000616800000, 0x0000000616800000|100%| E|CS|TAMS 0x0000000616400000, 0x0000000616400000| Complete 
|  90|0x0000000616800000, 0x0000000616c00000, 0x0000000616c00000|100%| E|CS|TAMS 0x0000000616800000, 0x0000000616800000| Complete 
|  91|0x0000000616c00000, 0x0000000617000000, 0x0000000617000000|100%| E|CS|TAMS 0x0000000616c00000, 0x0000000616c00000| Complete 
|  92|0x0000000617000000, 0x0000000617400000, 0x0000000617400000|100%| E|CS|TAMS 0x0000000617000000, 0x0000000617000000| Complete 
|  93|0x0000000617400000, 0x0000000617800000, 0x0000000617800000|100%| E|CS|TAMS 0x0000000617400000, 0x0000000617400000| Complete 
|  94|0x0000000617800000, 0x0000000617c00000, 0x0000000617c00000|100%| E|CS|TAMS 0x0000000617800000, 0x0000000617800000| Complete 
|  95|0x0000000617c00000, 0x0000000618000000, 0x0000000618000000|100%| E|CS|TAMS 0x0000000617c00000, 0x0000000617c00000| Complete 
|  96|0x0000000618000000, 0x0000000618400000, 0x0000000618400000|100%| E|CS|TAMS 0x0000000618000000, 0x0000000618000000| Complete 
|  97|0x0000000618400000, 0x0000000618800000, 0x0000000618800000|100%| E|CS|TAMS 0x0000000618400000, 0x0000000618400000| Complete 
|  98|0x0000000618800000, 0x0000000618c00000, 0x0000000618c00000|100%| E|CS|TAMS 0x0000000618800000, 0x0000000618800000| Complete 
|  99|0x0000000618c00000, 0x0000000619000000, 0x0000000619000000|100%| E|CS|TAMS 0x0000000618c00000, 0x0000000618c00000| Complete 
| 100|0x0000000619000000, 0x0000000619400000, 0x0000000619400000|100%| E|CS|TAMS 0x0000000619000000, 0x0000000619000000| Complete 
| 101|0x0000000619400000, 0x0000000619800000, 0x0000000619800000|100%| E|CS|TAMS 0x0000000619400000, 0x0000000619400000| Complete 
| 102|0x0000000619800000, 0x0000000619c00000, 0x0000000619c00000|100%| E|CS|TAMS 0x0000000619800000, 0x0000000619800000| Complete 
| 103|0x0000000619c00000, 0x000000061a000000, 0x000000061a000000|100%| E|CS|TAMS 0x0000000619c00000, 0x0000000619c00000| Complete 

Card table byte_map: [0x000002b86d340000,0x000002b86e340000] _byte_map_base: 0x000002b86a340000

Marking Bits (Prev, Next): (CMBitMap*) 0x000002b8445e7e00, (CMBitMap*) 0x000002b8445e7e40
 Prev Bits: [0x000002b86f340000, 0x000002b877340000)
 Next Bits: [0x000002b877340000, 0x000002b87f340000)

Polling page: 0x000002b8424c0000

Metaspace:

Usage:
  Non-class:     87.18 MB used.
      Class:     14.20 MB used.
       Both:    101.38 MB used.

Virtual space:
  Non-class space:      128.00 MB reserved,      87.75 MB ( 69%) committed,  2 nodes.
      Class space:        1.00 GB reserved,      14.75 MB (  1%) committed,  1 nodes.
             Both:        1.12 GB reserved,     102.50 MB (  9%) committed. 

Chunk freelists:
   Non-Class:  8.16 MB
       Class:  1.17 MB
        Both:  9.33 MB

MaxMetaspaceSize: 4.00 GB
CompressedClassSpaceSize: 1.00 GB
Initial GC threshold: 21.00 MB
Current GC threshold: 149.31 MB
CDS: on
MetaspaceReclaimPolicy: balanced
 - commit_granule_bytes: 65536.
 - commit_granule_words: 8192.
 - virtual_space_node_default_size: 8388608.
 - enlarge_chunks_in_place: 1.
 - new_chunks_are_fully_committed: 0.
 - uncommit_free_chunks: 1.
 - use_allocation_guard: 0.
 - handle_deallocations: 1.


Internal statistics:

num_allocs_failed_limit: 12.
num_arena_births: 1536.
num_arena_deaths: 0.
num_vsnodes_births: 3.
num_vsnodes_deaths: 0.
num_space_committed: 1640.
num_space_uncommitted: 0.
num_chunks_returned_to_freelist: 12.
num_chunks_taken_from_freelist: 6312.
num_chunk_merges: 6.
num_chunk_splits: 4055.
num_chunks_enlarged: 2526.
num_inconsistent_stats: 0.

CodeHeap 'non-profiled nmethods': size=259264Kb used=9219Kb max_used=9219Kb free=250044Kb
 bounds [0x000002b85c0c0000, 0x000002b85c9d0000, 0x000002b86bdf0000]
CodeHeap 'profiled nmethods': size=259264Kb used=23384Kb max_used=23384Kb free=235879Kb
 bounds [0x000002b84bdf0000, 0x000002b84d4d0000, 0x000002b85bb20000]
CodeHeap 'non-nmethods': size=5760Kb used=2450Kb max_used=2546Kb free=3310Kb
 bounds [0x000002b85bb20000, 0x000002b85bdc0000, 0x000002b85c0c0000]
 total_blobs=12815 nmethods=11829 adapters=897
 compilation: enabled
              stopped_count=0, restarted_count=0
 full_count=0

Compilation events (20 events):
Event: 59.542 Thread 0x000002b8c501dc70 14037       3       com.android.build.api.artifact.impl.ArtifactContainer::get (10 bytes)
Event: 59.542 Thread 0x000002b8c501dc70 nmethod 14037 0x000002b84d4c7010 code [0x000002b84d4c71c0, 0x000002b84d4c73a8]
Event: 59.543 Thread 0x000002b8c5011e50 14038       4       com.google.common.collect.ImmutableSet::fromArrayWithExpectedSize (78 bytes)
Event: 59.543 Thread 0x000002b8c501dc70 14039       3       com.android.build.api.artifact.impl.ArtifactsImpl::get (16 bytes)
Event: 59.544 Thread 0x000002b8c501dc70 nmethod 14039 0x000002b84d4c7490 code [0x000002b84d4c7760, 0x000002b84d4c8408]
Event: 59.544 Thread 0x000002b8c501dc70 14040       1       com.android.build.gradle.internal.publishing.OutputSpecImpl::getLibraryElements (5 bytes)
Event: 59.545 Thread 0x000002b8c501dc70 nmethod 14040 0x000002b85c9be910 code [0x000002b85c9beaa0, 0x000002b85c9beb78]
Event: 59.545 Thread 0x000002b8c501dc70 14042       3       org.gradle.api.internal.FactoryNamedDomainObjectContainer::doCreate (11 bytes)
Event: 59.546 Thread 0x000002b8c501dc70 nmethod 14042 0x000002b84d4c8910 code [0x000002b84d4c8ac0, 0x000002b84d4c8ca8]
Event: 59.546 Thread 0x000002b8c501dc70 14043       3       org.gradle.api.internal.FactoryNamedDomainObjectContainer_Decorated::getEventRegister (39 bytes)
Event: 59.546 Thread 0x000002b8c501dc70 nmethod 14043 0x000002b84d4c8d90 code [0x000002b84d4c8f60, 0x000002b84d4c92f8]
Event: 59.546 Thread 0x000002b8c501dc70 14044       3       com.android.build.gradle.internal.publishing.PublishedConfigSpec::hashCode (47 bytes)
Event: 59.547 Thread 0x000002b8c501dc70 nmethod 14044 0x000002b84d4c9410 code [0x000002b84d4c95e0, 0x000002b84d4c9918]
Event: 59.563 Thread 0x000002b8c501dc70 14045   !   3       org.gradle.api.internal.provider.DefaultProvider::getType (8 bytes)
Event: 59.564 Thread 0x000002b8c501dc70 nmethod 14045 0x000002b84d4c9a90 code [0x000002b84d4c9c40, 0x000002b84d4c9dc8]
Event: 59.564 Thread 0x000002b8c501dc70 14046       3       org.gradle.api.internal.provider.DefaultProvider::inferTypeFromCallableGenericArgument (92 bytes)
Event: 59.565 Thread 0x000002b8c501dc70 nmethod 14046 0x000002b84d4c9e90 code [0x000002b84d4ca120, 0x000002b84d4cafe8]
Event: 59.591 Thread 0x000002b8c5011e50 nmethod 14038 0x000002b85c9bec10 code [0x000002b85c9bee40, 0x000002b85c9bfeb8]
Event: 59.591 Thread 0x000002b8c5011e50 14041       4       java.util.LinkedList::node (65 bytes)
Event: 59.594 Thread 0x000002b8c5011e50 nmethod 14041 0x000002b85c9c0790 code [0x000002b85c9c0900, 0x000002b85c9c0a58]

GC Heap History (20 events):
Event: 41.403 GC heap before
{Heap before GC invocations=36 (full 0):
 garbage-first heap   total 208896K, used 157193K [0x0000000600000000, 0x0000000800000000)
  region size 4096K, 13 young (53248K), 2 survivors (8192K)
 Metaspace       used 83079K, committed 83968K, reserved 1179648K
  class space    used 11576K, committed 11968K, reserved 1048576K
}
Event: 41.413 GC heap after
{Heap after GC invocations=37 (full 0):
 garbage-first heap   total 208896K, used 115352K [0x0000000600000000, 0x0000000800000000)
  region size 4096K, 1 young (4096K), 1 survivors (4096K)
 Metaspace       used 83079K, committed 83968K, reserved 1179648K
  class space    used 11576K, committed 11968K, reserved 1048576K
}
Event: 41.497 GC heap before
{Heap before GC invocations=37 (full 0):
 garbage-first heap   total 208896K, used 119448K [0x0000000600000000, 0x0000000800000000)
  region size 4096K, 2 young (8192K), 1 survivors (4096K)
 Metaspace       used 83102K, committed 84032K, reserved 1179648K
  class space    used 11579K, committed 11968K, reserved 1048576K
}
Event: 41.511 GC heap after
{Heap after GC invocations=38 (full 0):
 garbage-first heap   total 208896K, used 113600K [0x0000000600000000, 0x0000000800000000)
  region size 4096K, 1 young (4096K), 1 survivors (4096K)
 Metaspace       used 83102K, committed 84032K, reserved 1179648K
  class space    used 11579K, committed 11968K, reserved 1048576K
}
Event: 42.644 GC heap before
{Heap before GC invocations=38 (full 0):
 garbage-first heap   total 208896K, used 158656K [0x0000000600000000, 0x0000000800000000)
  region size 4096K, 12 young (49152K), 1 survivors (4096K)
 Metaspace       used 86298K, committed 87168K, reserved 1179648K
  class space    used 12012K, committed 12416K, reserved 1048576K
}
Event: 42.649 GC heap after
{Heap after GC invocations=39 (full 0):
 garbage-first heap   total 208896K, used 115076K [0x0000000600000000, 0x0000000800000000)
  region size 4096K, 1 young (4096K), 1 survivors (4096K)
 Metaspace       used 86298K, committed 87168K, reserved 1179648K
  class space    used 12012K, committed 12416K, reserved 1048576K
}
Event: 44.135 GC heap before
{Heap before GC invocations=40 (full 0):
 garbage-first heap   total 212992K, used 164228K [0x0000000600000000, 0x0000000800000000)
  region size 4096K, 13 young (53248K), 1 survivors (4096K)
 Metaspace       used 88509K, committed 89472K, reserved 1179648K
  class space    used 12330K, committed 12800K, reserved 1048576K
}
Event: 44.146 GC heap after
{Heap after GC invocations=41 (full 0):
 garbage-first heap   total 212992K, used 119989K [0x0000000600000000, 0x0000000800000000)
  region size 4096K, 2 young (8192K), 2 survivors (8192K)
 Metaspace       used 88509K, committed 89472K, reserved 1179648K
  class space    used 12330K, committed 12800K, reserved 1048576K
}
Event: 44.224 GC heap before
{Heap before GC invocations=41 (full 0):
 garbage-first heap   total 212992K, used 124085K [0x0000000600000000, 0x0000000800000000)
  region size 4096K, 3 young (12288K), 2 survivors (8192K)
 Metaspace       used 88509K, committed 89472K, reserved 1179648K
  class space    used 12330K, committed 12800K, reserved 1048576K
}
Event: 44.239 GC heap after
{Heap after GC invocations=42 (full 0):
 garbage-first heap   total 212992K, used 119410K [0x0000000600000000, 0x0000000800000000)
  region size 4096K, 1 young (4096K), 1 survivors (4096K)
 Metaspace       used 88509K, committed 89472K, reserved 1179648K
  class space    used 12330K, committed 12800K, reserved 1048576K
}
Event: 45.808 GC heap before
{Heap before GC invocations=42 (full 0):
 garbage-first heap   total 212992K, used 160370K [0x0000000600000000, 0x0000000800000000)
  region size 4096K, 12 young (49152K), 1 survivors (4096K)
 Metaspace       used 90616K, committed 91648K, reserved 1179648K
  class space    used 12620K, committed 13120K, reserved 1048576K
}
Event: 45.818 GC heap after
{Heap after GC invocations=43 (full 0):
 garbage-first heap   total 212992K, used 120882K [0x0000000600000000, 0x0000000800000000)
  region size 4096K, 1 young (4096K), 1 survivors (4096K)
 Metaspace       used 90616K, committed 91648K, reserved 1179648K
  class space    used 12620K, committed 13120K, reserved 1048576K
}
Event: 47.938 GC heap before
{Heap before GC invocations=44 (full 0):
 garbage-first heap   total 212992K, used 170034K [0x0000000600000000, 0x0000000800000000)
  region size 4096K, 13 young (53248K), 1 survivors (4096K)
 Metaspace       used 94057K, committed 95040K, reserved 1179648K
  class space    used 13210K, committed 13696K, reserved 1048576K
}
Event: 47.956 GC heap after
{Heap after GC invocations=45 (full 0):
 garbage-first heap   total 212992K, used 121818K [0x0000000600000000, 0x0000000800000000)
  region size 4096K, 2 young (8192K), 2 survivors (8192K)
 Metaspace       used 94057K, committed 95040K, reserved 1179648K
  class space    used 13210K, committed 13696K, reserved 1048576K
}
Event: 48.190 GC heap before
{Heap before GC invocations=45 (full 0):
 garbage-first heap   total 212992K, used 125914K [0x0000000600000000, 0x0000000800000000)
  region size 4096K, 3 young (12288K), 2 survivors (8192K)
 Metaspace       used 94315K, committed 95296K, reserved 1179648K
  class space    used 13267K, committed 13760K, reserved 1048576K
}
Event: 48.203 GC heap after
{Heap after GC invocations=46 (full 0):
 garbage-first heap   total 212992K, used 120857K [0x0000000600000000, 0x0000000800000000)
  region size 4096K, 1 young (4096K), 1 survivors (4096K)
 Metaspace       used 94315K, committed 95296K, reserved 1179648K
  class space    used 13267K, committed 13760K, reserved 1048576K
}
Event: 49.500 GC heap before
{Heap before GC invocations=46 (full 0):
 garbage-first heap   total 212992K, used 165913K [0x0000000600000000, 0x0000000800000000)
  region size 4096K, 12 young (49152K), 1 survivors (4096K)
 Metaspace       used 97127K, committed 98176K, reserved 1179648K
  class space    used 13637K, committed 14144K, reserved 1048576K
}
Event: 49.509 GC heap after
{Heap after GC invocations=47 (full 0):
 garbage-first heap   total 425984K, used 122191K [0x0000000600000000, 0x0000000800000000)
  region size 4096K, 1 young (4096K), 1 survivors (4096K)
 Metaspace       used 97127K, committed 98176K, reserved 1179648K
  class space    used 13637K, committed 14144K, reserved 1048576K
}
Event: 55.381 GC heap before
{Heap before GC invocations=47 (full 0):
 garbage-first heap   total 425984K, used 326991K [0x0000000600000000, 0x0000000800000000)
  region size 4096K, 51 young (208896K), 1 survivors (4096K)
 Metaspace       used 100953K, committed 102016K, reserved 1179648K
  class space    used 14135K, committed 14656K, reserved 1048576K
}
Event: 55.404 GC heap after
{Heap after GC invocations=48 (full 0):
 garbage-first heap   total 425984K, used 134325K [0x0000000600000000, 0x0000000800000000)
  region size 4096K, 4 young (16384K), 4 survivors (16384K)
 Metaspace       used 100953K, committed 102016K, reserved 1179648K
  class space    used 14135K, committed 14656K, reserved 1048576K
}

Deoptimization events (20 events):
Event: 58.279 Thread 0x000002b8c6a1e3a0 Uncommon trap: trap_request=0xffffff45 fr.pc=0x000002b85c6ac30c relative=0x00000000000003ec
Event: 58.279 Thread 0x000002b8c6a1e3a0 Uncommon trap: reason=unstable_if action=reinterpret pc=0x000002b85c6ac30c method=java.beans.PropertyDescriptor.getWriteMethod()Ljava/lang/reflect/Method; @ 25 c2
Event: 58.279 Thread 0x000002b8c6a1e3a0 DEOPT PACKING pc=0x000002b85c6ac30c sp=0x000000cf631f3e00
Event: 58.279 Thread 0x000002b8c6a1e3a0 DEOPT UNPACKING pc=0x000002b85bb723a3 sp=0x000000cf631f3d90 mode 2
Event: 58.285 Thread 0x000002b8c6a1e3a0 Uncommon trap: trap_request=0xffffffbe fr.pc=0x000002b85c3982ec relative=0x00000000000012ac
Event: 58.285 Thread 0x000002b8c6a1e3a0 Uncommon trap: reason=profile_predicate action=maybe_recompile pc=0x000002b85c3982ec method=com.google.common.collect.MapMakerInternalMap$Segment.expand()V @ 56 c2
Event: 58.285 Thread 0x000002b8c6a1e3a0 DEOPT PACKING pc=0x000002b85c3982ec sp=0x000000cf631f3790
Event: 58.285 Thread 0x000002b8c6a1e3a0 DEOPT UNPACKING pc=0x000002b85bb723a3 sp=0x000000cf631f3738 mode 2
Event: 59.352 Thread 0x000002b8c6a1e3a0 Uncommon trap: trap_request=0xffffffbe fr.pc=0x000002b85c3982ec relative=0x00000000000012ac
Event: 59.352 Thread 0x000002b8c6a1e3a0 Uncommon trap: reason=profile_predicate action=maybe_recompile pc=0x000002b85c3982ec method=com.google.common.collect.MapMakerInternalMap$Segment.expand()V @ 56 c2
Event: 59.352 Thread 0x000002b8c6a1e3a0 DEOPT PACKING pc=0x000002b85c3982ec sp=0x000000cf631f65a0
Event: 59.352 Thread 0x000002b8c6a1e3a0 DEOPT UNPACKING pc=0x000002b85bb723a3 sp=0x000000cf631f6548 mode 2
Event: 59.352 Thread 0x000002b8c6a1e3a0 Uncommon trap: trap_request=0xffffffbe fr.pc=0x000002b85c3982ec relative=0x00000000000012ac
Event: 59.352 Thread 0x000002b8c6a1e3a0 Uncommon trap: reason=profile_predicate action=maybe_recompile pc=0x000002b85c3982ec method=com.google.common.collect.MapMakerInternalMap$Segment.expand()V @ 56 c2
Event: 59.352 Thread 0x000002b8c6a1e3a0 DEOPT PACKING pc=0x000002b85c3982ec sp=0x000000cf631f65a0
Event: 59.352 Thread 0x000002b8c6a1e3a0 DEOPT UNPACKING pc=0x000002b85bb723a3 sp=0x000000cf631f6548 mode 2
Event: 59.353 Thread 0x000002b8c6a1e3a0 Uncommon trap: trap_request=0xffffffbe fr.pc=0x000002b85c3982ec relative=0x00000000000012ac
Event: 59.353 Thread 0x000002b8c6a1e3a0 Uncommon trap: reason=profile_predicate action=maybe_recompile pc=0x000002b85c3982ec method=com.google.common.collect.MapMakerInternalMap$Segment.expand()V @ 56 c2
Event: 59.353 Thread 0x000002b8c6a1e3a0 DEOPT PACKING pc=0x000002b85c3982ec sp=0x000000cf631f65a0
Event: 59.353 Thread 0x000002b8c6a1e3a0 DEOPT UNPACKING pc=0x000002b85bb723a3 sp=0x000000cf631f6548 mode 2

Classes unloaded (0 events):
No events

Classes redefined (0 events):
No events

Internal exceptions (20 events):
Event: 58.262 Thread 0x000002b8c6a1e3a0 Exception <a 'java/lang/ClassNotFoundException'{0x00000006121ac700}: com/android/build/gradle/internal/dsl/BaseFlavorBeanInfo> (0x00000006121ac700) 
thrown [s\open\src\hotspot\share\classfile\systemDictionary.cpp, line 256]
Event: 58.263 Thread 0x000002b8c6a1e3a0 Exception <a 'java/lang/ClassNotFoundException'{0x00000006121bca98}: com/android/builder/core/AbstractProductFlavorBeanInfo> (0x00000006121bca98) 
thrown [s\open\src\hotspot\share\classfile\systemDictionary.cpp, line 256]
Event: 58.265 Thread 0x000002b8c6a1e3a0 Exception <a 'java/lang/ClassNotFoundException'{0x00000006121ccf08}: com/android/builder/internal/BaseConfigImplBeanInfo> (0x00000006121ccf08) 
thrown [s\open\src\hotspot\share\classfile\systemDictionary.cpp, line 256]
Event: 58.266 Thread 0x000002b8c6a1e3a0 Exception <a 'java/lang/ClassNotFoundException'{0x00000006121dd340}: com/android/builder/internal/BaseConfigImplCustomizer> (0x00000006121dd340) 
thrown [s\open\src\hotspot\share\classfile\systemDictionary.cpp, line 256]
Event: 58.266 Thread 0x000002b8c6a1e3a0 Implicit null exception at 0x000002b85c5b8c8e to 0x000002b85c5b90c4
Event: 58.269 Thread 0x000002b8c6a1e3a0 Exception <a 'java/lang/ClassNotFoundException'{0x000000061220ddc0}: com/android/builder/core/AbstractProductFlavorCustomizer> (0x000000061220ddc0) 
thrown [s\open\src\hotspot\share\classfile\systemDictionary.cpp, line 256]
Event: 58.275 Thread 0x000002b8c6a1e3a0 Exception <a 'java/lang/ClassNotFoundException'{0x0000000612259cf0}: com/android/build/gradle/internal/dsl/BaseFlavorCustomizer> (0x0000000612259cf0) 
thrown [s\open\src\hotspot\share\classfile\systemDictionary.cpp, line 256]
Event: 58.281 Thread 0x000002b8c6a1e3a0 Exception <a 'java/lang/ClassNotFoundException'{0x00000006122c9e08}: com/android/build/gradle/internal/dsl/DefaultConfigCustomizer> (0x00000006122c9e08) 
thrown [s\open\src\hotspot\share\classfile\systemDictionary.cpp, line 256]
Event: 58.287 Thread 0x000002b8c6a1e3a0 Exception <a 'java/lang/ClassNotFoundException'{0x00000006122f9900}: com/android/build/gradle/internal/dsl/DefaultConfig$AgpDecoratedCustomizer> (0x00000006122f9900) 
thrown [s\open\src\hotspot\share\classfile\systemDictionary.cpp, line 256]
Event: 58.291 Thread 0x000002b8c6a1e3a0 Exception <a 'java/lang/ClassNotFoundException'{0x0000000612352bf0}: com/android/build/gradle/internal/dsl/DefaultConfig$AgpDecorated_DecoratedCustomizer> (0x0000000612352bf0) 
thrown [s\open\src\hotspot\share\classfile\systemDictionary.cpp, line 256]
Event: 58.316 Thread 0x000002b8c6a1e3a0 Exception <a 'java/lang/ClassNotFoundException'{0x0000000611d098c8}: com/android/build/gradle/internal/dsl/LintImpl$AgpDecorated_DecoratedBeanInfo> (0x0000000611d098c8) 
thrown [s\open\src\hotspot\share\classfile\systemDictionary.cpp, line 256]
Event: 58.317 Thread 0x000002b8c6a1e3a0 Exception <a 'java/lang/ClassNotFoundException'{0x0000000611d19f58}: com/android/build/gradle/internal/dsl/LintImpl$AgpDecoratedBeanInfo> (0x0000000611d19f58) 
thrown [s\open\src\hotspot\share\classfile\systemDictionary.cpp, line 256]
Event: 58.319 Thread 0x000002b8c6a1e3a0 Exception <a 'java/lang/ClassNotFoundException'{0x0000000611d2a508}: com/android/build/gradle/internal/dsl/LintImplBeanInfo> (0x0000000611d2a508) 
thrown [s\open\src\hotspot\share\classfile\systemDictionary.cpp, line 256]
Event: 58.321 Thread 0x000002b8c6a1e3a0 Exception <a 'java/lang/ClassNotFoundException'{0x0000000611d3abb8}: com/android/build/gradle/internal/dsl/LintImplCustomizer> (0x0000000611d3abb8) 
thrown [s\open\src\hotspot\share\classfile\systemDictionary.cpp, line 256]
Event: 58.324 Thread 0x000002b8c6a1e3a0 Exception <a 'java/lang/ClassNotFoundException'{0x0000000611d8aca8}: com/android/build/gradle/internal/dsl/LintImpl$AgpDecoratedCustomizer> (0x0000000611d8aca8) 
thrown [s\open\src\hotspot\share\classfile\systemDictionary.cpp, line 256]
Event: 58.327 Thread 0x000002b8c6a1e3a0 Exception <a 'java/lang/ClassNotFoundException'{0x0000000611deca18}: com/android/build/gradle/internal/dsl/LintImpl$AgpDecorated_DecoratedCustomizer> (0x0000000611deca18) 
thrown [s\open\src\hotspot\share\classfile\systemDictionary.cpp, line 256]
Event: 59.467 Thread 0x000002b8c6a1e3a0 Exception <a 'java/lang/ClassNotFoundException'{0x0000000610b5eee0}: com/android/build/gradle/internal/api/LibraryVariantOutputImpl_DecoratedBeanInfo> (0x0000000610b5eee0) 
thrown [s\open\src\hotspot\share\classfile\systemDictionary.cpp, line 256]
Event: 59.469 Thread 0x000002b8c6a1e3a0 Exception <a 'java/lang/ClassNotFoundException'{0x0000000610b6ca28}: com/android/build/gradle/internal/api/LibraryVariantOutputImplBeanInfo> (0x0000000610b6ca28) 
thrown [s\open\src\hotspot\share\classfile\systemDictionary.cpp, line 256]
Event: 59.470 Thread 0x000002b8c6a1e3a0 Exception <a 'java/lang/ClassNotFoundException'{0x0000000610b7a638}: com/android/build/gradle/internal/api/LibraryVariantOutputImplCustomizer> (0x0000000610b7a638) 
thrown [s\open\src\hotspot\share\classfile\systemDictionary.cpp, line 256]
Event: 59.472 Thread 0x000002b8c6a1e3a0 Exception <a 'java/lang/ClassNotFoundException'{0x0000000610b912d0}: com/android/build/gradle/internal/api/LibraryVariantOutputImpl_DecoratedCustomizer> (0x0000000610b912d0) 
thrown [s\open\src\hotspot\share\classfile\systemDictionary.cpp, line 256]

VM Operations (20 events):
Event: 51.804 Executing VM operation: HandshakeAllThreads
Event: 51.820 Executing VM operation: HandshakeAllThreads done
Event: 52.832 Executing VM operation: Cleanup
Event: 52.832 Executing VM operation: Cleanup done
Event: 53.841 Executing VM operation: Cleanup
Event: 53.873 Executing VM operation: Cleanup done
Event: 54.875 Executing VM operation: Cleanup
Event: 54.876 Executing VM operation: Cleanup done
Event: 55.380 Executing VM operation: G1CollectForAllocation
Event: 55.404 Executing VM operation: G1CollectForAllocation done
Event: 56.412 Executing VM operation: Cleanup
Event: 56.412 Executing VM operation: Cleanup done
Event: 57.419 Executing VM operation: Cleanup
Event: 57.419 Executing VM operation: Cleanup done
Event: 58.427 Executing VM operation: Cleanup
Event: 58.444 Executing VM operation: Cleanup done
Event: 59.455 Executing VM operation: Cleanup
Event: 59.455 Executing VM operation: Cleanup done
Event: 60.149 Executing VM operation: HandshakeAllThreads
Event: 60.149 Executing VM operation: HandshakeAllThreads done

Events (20 events):
Event: 54.010 Thread 0x000002b8caccacd0 Thread added: 0x000002b8caccacd0
Event: 54.265 Thread 0x000002b8cacc9da0 Thread added: 0x000002b8cacc9da0
Event: 54.267 Thread 0x000002b8caccb1e0 Thread added: 0x000002b8caccb1e0
Event: 54.268 Thread 0x000002b8cacc9380 Thread added: 0x000002b8cacc9380
Event: 54.269 Thread 0x000002b8caccb6f0 Thread added: 0x000002b8caccb6f0
Event: 54.271 Thread 0x000002b8cacc8450 Thread added: 0x000002b8cacc8450
Event: 54.272 Thread 0x000002b8caccbc00 Thread added: 0x000002b8caccbc00
Event: 54.275 Thread 0x000002b8caccc110 Thread added: 0x000002b8caccc110
Event: 54.716 Thread 0x000002b8cacc8960 Thread added: 0x000002b8cacc8960
Event: 55.515 Thread 0x000002b8c74a5850 Thread added: 0x000002b8c74a5850
Event: 56.382 loading class java/lang/StackTraceElement$HashedModules
Event: 56.382 loading class java/lang/StackTraceElement$HashedModules done
Event: 56.577 loading class java/io/CharArrayReader
Event: 56.578 loading class java/io/CharArrayReader done
Event: 56.699 Thread 0x000002b8caccdf70 Thread added: 0x000002b8caccdf70
Event: 57.726 Thread 0x000002b8c74a5850 Thread exited: 0x000002b8c74a5850
Event: 58.278 loading class java/beans/IntrospectionException
Event: 58.278 loading class java/beans/IntrospectionException done
Event: 58.300 Thread 0x000002b8c58a4b90 Thread added: 0x000002b8c58a4b90
Event: 59.188 Thread 0x000002b8c58a4b90 Thread exited: 0x000002b8c58a4b90


Dynamic libraries:
0x00007ff708750000 - 0x00007ff708760000 	C:\Program Files\Java\jdk-17\bin\java.exe
0x00007fff482a0000 - 0x00007fff48507000 	C:\WINDOWS\SYSTEM32\ntdll.dll
0x00007fff46dc0000 - 0x00007fff46e89000 	C:\WINDOWS\System32\KERNEL32.DLL
0x00007fff45a30000 - 0x00007fff45e24000 	C:\WINDOWS\System32\KERNELBASE.dll
0x00007fff44c20000 - 0x00007fff44d6b000 	C:\WINDOWS\System32\ucrtbase.dll
0x00007fff3c8c0000 - 0x00007fff3c8d9000 	C:\Program Files\Java\jdk-17\bin\jli.dll
0x00007fff3c7e0000 - 0x00007fff3c7fb000 	C:\Program Files\Java\jdk-17\bin\VCRUNTIME140.dll
0x00007fff46150000 - 0x00007fff46206000 	C:\WINDOWS\System32\ADVAPI32.dll
0x00007fff46030000 - 0x00007fff460d9000 	C:\WINDOWS\System32\msvcrt.dll
0x00007fff47c90000 - 0x00007fff47d37000 	C:\WINDOWS\System32\sechost.dll
0x00007fff48060000 - 0x00007fff48178000 	C:\WINDOWS\System32\RPCRT4.dll
0x00007fff462b0000 - 0x00007fff46475000 	C:\WINDOWS\System32\USER32.dll
0x00007fff29360000 - 0x00007fff295f3000 	C:\WINDOWS\WinSxS\amd64_microsoft.windows.common-controls_6595b64144ccf1df_6.0.26100.8115_none_3e075c82e3354f9c\COMCTL32.dll
0x00007fff44d70000 - 0x00007fff44d97000 	C:\WINDOWS\System32\win32u.dll
0x00007fff47c60000 - 0x00007fff47c8b000 	C:\WINDOWS\System32\GDI32.dll
0x00007fff44f20000 - 0x00007fff4504a000 	C:\WINDOWS\System32\gdi32full.dll
0x00007fff45050000 - 0x00007fff450f3000 	C:\WINDOWS\System32\msvcp_win.dll
0x00007fff348e0000 - 0x00007fff348eb000 	C:\WINDOWS\SYSTEM32\VERSION.dll
0x00007fff481c0000 - 0x00007fff481f2000 	C:\WINDOWS\System32\IMM32.DLL
0x00007fff3df90000 - 0x00007fff3df9c000 	C:\Program Files\Java\jdk-17\bin\vcruntime140_1.dll
0x00007fff3b380000 - 0x00007fff3b40e000 	C:\Program Files\Java\jdk-17\bin\msvcp140.dll
0x00007ffedaef0000 - 0x00007ffedbad0000 	C:\Program Files\Java\jdk-17\bin\server\jvm.dll
0x00007fff481b0000 - 0x00007fff481b8000 	C:\WINDOWS\System32\PSAPI.DLL
0x00007fff25470000 - 0x00007fff2547a000 	C:\WINDOWS\SYSTEM32\WSOCK32.dll
0x00007fff31da0000 - 0x00007fff31dd6000 	C:\WINDOWS\SYSTEM32\WINMM.dll
0x00007fff46d30000 - 0x00007fff46db0000 	C:\WINDOWS\System32\WS2_32.dll
0x00007fff438c0000 - 0x00007fff438db000 	C:\WINDOWS\SYSTEM32\kernel.appcore.dll
0x00007fff3c940000 - 0x00007fff3c94a000 	C:\Program Files\Java\jdk-17\bin\jimage.dll
0x00007fff42840000 - 0x00007fff42a82000 	C:\WINDOWS\SYSTEM32\DBGHELP.DLL
0x00007fff46480000 - 0x00007fff46802000 	C:\WINDOWS\System32\combase.dll
0x00007fff468a0000 - 0x00007fff46977000 	C:\WINDOWS\System32\OLEAUT32.dll
0x00007fff2a280000 - 0x00007fff2a2bb000 	C:\WINDOWS\SYSTEM32\dbgcore.DLL
0x00007fff44b70000 - 0x00007fff44c15000 	C:\WINDOWS\System32\bcryptPrimitives.dll
0x00007fff40060000 - 0x00007fff4006e000 	C:\Program Files\Java\jdk-17\bin\instrument.dll
0x00007fff3b350000 - 0x00007fff3b375000 	C:\Program Files\Java\jdk-17\bin\java.dll
0x00007fff3b270000 - 0x00007fff3b347000 	C:\Program Files\Java\jdk-17\bin\jsvml.dll
0x00007fff474f0000 - 0x00007fff47c56000 	C:\WINDOWS\System32\SHELL32.dll
0x00007fff45ec0000 - 0x00007fff4602a000 	C:\WINDOWS\System32\wintypes.dll
0x00007fff45100000 - 0x00007fff45965000 	C:\WINDOWS\System32\windows.storage.dll
0x00007fff46a00000 - 0x00007fff46af7000 	C:\WINDOWS\System32\SHCORE.dll
0x00007fff460e0000 - 0x00007fff46146000 	C:\WINDOWS\System32\shlwapi.dll
0x00007fff44a90000 - 0x00007fff44ab9000 	C:\WINDOWS\SYSTEM32\profapi.dll
0x00007fff3b250000 - 0x00007fff3b268000 	C:\Program Files\Java\jdk-17\bin\zip.dll
0x00007fff3b1e0000 - 0x00007fff3b1f9000 	C:\Program Files\Java\jdk-17\bin\net.dll
0x00007fff3b5b0000 - 0x00007fff3b6dd000 	C:\WINDOWS\SYSTEM32\WINHTTP.dll
0x00007fff43e10000 - 0x00007fff43e7c000 	C:\WINDOWS\system32\mswsock.dll
0x00007fff3b080000 - 0x00007fff3b096000 	C:\Program Files\Java\jdk-17\bin\nio.dll
0x00007fff3b1d0000 - 0x00007fff3b1e0000 	C:\Program Files\Java\jdk-17\bin\verify.dll
0x00007fff3b410000 - 0x00007fff3b437000 	C:\Users\Lenovo\.gradle\native\1def1411415f61bf3af743bc5b6707747c0891f09f0c88961ee8f79bc544acac\windows-amd64\native-platform.dll
0x00007fff3b000000 - 0x00007fff3b078000 	C:\Users\Lenovo\.gradle\native\0.2.7\x86_64-windows-gnu\gradle-fileevents.dll
0x00007fff3aff0000 - 0x00007fff3affa000 	C:\Program Files\Java\jdk-17\bin\management.dll
0x00007fff3afe0000 - 0x00007fff3afeb000 	C:\Program Files\Java\jdk-17\bin\management_ext.dll
0x00007fff431c0000 - 0x00007fff431f2000 	C:\WINDOWS\SYSTEM32\IPHLPAPI.DLL
0x00007fff46890000 - 0x00007fff4689a000 	C:\WINDOWS\System32\NSI.dll
0x00007fff3be20000 - 0x00007fff3be3d000 	C:\WINDOWS\SYSTEM32\dhcpcsvc6.DLL
0x00007fff3aa60000 - 0x00007fff3aa85000 	C:\WINDOWS\SYSTEM32\dhcpcsvc.DLL
0x00007fff43330000 - 0x00007fff43462000 	C:\WINDOWS\SYSTEM32\DNSAPI.dll
0x00007fff44210000 - 0x00007fff4422b000 	C:\WINDOWS\SYSTEM32\CRYPTSP.dll
0x00007fff43820000 - 0x00007fff43859000 	C:\WINDOWS\system32\rsaenh.dll
0x00007fff43ec0000 - 0x00007fff43ef3000 	C:\WINDOWS\SYSTEM32\USERENV.dll
0x00007fff44a60000 - 0x00007fff44a8a000 	C:\WINDOWS\SYSTEM32\bcrypt.dll
0x00007fff44070000 - 0x00007fff4407c000 	C:\WINDOWS\SYSTEM32\CRYPTBASE.dll
0x00007fff40030000 - 0x00007fff4003e000 	C:\Program Files\Java\jdk-17\bin\sunmscapi.dll
0x00007fff44da0000 - 0x00007fff44f17000 	C:\WINDOWS\System32\CRYPT32.dll
0x00007fff44370000 - 0x00007fff443a0000 	C:\WINDOWS\SYSTEM32\ncrypt.dll
0x00007fff44320000 - 0x00007fff4435f000 	C:\WINDOWS\SYSTEM32\NTASN1.dll
0x00007fff3c1b0000 - 0x00007fff3c1b8000 	C:\WINDOWS\system32\wshunix.dll
0x00007fff25cc0000 - 0x00007fff25cd8000 	C:\WINDOWS\system32\napinsp.dll
0x00007fff24460000 - 0x00007fff24473000 	C:\WINDOWS\System32\winrnr.dll
0x00007fff24100000 - 0x00007fff24122000 	C:\WINDOWS\system32\nlansp_c.dll
0x00007fff3b540000 - 0x00007fff3b556000 	C:\WINDOWS\system32\wshbth.dll
0x00007fff3c160000 - 0x00007fff3c16b000 	C:\Windows\System32\rasadhlp.dll
0x00007fff353f0000 - 0x00007fff35476000 	C:\WINDOWS\System32\fwpuclnt.dll

dbghelp: loaded successfully - version: 4.0.5 - missing functions: none
symbol engine: initialized successfully - sym options: 0x614 - pdb path: .;C:\Program Files\Java\jdk-17\bin;C:\WINDOWS\SYSTEM32;C:\WINDOWS\WinSxS\amd64_microsoft.windows.common-controls_6595b64144ccf1df_6.0.26100.8115_none_3e075c82e3354f9c;C:\Program Files\Java\jdk-17\bin\server;C:\Users\Lenovo\.gradle\native\1def1411415f61bf3af743bc5b6707747c0891f09f0c88961ee8f79bc544acac\windows-amd64;C:\Users\Lenovo\.gradle\native\0.2.7\x86_64-windows-gnu

VM Arguments:
jvm_args: --add-opens=java.base/java.lang=ALL-UNNAMED --add-opens=java.base/java.lang.invoke=ALL-UNNAMED --add-opens=java.base/java.util=ALL-UNNAMED --add-opens=java.prefs/java.util.prefs=ALL-UNNAMED --add-exports=jdk.compiler/com.sun.tools.javac.api=ALL-UNNAMED --add-exports=jdk.compiler/com.sun.tools.javac.util=ALL-UNNAMED --add-opens=java.base/java.util=ALL-UNNAMED --add-opens=java.prefs/java.util.prefs=ALL-UNNAMED --add-opens=java.base/java.nio.charset=ALL-UNNAMED --add-opens=java.base/java.net=ALL-UNNAMED --add-opens=java.base/java.util.concurrent.atomic=ALL-UNNAMED --add-opens=java.xml/javax.xml.namespace=ALL-UNNAMED -XX:MaxMetaspaceSize=4G -XX:ReservedCodeCacheSize=512m -XX:+HeapDumpOnOutOfMemoryError -Xmx8G -Dfile.encoding=UTF-8 -Duser.country=FR -Duser.language=fr -Duser.variant -javaagent:C:\Users\Lenovo\.gradle\wrapper\dists\gradle-8.14-all\c2qonpi39x1mddn7hk5gh9iqj\gradle-8.14\lib\agents\gradle-instrumentation-agent-8.14.jar 
java_command: org.gradle.launcher.daemon.bootstrap.GradleDaemon 8.14
java_class_path (initial): C:\Users\Lenovo\.gradle\wrapper\dists\gradle-8.14-all\c2qonpi39x1mddn7hk5gh9iqj\gradle-8.14\lib\gradle-daemon-main-8.14.jar
Launcher Type: SUN_STANDARD

[Global flags]
     intx CICompilerCount                          = 4                                         {product} {ergonomic}
     uint ConcGCThreads                            = 2                                         {product} {ergonomic}
     uint G1ConcRefinementThreads                  = 8                                         {product} {ergonomic}
   size_t G1HeapRegionSize                         = 4194304                                   {product} {ergonomic}
    uintx GCDrainStackTargetSize                   = 64                                        {product} {ergonomic}
     bool HeapDumpOnOutOfMemoryError               = true                                   {manageable} {command line}
   size_t InitialHeapSize                          = 134217728                                 {product} {ergonomic}
   size_t MarkStackSize                            = 4194304                                   {product} {ergonomic}
   size_t MaxHeapSize                              = 8589934592                                {product} {command line}
   size_t MaxMetaspaceSize                         = 4294967296                                {product} {command line}
   size_t MaxNewSize                               = 5150605312                                {product} {ergonomic}
   size_t MinHeapDeltaBytes                        = 4194304                                   {product} {ergonomic}
   size_t MinHeapSize                              = 8388608                                   {product} {ergonomic}
    uintx NonNMethodCodeHeapSize                   = 5839372                                {pd product} {ergonomic}
    uintx NonProfiledCodeHeapSize                  = 265515770                              {pd product} {ergonomic}
    uintx ProfiledCodeHeapSize                     = 265515770                              {pd product} {ergonomic}
    uintx ReservedCodeCacheSize                    = 536870912                              {pd product} {command line}
     bool SegmentedCodeCache                       = true                                      {product} {ergonomic}
   size_t SoftMaxHeapSize                          = 8589934592                             {manageable} {ergonomic}
   double SweeperThreshold                         = 0.234375                                  {product} {ergonomic}
     bool UseCompressedClassPointers               = true                           {product lp64_product} {ergonomic}
     bool UseCompressedOops                        = true                           {product lp64_product} {ergonomic}
     bool UseG1GC                                  = true                                      {product} {ergonomic}
     bool UseLargePagesIndividualAllocation        = false                                  {pd product} {ergonomic}

Logging:
Log output configuration:
 #0: stdout all=warning uptime,level,tags
 #1: stderr all=off uptime,level,tags

Environment Variables:
JAVA_HOME=C:\Program Files\Java\jdk-17
PATH=C:\Program Files\Common Files\Oracle\Java\javapath;C:\Program Files (x86)\VMware\VMware Workstation\bin\;C:\WINDOWS\system32;C:\WINDOWS;C:\WINDOWS\System32\Wbem;C:\WINDOWS\System32\WindowsPowerShell\v1.0\;C:\WINDOWS\System32\OpenSSH\;C:\Program Files\Git\cmd;C:\Program Files\dotnet\;C:\Program Files\Java\jdk-17\bin;C:\Program Files\Docker\Docker\resources\bin;C:\Users\Lenovo\AppData\Local\Android\Sdk\platform-tools;C:\Users\Lenovo\AppData\Local\nvm;C:\nvm4w\nodejs;C:\Program Files\PostgreSQL\16\bin;C:\Users\Lenovo\Downloads\apache-maven-3.9.12-bin\apache-maven-3.9.12\bin;C:\flutter_windows_3.41.2-stable\flutter\bin;C:\MinGW\bin;C:\Users\Lenovo\AppData\Local\Pub\Cache\bin;C:\Users\Lenovo\AppData\Local\Pub\Cache\bin;C:\Users\Lenovo\AppData\Local\Programs\Python\Python312\Scripts\;C:\Users\Lenovo\AppData\Local\Programs\Python\Python312\;C:\Users\Lenovo\AppData\Local\Programs\Python\Launcher\;C:\Users\Lenovo\.local\bin;C:\Users\Lenovo\AppData\Local\Programs\Python\Python310\Scripts\;C:\Users\Lenovo\AppData\Local\Programs\Python\Python310\;C:\Users\Lenovo\AppData\Local\Programs\Python\Python311\Scripts\;C:\Users\Lenovo\AppData\Local\Programs\Python\Python311\;C:\Users\Lenovo\AppData\Local\Microsoft\WindowsApps;C:\Users\Lenovo\AppData\Local\Programs\Microsoft VS Code\bin;C:\Program Files\Tesseract-OCR;C:\Users\Lenovo\Downloads\vips-dev-w64-web-8.16.0\vips-dev-8.16\bin;C:\MinGW\bin;C:\Users\Lenovo\Downloads\gcc-14.2.0-no-debug\bin;C:\Users\Lenovo\Downloads\opencv\build\x64\vc16\bin;C:\Program Files\ImageMagick-7.1.1-Q16;C:\Program Files\JetBrains\IntelliJ IDEA 2025.3.3\bin;C:\Program Files\Java\jdk-21\bin;C:\xampp\mysql\bin;C:\Program Files\Java\jdk-17\bin;C:\Users\Lenovo\AppData\Roaming\npm;C:\Users\Lenovo\AppData\Local\nvm;C:\nvm4w\nodejs;C:\Users\Lenovo\AppData\Local\Python\bin
USERNAME=Lenovo
OS=Windows_NT
PROCESSOR_IDENTIFIER=Intel64 Family 6 Model 142 Stepping 10, GenuineIntel



---------------  S Y S T E M  ---------------

OS:
 Windows 11 , 64 bit Build 26100 (10.0.26100.8115)
OS uptime: 0 days 3:51 hours
Hyper-V role detected

CPU: total 8 (initial active 8) (4 cores per cpu, 2 threads per core) family 6 model 142 stepping 10 microcode 0xe0, cx8, cmov, fxsr, ht, mmx, 3dnowpref, sse, sse2, sse3, ssse3, sse4.1, sse4.2, popcnt, lzcnt, tsc, tscinvbit, avx, avx2, aes, erms, clmul, bmi1, bmi2, adx, fma, vzeroupper, clflush, clflushopt, hv

Memory: 4k page, system-wide physical 8046M (666M free)
TotalPageFile size 14190M (AvailPageFile size 36M)
current process WorkingSet (physical memory assigned to process): 742M, peak: 742M
current process commit charge ("private bytes"): 799M, peak: 804M

vm_info: Java HotSpot(TM) 64-Bit Server VM (17.0.12+8-LTS-286) for windows-amd64 JRE (17.0.12+8-LTS-286), built on Jun  5 2024 06:46:59 by "mach5one" with MS VC++ 17.6 (VS2022)

END.
